Component: ARM Compiler 5.06 update 1 (build 61) Tool: armlink [4d35a8]

==============================================================================

Section Cross References

    startup_stm32l152xe.o(RESET) refers to startup_stm32l152xe.o(STACK) for __initial_sp
    startup_stm32l152xe.o(RESET) refers to startup_stm32l152xe.o(.text) for Reset_Handler
    startup_stm32l152xe.o(RESET) refers to stm32l1xx_it.o(i.NMI_Handler) for NMI_Handler
    startup_stm32l152xe.o(RESET) refers to stm32l1xx_it.o(i.HardFault_Handler) for HardFault_Handler
    startup_stm32l152xe.o(RESET) refers to stm32l1xx_it.o(i.MemManage_Handler) for MemManage_Handler
    startup_stm32l152xe.o(RESET) refers to stm32l1xx_it.o(i.BusFault_Handler) for BusFault_Handler
    startup_stm32l152xe.o(RESET) refers to stm32l1xx_it.o(i.UsageFault_Handler) for UsageFault_Handler
    startup_stm32l152xe.o(RESET) refers to stm32l1xx_it.o(i.SVC_Handler) for SVC_Handler
    startup_stm32l152xe.o(RESET) refers to stm32l1xx_it.o(i.DebugMon_Handler) for DebugMon_Handler
    startup_stm32l152xe.o(RESET) refers to stm32l1xx_it.o(i.PendSV_Handler) for PendSV_Handler
    startup_stm32l152xe.o(RESET) refers to stm32l1xx_it.o(i.SysTick_Handler) for SysTick_Handler
    startup_stm32l152xe.o(RESET) refers to stm32l1xx_it.o(i.WWDG_IRQHandler) for WWDG_IRQHandler
    startup_stm32l152xe.o(RESET) refers to stm32l1xx_it.o(i.EXTI0_IRQHandler) for EXTI0_IRQHandler
    startup_stm32l152xe.o(RESET) refers to stm32l1xx_it.o(i.EXTI1_IRQHandler) for EXTI1_IRQHandler
    startup_stm32l152xe.o(RESET) refers to stm32l1xx_it.o(i.EXTI2_IRQHandler) for EXTI2_IRQHandler
    startup_stm32l152xe.o(RESET) refers to stm32l1xx_it.o(i.EXTI3_IRQHandler) for EXTI3_IRQHandler
    startup_stm32l152xe.o(RESET) refers to stm32l1xx_it.o(i.EXTI9_5_IRQHandler) for EXTI9_5_IRQHandler
    startup_stm32l152xe.o(RESET) refers to stm32l1xx_it.o(i.TIM2_IRQHandler) for TIM2_IRQHandler
    startup_stm32l152xe.o(RESET) refers to s2lp_util.o(i.TIM3_IRQHandler) for TIM3_IRQHandler
    startup_stm32l152xe.o(RESET) refers to stm32l1xx_it.o(i.USART2_IRQHandler) for USART2_IRQHandler
    startup_stm32l152xe.o(RESET) refers to stm32l1xx_it.o(i.EXTI15_10_IRQHandler) for EXTI15_10_IRQHandler
    startup_stm32l152xe.o(.text) refers to system_stm32l1xx.o(i.SystemInit) for SystemInit
    startup_stm32l152xe.o(.text) refers to entry.o(.ARM.Collect$$$$00000000) for __main
    uip-ds6.o(i.uip_ds6_aaddr_add) refers to uip-ds6.o(i.uip_ds6_list_loop) for uip_ds6_list_loop
    uip-ds6.o(i.uip_ds6_aaddr_add) refers to memmovea.o(.text) for __aeabi_memcpy
    uip-ds6.o(i.uip_ds6_aaddr_add) refers to uip-ds6.o(.data) for locaaddr
    uip-ds6.o(i.uip_ds6_aaddr_add) refers to uip-ds6.o(.bss) for uip_ds6_if
    uip-ds6.o(i.uip_ds6_aaddr_lookup) refers to uip-ds6.o(i.uip_ds6_list_loop) for uip_ds6_list_loop
    uip-ds6.o(i.uip_ds6_aaddr_lookup) refers to uip-ds6.o(.data) for locaaddr
    uip-ds6.o(i.uip_ds6_aaddr_lookup) refers to uip-ds6.o(.bss) for uip_ds6_if
    uip-ds6.o(i.uip_ds6_addr_add) refers to uip-ds6.o(i.uip_ds6_list_loop) for uip_ds6_list_loop
    uip-ds6.o(i.uip_ds6_addr_add) refers to memmovea.o(.text) for __aeabi_memcpy
    uip-ds6.o(i.uip_ds6_addr_add) refers to stimer.o(i.stimer_set) for stimer_set
    uip-ds6.o(i.uip_ds6_addr_add) refers to uip-ds6.o(i.uip_ds6_maddr_add) for uip_ds6_maddr_add
    uip-ds6.o(i.uip_ds6_addr_add) refers to uip-ds6.o(.data) for locaddr
    uip-ds6.o(i.uip_ds6_addr_add) refers to uip-ds6.o(.bss) for uip_ds6_if
    uip-ds6.o(i.uip_ds6_addr_lookup) refers to uip-ds6.o(i.uip_ds6_list_loop) for uip_ds6_list_loop
    uip-ds6.o(i.uip_ds6_addr_lookup) refers to uip-ds6.o(.data) for locaddr
    uip-ds6.o(i.uip_ds6_addr_lookup) refers to uip-ds6.o(.bss) for uip_ds6_if
    uip-ds6.o(i.uip_ds6_addr_rm) refers to uip-ds6.o(i.uip_ds6_maddr_lookup) for uip_ds6_maddr_lookup
    uip-ds6.o(i.uip_ds6_addr_rm) refers to uip-ds6.o(i.uip_ds6_maddr_rm) for uip_ds6_maddr_rm
    uip-ds6.o(i.uip_ds6_addr_rm) refers to uip-ds6.o(.bss) for loc_fipaddr
    uip-ds6.o(i.uip_ds6_addr_rm) refers to uip-ds6.o(.data) for locmaddr
    uip-ds6.o(i.uip_ds6_compute_reachable_time) refers to random.o(i.random_rand) for random_rand
    uip-ds6.o(i.uip_ds6_compute_reachable_time) refers to uip-ds6.o(.bss) for uip_ds6_if
    uip-ds6.o(i.uip_ds6_get_global) refers to uip-ds6.o(.bss) for uip_ds6_if
    uip-ds6.o(i.uip_ds6_get_global) refers to uip-ds6.o(.data) for locaddr
    uip-ds6.o(i.uip_ds6_get_link_local) refers to uip-ds6.o(.bss) for uip_ds6_if
    uip-ds6.o(i.uip_ds6_get_link_local) refers to uip-ds6.o(.data) for locaddr
    uip-ds6.o(i.uip_ds6_init) refers to uip-ds6-nbr.o(i.uip_ds6_neighbors_init) for uip_ds6_neighbors_init
    uip-ds6.o(i.uip_ds6_init) refers to uip-ds6-route.o(i.uip_ds6_route_init) for uip_ds6_route_init
    uip-ds6.o(i.uip_ds6_init) refers to memseta.o(.text) for __aeabi_memclr4
    uip-ds6.o(i.uip_ds6_init) refers to uip-ds6.o(i.uip_ds6_compute_reachable_time) for uip_ds6_compute_reachable_time
[...]
    uip_htons                                0x0800f5b9   Thumb Code    12  uip6.o(i.uip_htons)
    uip_icmp6_error_output                   0x0800f5c5   Thumb Code   428  uip-icmp6.o(i.uip_icmp6_error_output)
    uip_icmp6_init                           0x0800f785   Thumb Code    16  uip-icmp6.o(i.uip_icmp6_init)
    uip_icmp6_input                          0x0800f79d   Thumb Code    38  uip-icmp6.o(i.uip_icmp6_input)
    uip_icmp6_register_input_handler         0x0800f7c5   Thumb Code    16  uip-icmp6.o(i.uip_icmp6_register_input_handler)
    uip_icmp6_send                           0x0800f7d9   Thumb Code   138  uip-icmp6.o(i.uip_icmp6_send)
    uip_icmp6chksum                          0x0800f875   Thumb Code    10  uip6.o(i.uip_icmp6chksum)
    uip_init                                 0x0800f881   Thumb Code    88  uip6.o(i.uip_init)
    uip_nd6_init                             0x0800f8e9   Thumb Code    10  uip-nd6.o(i.uip_nd6_init)
    uip_process                              0x0800f8f9   Thumb Code  4672  uip6.o(i.uip_process)
    uip_tcpchksum                            0x08010b51   Thumb Code    10  uip6.o(i.uip_tcpchksum)
    uip_udpchksum                            0x08010b5b   Thumb Code    10  uip6.o(i.uip_udpchksum)
    uip_unlisten                             0x08010b65   Thumb Code    36  uip6.o(i.uip_unlisten)
    watchdog_init                            0x08011419   Thumb Code     2  watchdog.o(i.watchdog_init)
    watchdog_periodic                        0x0801141b   Thumb Code     2  watchdog.o(i.watchdog_periodic)
    watchdog_start                           0x0801141d   Thumb Code     2  watchdog.o(i.watchdog_start)
    unc_llconf                               0x08011420   Data           4  sicslowpan.o(.constdata)
    unc_ctxconf                              0x08011424   Data           4  sicslowpan.o(.constdata)
    unc_mxconf                               0x08011428   Data           4  sicslowpan.o(.constdata)
    llprefix                                 0x0801142c   Data           2  sicslowpan.o(.constdata)
    sicslowpan_driver                        0x08011434   Data          12  sicslowpan.o(.constdata)
    nullsec_driver                           0x08011440   Data          16  nullsec.o(.constdata)
    PLLMulTable                              0x08011468   Data           9  system_stm32l1xx.o(.constdata)
    AHBPrescTable                            0x08011471   Data          16  system_stm32l1xx.o(.constdata)
    APBPrescTable                            0x08011481   Data           8  system_stm32l1xx.o(.constdata)
    autostart_processes                      0x0801148c   Data           8  serial-sniffer.o(.constdata)
    framer_sniffer_802154                    0x08011494   Data          12  framer-sniffer-802154.o(.constdata)
    nullrdc_driver                           0x080114a0   Data          32  nullrdc.o(.constdata)
    csma_driver                              0x080114c0   Data          28  csma.o(.constdata)
    linkaddr_null                            0x08011590   Data           8  linkaddr.o(.constdata)
    aLED_GPIO_PIN                            0x080115e8   Data           2  radio_shield_config.o(.constdata)
    LED_PIN                                  0x080115ea   Data           2  stm32l1xx_nucleo.o(.constdata)
    BUTTON_PIN                               0x080115ec   Data           2  stm32l1xx_nucleo.o(.constdata)
    BUTTON_IRQn                              0x080115ee   Data           1  stm32l1xx_nucleo.o(.constdata)
    radio_sensor                             0x080115f0   Data          16  radio-sensor.o(.constdata)
    button_sensor                            0x08011600   Data          16  button-sensor.o(.constdata)
    subGHz_radio_driver                      0x08011610   Data          56  radio-driver.o(.constdata)
    Region$$Table$$Base                      0x080116ec   Number         0  anon$$obj.o(Region$$Table)
    Region$$Table$$Limit                     0x0801170c   Number         0  anon$$obj.o(Region$$Table)
    uip_ds6_timer_ra                         0x20000000   Data           8  uip-ds6.o(.data)
    uip_ds6_addr_size                        0x20000008   Data           1  uip-ds6.o(.data)
    uip_ds6_netif_addr_list_offset           0x20000009   Data           1  uip-ds6.o(.data)
    nbr_routes                               0x2000002c   Data           4  uip-ds6-route.o(.data)
    uip_lladdr                               0x20000074   Data           8  uip6.o(.data)
    uip_next_hdr                             0x2000007c   Data           4  uip6.o(.data)
    uip_ext_bitmap                           0x20000080   Data           1  uip6.o(.data)
    uip_ext_len                              0x20000081   Data           1  uip6.o(.data)
    uip_ext_opt_offset                       0x20000082   Data           1  uip6.o(.data)
    uip_appdata                              0x20000084   Data           4  uip6.o(.data)
    uip_sappdata                             0x20000088   Data           4  uip6.o(.data)
    uip_len                                  0x2000008c   Data           2  uip6.o(.data)
    uip_slen                                 0x2000008e   Data           2  uip6.o(.data)
    uip_flags                                0x20000090   Data           1  uip6.o(.data)
    uip_conn                                 0x20000094   Data           4  uip6.o(.data)
    uip_acc32                                0x2000009e   Data           4  uip6.o(.data)
    uip_udp_conn                             0x200000a4   Data           4  uip6.o(.data)
    ds6_neighbors                            0x200000e0   Data           4  uip-ds6-nbr.o(.data)
    uwTick                                   0x20000128   Data           4  stm32l1xx_hal.o(.data)
    tcpip_event                              0x20000138   Data           1  tcpip.o(.data)
    tcpip_process                            0x20000140   Data          16  tcpip.o(.data)
    rpl_parents                              0x20000178   Data           4  rpl-dag.o(.data)
    default_instance                         0x2000017c   Data           4  rpl-dag.o(.data)
    rpl_mrhof                                0x200001bc   Data          36  rpl-mrhof.o(.data)
    sensors_event                            0x200001e0   Data           1  sensors.o(.data)
    sensors_process                          0x200001e4   Data          16  sensors.o(.data)
    SystemCoreClock                          0x200001fc   Data           4  system_stm32l1xx.o(.data)
    sniffer_process                          0x20000200   Data          16  sniffer.o(.data)
    cap_cb                                   0x20000214   Data           4  sniffer.o(.data)
    serial_sniffer_process                   0x2000021c   Data          16  serial-sniffer.o(.data)
    g_xStatus                                0x20000265   Data           2  s2lp_types.o(.data)
    Usart_BaudRate                           0x2000026c   Data           4  stm32l1xx_hal_msp.o(.data)
    linkaddr_node_addr                       0x200002a8   Data           8  linkaddr.o(.data)
    aRADIO_GPIO_PORT                         0x200002cc   Data          20  radio_gpio.o(.data)
    aLED_GPIO_PORT                           0x200002e0   Data           4  radio_shield_config.o(.data)
    lSystickCounter                          0x200002e4   Data           4  radio_timer.o(.data)
    ctimer_process                           0x200002f4   Data          16  ctimer.o(.data)
    process_list                             0x20000304   Data           4  process.o(.data)
    process_current                          0x20000308   Data           4  process.o(.data)
    process_maxevents                        0x2000030f   Data           1  process.o(.data)
    etimer_process                           0x2000031c   Data          16  etimer.o(.data)
    LED_PORT                                 0x2000032c   Data           4  stm32l1xx_nucleo.o(.data)
    BUTTON_PORT                              0x20000330   Data           4  stm32l1xx_nucleo.o(.data)
    SpixTimeout                              0x20000334   Data           4  stm32l1xx_nucleo.o(.data)
    node_id                                  0x20000338   Data           2  node-id.o(.data)
    node_mac                                 0x2000033a   Data           8  node-id.o(.data)
    rtimer_clock                             0x20000348   Data           8  rtimer-arch.o(.data)
    timeout_value                            0x20000350   Data           8  rtimer-arch.o(.data)
    F_CPU                                    0x20000358   Data           4  rtimer-arch.o(.data)
    seconds                                  0x2000035c   Data           4  clock.o(.data)
    ticks                                    0x20000360   Data           4  clock.o(.data)
    sensors                                  0x20000368   Data          12  contiki-st-radio-main.o(.data)
    sensors_flags                            0x20000374   Data           3  contiki-st-radio-main.o(.data)
    procinit                                 0x20000378   Data          12  contiki-st-radio-main.o(.data)
    xGpioIRQ                                 0x20000392   Data           3  radio-driver.o(.data)
    xRadioInit                               0x20000398   Data          20  radio-driver.o(.data)
    xBasicInit                               0x200003ac   Data          16  radio-driver.o(.data)
    rx_timeout                               0x200003bc   Data           1  radio-driver.o(.data)
    xTxDoneFlag                              0x200003bd   Data           1  radio-driver.o(.data)
    cThreholdRxFifoAF                        0x200003be   Data           1  radio-driver.o(.data)
    cThreholdTxFifoAE                        0x200003bf   Data           1  radio-driver.o(.data)
    nTxIndex                                 0x200003c0   Data           2  radio-driver.o(.data)
    nResidualPcktLength                      0x200003c2   Data           2  radio-driver.o(.data)
    nPayloadLength                           0x200003c4   Data           2  radio-driver.o(.data)
    radio_128_data_buffp                     0x200003c8   Data           4  radio-driver.o(.data)
    nRxIndex                                 0x200003cc   Data           2  radio-driver.o(.data)
    cRxDataLen                               0x200003ce   Data           1  radio-driver.o(.data)
    subGHz_radio_process                     0x200003d4   Data          16  radio-driver.o(.data)
    __stdout                                 0x200003f0   Data           4  stdout.o(.data)
    uip_ds6_timer_periodic                   0x200003f4   Data          16  uip-ds6.o(.bss)
    uip_ds6_if                               0x20000404   Data         248  uip-ds6.o(.bss)
    uip_ds6_prefix_list                      0x200004fc   Data          96  uip-ds6.o(.bss)
    uip_aligned_buf                          0x20000c2c   Data        1300  uip6.o(.bss)
    uip_conns                                0x20001140   Data         192  uip6.o(.bss)
    uip_listenports                          0x20001200   Data          16  uip6.o(.bss)
    uip_udp_conns                            0x20001210   Data         384  uip6.o(.bss)
    instance_table                           0x20001d24   Data         340  rpl-dag.o(.bss)
    RtcHandle                                0x20002248   Data          32  cube_hal_l1.o(.bss)
    UART_RxBuffer                            0x20002268   Data         512  stm32l1xx_hal_msp.o(.bss)
    UartHandle                               0x20002468   Data          64  stm32l1xx_hal_msp.o(.bss)
    periodic_timer                           0x200030f8   Data          32  link-stats.o(.bss)
    packetbuf_attrs                          0x20003118   Data          30  packetbuf.o(.bss)
    packetbuf_addrs                          0x20003136   Data          16  packetbuf.o(.bss)
    SpiHandle                                0x20003314   Data          88  radio_spi.o(.bss)
    device_id                                0x20003424   Data          12  node-id.o(.bss)
    htim2                                    0x20003430   Data          56  rtimer-arch.o(.bss)
    __initial_sp                             0x20003c68   Data           0  startup_stm32l152xe.o(STACK)



==============================================================================

Memory Map of the image

  Image Entry point : 0x08000125

  Load Region LR_IROM1 (Base: 0x08000000, Size: 0x00011b00, Max: 0x00080000, ABSOLUTE, COMPRESSED[0x00011890])

    Execution Region ER_IROM1 (Base: 0x08000000, Size: 0x0001170c, Max: 0x00080000, ABSOLUTE)

    Base Addr    Size         Type   Attr      Idx    E Section Name        Object

    0x08000000   0x00000124   Data   RO            3    RESET               startup_stm32l152xe.o
    0x08000124   0x00000000   Code   RO        12243  * .ARM.Collect$$$$00000000  mc_w.l(entry.o)
    0x08000124   0x00000004   Code   RO        12560    .ARM.Collect$$$$00000001  mc_w.l(entry2.o)
    0x08000128   0x00000004   Code   RO        12563    .ARM.Collect$$$$00000004  mc_w.l(entry5.o)
    0x0800012c   0x00000000   Code   RO        12565    .ARM.Collect$$$$00000008  mc_w.l(entry7b.o)
    0x0800012c   0x00000000   Code   RO        12567    .ARM.Collect$$$$0000000A  mc_w.l(entry8b.o)
    0x0800012c   0x00000008   Code   RO        12568    .ARM.Collect$$$$0000000B  mc_w.l(entry9a.o)
    0x08000134   0x00000000   Code   RO        12570    .ARM.Collect$$$$0000000D  mc_w.l(entry10a.o)
    0x08000134   0x00000000   Code   RO        12572    .ARM.Collect$$$$0000000F  mc_w.l(entry11a.o)
    0x08000134   0x00000004   Code   RO        12561    .ARM.Collect$$$$00002712  mc_w.l(entry2.o)
    0x08000138   0x00000024   Code   RO            4    .text               startup_stm32l152xe.o
    0x0800015c   0x00000062   Code   RO        12246    .text               mc_w.l(uldiv.o)
    0x080001be   0x0000001e   Code   RO        12248    .text               mc_w.l(llshl.o)
    0x080001dc   0x00000020   Code   RO        12250    .text               mc_w.l(llushr.o)
    0x080001fc   0x00000024   Code   RO        12254    .text               mc_w.l(rand.o)
    0x08000220   0x00000040   Code   RO        12259    .text               mc_w.l(memmovea.o)
    0x08000260   0x00000024   Code   RO        12261    .text               mc_w.l(memseta.o)
    0x08000284   0x0000001a   Code   RO        12269    .text               mc_w.l(memcmp.o)
    0x0800029e   0x00000064   Code   RO        12544    .text               mf_w.l(fmul.o)
    0x08000302   0x0000007c   Code   RO        12546    .text               mf_w.l(fdiv.o)
    0x0800037e   0x0000014e   Code   RO        12548    .text               mf_w.l(dadd.o)
    0x080004cc   0x00000012   Code   RO        12550    .text               mf_w.l(fflti.o)
    0x080004de   0x00000032   Code   RO        12552    .text               mf_w.l(ffixi.o)
    0x08000510   0x00000026   Code   RO        12554    .text               mf_w.l(f2d.o)
    0x08000536   0x00000002   PAD
    0x08000538   0x00000030   Code   RO        12556    .text               mf_w.l(cdcmple.o)
    0x08000568   0x00000038   Code   RO        12558    .text               mf_w.l(d2f.o)
    0x080005a0   0x00000024   Code   RO        12577    .text               mc_w.l(llsshr.o)
    0x080005c4   0x00000000   Code   RO        12579    .text               mc_w.l(iusefp.o)
    0x080005c4   0x0000006e   Code   RO        12580    .text               mf_w.l(fepilogue.o)
    0x08000632   0x000000ba   Code   RO        12582    .text               mf_w.l(depilogue.o)
    0x080006ec   0x00000024   Code   RO        12592    .text               mc_w.l(init.o)
    0x08000710   0x00000056   Code   RO        12602    .text               mc_w.l(__dczerorl2.o)
    0x08000766   0x00000002   PAD
    0x08000768   0x0000006c   Code   RO        11140    i.BSP_LED_Init      stm32l1xx_nucleo.o
    0x080007d4   0x00000020   Code   RO        11143    i.BSP_LED_Toggle    stm32l1xx_nucleo.o
    0x080007f4   0x00000020   Code   RO        11145    i.BSP_PB_GetState   stm32l1xx_nucleo.o
    0x08000814   0x00000090   Code   RO        11146    i.BSP_PB_Init       stm32l1xx_nucleo.o
    0x080008a4   0x00000004   Code   RO         9663    i.BusFault_Handler  stm32l1xx_it.o
    0x080008a8   0x00000040   Code   RO         9664    i.Contiki_SysTick_Handler  stm32l1xx_it.o
    0x080008e8   0x00000002   Code   RO         9665    i.DebugMon_Handler  stm32l1xx_it.o
    0x080008ea   0x00000002   PAD
    0x080008ec   0x00000020   Code   RO         9666    i.EXTI0_IRQHandler  stm32l1xx_it.o
    0x0800090c   0x0000000c   Code   RO         9667    i.EXTI15_10_IRQHandler  stm32l1xx_it.o
    0x08000918   0x00000018   Code   RO         9668    i.EXTI1_IRQHandler  stm32l1xx_it.o
    0x08000930   0x00000018   Code   RO         9669    i.EXTI2_IRQHandler  stm32l1xx_it.o
    0x08000948   0x00000018   Code   RO         9670    i.EXTI3_IRQHandler  stm32l1xx_it.o
    0x08000960   0x00000002   Code   RO         9671    i.EXTI9_5_IRQHandler  stm32l1xx_it.o
    0x08000962   0x00000042   Code   RO         4626    i.EepromIdentification  s2lp_util.o
    0x080009a4   0x00000074   Code   RO        10394    i.EepromRead        radio_eeprom.o
    0x08000a18   0x00000040   Code   RO        10396    i.EepromSetSrwd     radio_eeprom.o
    0x08000a58   0x0000014c   Code   RO        10397    i.EepromSpiInitialization  radio_eeprom.o
    0x08000ba4   0x00000040   Code   RO        10398    i.EepromStatus      radio_eeprom.o
    0x08000be4   0x0000005c   Code   RO        10399    i.EepromWaitEndWriteOperation  radio_eeprom.o
    0x08000c40   0x00000038   Code   RO        10401    i.EepromWriteEnable  radio_eeprom.o
    0x08000c78   0x00000010   Code   RO         9539    i.Error_Handler     cube_hal_l1.o
    0x08000c88   0x00000014   Code   RO         3575    i.HAL_DBGMCU_EnableDBGStopMode  stm32l1xx_hal.o
    0x08000c9c   0x0000001a   Code   RO         3577    i.HAL_Delay         stm32l1xx_hal.o
    0x08000cb6   0x00000002   PAD
    0x08000cb8   0x00000018   Code   RO         9672    i.HAL_GPIO_EXTI_Callback  stm32l1xx_it.o
    0x08000cd0   0x0000001c   Code   RO         2458    i.HAL_GPIO_EXTI_IRQHandler  stm32l1xx_hal_gpio.o
    0x08000cec   0x000001ec   Code   RO         2459    i.HAL_GPIO_Init     stm32l1xx_hal_gpio.o
    0x08000ed8   0x00000010   Code   RO         2461    i.HAL_GPIO_ReadPin  stm32l1xx_hal_gpio.o
    0x08000ee8   0x00000008   Code   RO         2462    i.HAL_GPIO_TogglePin  stm32l1xx_hal_gpio.o
    0x08000ef0   0x0000000c   Code   RO         2463    i.HAL_GPIO_WritePin  stm32l1xx_hal_gpio.o
    0x08000efc   0x00000008   Code   RO         3579    i.HAL_GetHalVersion  stm32l1xx_hal.o
    0x08000f04   0x0000000c   Code   RO         3581    i.HAL_GetTick       stm32l1xx_hal.o
    0x08000f10   0x00000010   Code   RO         3582    i.HAL_IncTick       stm32l1xx_hal.o
    0x08000f20   0x00000034   Code   RO         3583    i.HAL_Init          stm32l1xx_hal.o
    0x08000f54   0x00000028   Code   RO         3584    i.HAL_InitTick      stm32l1xx_hal.o
    0x08000f7c   0x00000058   Code   RO         9591    i.HAL_MspInit       stm32l1xx_hal_msp.o
    0x08000fd4   0x0000001c   Code   RO         3326    i.HAL_NVIC_DisableIRQ  stm32l1xx_hal_cortex.o
    0x08000ff0   0x0000001a   Code   RO         3327    i.HAL_NVIC_EnableIRQ  stm32l1xx_hal_cortex.o
    0x0800100a   0x0000007c   Code   RO         3333    i.HAL_NVIC_SetPriority  stm32l1xx_hal_cortex.o
    0x08001086   0x00000002   PAD
    0x08001088   0x00000028   Code   RO         3334    i.HAL_NVIC_SetPriorityGrouping  stm32l1xx_hal_cortex.o
    0x080010b0   0x00000204   Code   RO         2768    i.HAL_RCCEx_PeriphCLKConfig  stm32l1xx_hal_rcc_ex.o
    0x080012b4   0x000002e8   Code   RO         3706    i.HAL_RCC_ClockConfig  stm32l1xx_hal_rcc.o
    0x0800159c   0x0000000c   Code   RO         3711    i.HAL_RCC_GetHCLKFreq  stm32l1xx_hal_rcc.o
    0x080015a8   0x0000002c   Code   RO         3713    i.HAL_RCC_GetPCLK1Freq  stm32l1xx_hal_rcc.o
    0x080015d4   0x0000002c   Code   RO         3714    i.HAL_RCC_GetPCLK2Freq  stm32l1xx_hal_rcc.o
    0x08001600   0x000000b4   Code   RO         3715    i.HAL_RCC_GetSysClockFreq  stm32l1xx_hal_rcc.o
    0x080016b4   0x000009c4   Code   RO         3718    i.HAL_RCC_OscConfig  stm32l1xx_hal_rcc.o
    0x08002078   0x000000b4   Code   RO         3468    i.HAL_RTC_Init      stm32l1xx_hal_rtc.o
    0x0800212c   0x00000064   Code   RO         9592    i.HAL_RTC_MspInit   stm32l1xx_hal_msp.o
    0x08002190   0x00000108   Code   RO         3472    i.HAL_RTC_SetDate   stm32l1xx_hal_rtc.o
    0x08002298   0x0000012c   Code   RO         3473    i.HAL_RTC_SetTime   stm32l1xx_hal_rtc.o
    0x080023c4   0x00000044   Code   RO         1975    i.HAL_RTC_WaitForSynchro  stm32l1xx_hal_rtc_ex.o
    0x08002408   0x00000008   Code   RO         2528    i.HAL_SPI_GetState  stm32l1xx_hal_spi.o
    0x08002410   0x00000088   Code   RO         2209    i.HAL_SPI_Init      stm32l1xx_hal_spi_ex.o
    0x08002498   0x00000002   Code   RO         2532    i.HAL_SPI_MspInit   stm32l1xx_hal_spi.o
    0x0800249a   0x0000034c   Code   RO         2539    i.HAL_SPI_TransmitReceive  stm32l1xx_hal_spi.o
    0x080027e6   0x00000028   Code   RO         3336    i.HAL_SYSTICK_CLKSourceConfig  stm32l1xx_hal_cortex.o
    0x0800280e   0x00000034   Code   RO         3338    i.HAL_SYSTICK_Config  stm32l1xx_hal_cortex.o
    0x08002842   0x00000034   Code   RO         3814    i.HAL_TIM_Base_Init  stm32l1xx_hal_tim.o
    0x08002876   0x00000002   PAD
    0x08002878   0x00000040   Code   RO         9594    i.HAL_TIM_Base_MspInit  stm32l1xx_hal_msp.o
    0x080028b8   0x0000001e   Code   RO         3819    i.HAL_TIM_Base_Start_IT  stm32l1xx_hal_tim.o
    0x080028d6   0x00000132   Code   RO         3823    i.HAL_TIM_ConfigClockSource  stm32l1xx_hal_tim.o
    0x08002a08   0x0000000c   Code   RO         4627    i.HAL_TIM_IC_CaptureCallback  s2lp_util.o
    0x08002a14   0x00000152   Code   RO         3856    i.HAL_TIM_IRQHandler  stm32l1xx_hal_tim.o
    0x08002b66   0x00000074   Code   RO         3857    i.HAL_TIM_OC_ConfigChannel  stm32l1xx_hal_tim.o
    0x08002bda   0x00000002   Code   RO         3859    i.HAL_TIM_OC_DelayElapsedCallback  stm32l1xx_hal_tim.o
    0x08002bdc   0x00000034   Code   RO         3861    i.HAL_TIM_OC_Init   stm32l1xx_hal_tim.o
    0x08002c10   0x00000002   Code   RO         3863    i.HAL_TIM_OC_MspInit  stm32l1xx_hal_tim.o
    0x08002c12   0x00000002   Code   RO         3886    i.HAL_TIM_PWM_PulseFinishedCallback  stm32l1xx_hal_tim.o
    0x08002c14   0x00000002   Code   RO         3893    i.HAL_TIM_PeriodElapsedCallback  stm32l1xx_hal_tim.o
    0x08002c16   0x00000002   Code   RO         3897    i.HAL_TIM_TriggerCallback  stm32l1xx_hal_tim.o
    0x08002c18   0x0000006e   Code   RO         3036    i.HAL_UART_Init     stm32l1xx_hal_uart.o
    0x08002c86   0x00000002   PAD
    0x08002c88   0x000000a4   Code   RO         9596    i.HAL_UART_MspInit  stm32l1xx_hal_msp.o
    0x08002d2c   0x00000086   Code   RO         3041    i.HAL_UART_Receive_IT  stm32l1xx_hal_uart.o
    0x08002db2   0x000000f0   Code   RO         3044    i.HAL_UART_Transmit  stm32l1xx_hal_uart.o
    0x08002ea2   0x00000004   Code   RO         9674    i.HardFault_Handler  stm32l1xx_it.o
    0x08002ea6   0x00000002   PAD
    0x08002ea8   0x00000200   Code   RO         9540    i.MX_GPIO_Init      cube_hal_l1.o
    0x080030a8   0x00000004   Code   RO         9675    i.MemManage_Handler  stm32l1xx_it.o
    0x080030ac   0x00000002   Code   RO         9676    i.NMI_Handler       stm32l1xx_it.o
    0x080030ae   0x00000002   PAD
    0x080030b0   0x00000010   Code   RO         3340    i.NVIC_GetPriorityGrouping  stm32l1xx_hal_cortex.o
    0x080030c0   0x00000028   Code   RO         3341    i.NVIC_SetPriority  stm32l1xx_hal_cortex.o
    0x080030e8   0x00000002   Code   RO         9677    i.PendSV_Handler    stm32l1xx_it.o
    0x080030ea   0x00000002   PAD
    0x080030ec   0x000000ac   Code   RO         3719    i.RCC_SetFlashLatencyFromMSIRange  stm32l1xx_hal_rcc.o
    0x08003198   0x00000016   Code   RO         3474    i.RTC_Bcd2ToByte    stm32l1xx_hal_rtc.o
    0x080031ae   0x0000001a   Code   RO         3475    i.RTC_ByteToBcd2    stm32l1xx_hal_rtc.o
    0x080031c8   0x00000034   Code   RO         9541    i.RTC_Config        cube_hal_l1.o
    0x080031fc   0x0000003e   Code   RO         3476    i.RTC_EnterInitMode  stm32l1xx_hal_rtc.o
    0x0800323a   0x00000002   PAD
    0x0800323c   0x00000060   Code   RO         9542    i.RTC_TimeStampConfig  cube_hal_l1.o
    0x0800329c   0x00000014   Code   RO        10481    i.RadioEnterShutdown  radio_gpio.o
    0x080032b0   0x00000028   Code   RO        10482    i.RadioExitShutdown  radio_gpio.o
    0x080032d8   0x0000000c   Code   RO        10402    i.RadioGetHasEeprom  radio_eeprom.o
    0x080032e4   0x0000012c   Code   RO        10484    i.RadioGpioInit     radio_gpio.o
    0x08003410   0x0000003c   Code   RO        10485    i.RadioGpioInterruptCmd  radio_gpio.o
    0x0800344c   0x0000000c   Code   RO        10403    i.RadioSetHasEeprom  radio_eeprom.o
    0x08003458   0x00000050   Code   RO        10544    i.RadioShieldLedInit  radio_shield_config.o
    0x080034a8   0x00000074   Code   RO        10314    i.RadioSpiCommandStrobes  radio_spi.o
    0x0800351c   0x0000014c   Code   RO        10317    i.RadioSpiInit      radio_spi.o
    0x08003668   0x0000008c   Code   RO        10318    i.RadioSpiReadFifo  radio_spi.o
    0x080036f4   0x00000094   Code   RO        10319    i.RadioSpiReadRegisters  radio_spi.o
    0x08003788   0x00000088   Code   RO        10321    i.RadioSpiWriteFifo  radio_spi.o
    0x08003810   0x00000088   Code   RO        10322    i.RadioSpiWriteRegisters  radio_spi.o
    0x08003898   0x00000054   Code   RO        12140    i.Radio_channel_clear  radio-driver.o
    0x080038ec   0x00000158   Code   RO        12141    i.Radio_init        radio-driver.o
    0x08003a44   0x000001d4   Code   RO        12142    i.Radio_interrupt_callback  radio-driver.o
    0x08003c18   0x000000b4   Code   RO        12143    i.Radio_off         radio-driver.o
    0x08003ccc   0x000000c8   Code   RO        12144    i.Radio_on          radio-driver.o
    0x08003d94   0x00000014   Code   RO        12145    i.Radio_pending_packet  radio-driver.o
    0x08003da8   0x000000c0   Code   RO        12146    i.Radio_prepare     radio-driver.o
    0x08003e68   0x00000104   Code   RO        12147    i.Radio_read        radio-driver.o
    0x08003f6c   0x0000000c   Code   RO        12148    i.Radio_receiving_packet  radio-driver.o
    0x08003f78   0x00000050   Code   RO        12149    i.Radio_send        radio-driver.o
    0x08003fc8   0x00000140   Code   RO        12150    i.Radio_transmit    radio-driver.o
    0x08004108   0x0000008c   Code   RO         9372    i.S2LPCmdStrobeCommand  s2lp_commands.o
    0x08004194   0x00000090   Code   RO         8019    i.S2LPFifoReadNumberBytesRxFifo  s2lp_fifo.o
    0x08004224   0x000000ac   Code   RO         8022    i.S2LPFifoSetAlmostEmptyThresholdTx  s2lp_fifo.o
    0x080042d0   0x00000098   Code   RO         9295    i.S2LPGpioInit      s2lp_gpio.o
    0x08004368   0x0000008c   Code   RO         9297    i.S2LPGpioIrqClearStatus  s2lp_gpio.o
    0x080043f4   0x000000d8   Code   RO         9298    i.S2LPGpioIrqConfig  s2lp_gpio.o
    0x080044cc   0x0000009c   Code   RO         9299    i.S2LPGpioIrqDeInit  s2lp_gpio.o
    0x08004568   0x000000a8   Code   RO         9301    i.S2LPGpioIrqGetStatus  s2lp_gpio.o
    0x08004610   0x00000014   Code   RO         4629    i.S2LPManagementComputeXtalFrequency  s2lp_util.o
    0x08004624   0x00000054   Code   RO         4631    i.S2LPManagementEnableTcxo  s2lp_util.o
    0x08004678   0x0000000c   Code   RO         4634    i.S2LPManagementGetOffset  s2lp_util.o
    0x08004684   0x0000000c   Code   RO         4635    i.S2LPManagementGetRangeExtender  s2lp_util.o
    0x08004690   0x000001dc   Code   RO         4637    i.S2LPManagementIdentificationRFBoard  s2lp_util.o
    0x0800486c   0x00000028   Code   RO         4638    i.S2LPManagementRangeExtInit  s2lp_util.o
    0x08004894   0x0000000c   Code   RO         4640    i.S2LPManagementSetBand  s2lp_util.o
    0x080048a0   0x0000000c   Code   RO         4641    i.S2LPManagementSetOffset  s2lp_util.o
    0x080048ac   0x0000000c   Code   RO         4642    i.S2LPManagementSetRangeExtender  s2lp_util.o
    0x080048b8   0x0000000c   Code   RO         4643    i.S2LPManagementSetTcxo  s2lp_util.o
    0x080048c4   0x000000b4   Code   RO         8122    i.S2LPPacketHandlerSetRxPersistentMode  s2lp_packethandler.o
    0x08004978   0x0000009c   Code   RO         7938    i.S2LPPktBasicGetAddressField  s2lp_pktbasic.o
    0x08004a14   0x000000a4   Code   RO         7942    i.S2LPPktBasicGetReceivedPktLength  s2lp_pktbasic.o
    0x08004ab8   0x000001f4   Code   RO         7943    i.S2LPPktBasicInit  s2lp_pktbasic.o
    0x08004cac   0x000000a4   Code   RO         7945    i.S2LPPktBasicSetPayloadLength  s2lp_pktbasic.o
    0x08004d50   0x000000b4   Code   RO         8130    i.S2LPPktCommonFilterOnCrc  s2lp_packethandler.o
    0x08004e04   0x0000000c   Code   RO         8426    i.S2LPPktWMbusSetSubmode  s2lp_pktwmbus.o
    0x08004e10   0x00000094   Code   RO         4645    i.S2LPQiGetLqi      s2lp_util.o
    0x08004ea4   0x00000014   Code   RO         8827    i.S2LPRadioComputeChannelSpacingRegValue  s2lp_radio.o
    0x08004eb8   0x00000058   Code   RO         8828    i.S2LPRadioComputeDatarate  s2lp_radio.o
    0x08004f10   0x00000048   Code   RO         8829    i.S2LPRadioComputeFreqDeviation  s2lp_radio.o
    0x08004f58   0x00000084   Code   RO         8831    i.S2LPRadioComputeIF  s2lp_radio.o
    0x08004fdc   0x00000090   Code   RO         8832    i.S2LPRadioComputeSynthWord  s2lp_radio.o
    0x0800506c   0x0000009c   Code   RO         8838    i.S2LPRadioGetDigDiv  s2lp_radio.o
    0x08005108   0x0000009c   Code   RO         8846    i.S2LPRadioGetRefDiv  s2lp_radio.o
    0x080051a4   0x00000094   Code   RO         8557    i.S2LPRadioGetRssidBm  s2lp_qi.o
    0x08005238   0x00000094   Code   RO         8558    i.S2LPRadioGetRssidBmRun  s2lp_qi.o
    0x080052cc   0x00000224   Code   RO         8850    i.S2LPRadioInit     s2lp_radio.o
    0x080054f0   0x00000124   Code   RO         8851    i.S2LPRadioSearchChannelBwME  s2lp_radio.o
    0x08005614   0x0000011c   Code   RO         8852    i.S2LPRadioSearchDatarateME  s2lp_radio.o
    0x08005730   0x00000140   Code   RO         8853    i.S2LPRadioSearchFreqDevME  s2lp_radio.o
    0x08005870   0x00000078   Code   RO         8854    i.S2LPRadioSearchWCP  s2lp_radio.o
    0x080058e8   0x00000090   Code   RO         8856    i.S2LPRadioSetChannel  s2lp_radio.o
    0x08005978   0x00000098   Code   RO         8858    i.S2LPRadioSetChannelSpace  s2lp_radio.o
    0x08005a10   0x000000b4   Code   RO         8860    i.S2LPRadioSetDigDiv  s2lp_radio.o
    0x08005ac4   0x00000134   Code   RO         8861    i.S2LPRadioSetFrequencyBase  s2lp_radio.o
    0x08005bf8   0x000000ac   Code   RO         8867    i.S2LPRadioSetPALevelMaxIndex  s2lp_radio.o
    0x08005ca4   0x000000ac   Code   RO         8868    i.S2LPRadioSetPALeveldBm  s2lp_radio.o
    0x08005d50   0x00000098   Code   RO         8561    i.S2LPRadioSetRssiThreshdBm  s2lp_qi.o
    0x08005de8   0x0000000c   Code   RO         8875    i.S2LPRadioSetXtalFrequency  s2lp_radio.o
    0x08005df4   0x0000008c   Code   RO         8502    i.S2LPRefreshStatus  s2lp_types.o
    0x08005e80   0x00000090   Code   RO         8639    i.S2LPTimerSetRxTimerCounter  s2lp_timer.o
    0x08005f10   0x00000114   Code   RO         2560    i.SPI_WaitOnFlagUntilTimeout  stm32l1xx_hal_spi.o
    0x08006024   0x00000002   Code   RO         9678    i.SVC_Handler       stm32l1xx_it.o
    0x08006026   0x00000002   PAD
    0x08006028   0x00000038   Code   RO        10592    i.SdkDelayMs        radio_timer.o
    0x08006060   0x000000bc   Code   RO        11867    i.Stack_6LoWPAN_Init  contiki-st-radio-main.o
    0x0800611c   0x0000001c   Code   RO         9679    i.SysTick_Handler   stm32l1xx_it.o
    0x08006138   0x000000a4   Code   RO         9543    i.SystemClock_Config  cube_hal_l1.o
    0x080061dc   0x00000064   Code   RO         7109    i.SystemInit        system_stm32l1xx.o
    0x08006240   0x00000020   Code   RO         9680    i.TIM2_IRQHandler   stm32l1xx_it.o
    0x08006260   0x00000010   Code   RO         4646    i.TIM3_IRQHandler   s2lp_util.o
    0x08006270   0x00000084   Code   RO         3898    i.TIM_Base_SetConfig  stm32l1xx_hal_tim.o
    0x080062f4   0x00000018   Code   RO         3905    i.TIM_ETR_SetConfig  stm32l1xx_hal_tim.o
    0x0800630c   0x00000014   Code   RO         3906    i.TIM_ITRx_SetConfig  stm32l1xx_hal_tim.o
    0x08006320   0x00000036   Code   RO         3907    i.TIM_OC1_SetConfig  stm32l1xx_hal_tim.o
    0x08006356   0x0000003a   Code   RO         3908    i.TIM_OC2_SetConfig  stm32l1xx_hal_tim.o
    0x08006390   0x00000038   Code   RO         3909    i.TIM_OC3_SetConfig  stm32l1xx_hal_tim.o
    0x080063c8   0x0000003a   Code   RO         3910    i.TIM_OC4_SetConfig  stm32l1xx_hal_tim.o
    0x08006402   0x0000002a   Code   RO         3912    i.TIM_TI1_ConfigInputStage  stm32l1xx_hal_tim.o
    0x0800642c   0x0000002c   Code   RO         3914    i.TIM_TI2_ConfigInputStage  stm32l1xx_hal_tim.o
    0x08006458   0x00000358   Code   RO         3056    i.UART_SetConfig    stm32l1xx_hal_uart.o
    0x080067b0   0x000000fa   Code   RO         3058    i.UART_WaitOnFlagUntilTimeout  stm32l1xx_hal_uart.o
    0x080068aa   0x00000002   PAD
    0x080068ac   0x00000088   Code   RO         9681    i.USART2_IRQHandler  stm32l1xx_it.o
    0x08006934   0x00000100   Code   RO         9597    i.USARTConfig       stm32l1xx_hal_msp.o
    0x08006a34   0x00000004   Code   RO         9682    i.UsageFault_Handler  stm32l1xx_it.o
    0x08006a38   0x00000004   Code   RO         9683    i.WWDG_IRQHandler   stm32l1xx_it.o
    0x08006a3c   0x00000020   Code   RO        12490    i.__0printf$8       mc_w.l(printf8.o)
    0x08006a5c   0x0000000e   Code   RO        12596    i.__scatterload_copy  mc_w.l(handlers.o)
    0x08006a6a   0x00000002   Code   RO        12597    i.__scatterload_null  mc_w.l(handlers.o)
    0x08006a6c   0x0000000e   Code   RO        12598    i.__scatterload_zeroinit  mc_w.l(handlers.o)
    0x08006a7a   0x00000002   PAD
    0x08006a7c   0x00000084   Code   RO         9504    i._print_fw_info    main.o
    0x08006b00   0x00000410   Code   RO        12497    i._printf_core      mc_w.l(printf8.o)
    0x08006f10   0x00000024   Code   RO        12498    i._printf_post_padding  mc_w.l(printf8.o)
    0x08006f34   0x0000002e   Code   RO        12499    i._printf_pre_padding  mc_w.l(printf8.o)
    0x08006f62   0x0000003e   Code   RO         5936    i.acceptable_rank   rpl-dag.o
    0x08006fa0   0x0000000c   Code   RO        11499    i.activate          radio-sensor.o
    0x08006fac   0x0000000c   Code   RO        11769    i.activate          button-sensor.o
    0x08006fb8   0x0000000c   Code   RO        11500    i.active            radio-sensor.o
    0x08006fc4   0x0000000c   Code   RO        11770    i.active            button-sensor.o
    0x08006fd0   0x00000180   Code   RO          695    i.add_fragment      sicslowpan.o
    0x08007150   0x0000001a   Code   RO         5937    i.add_nbr_from_dio  rpl-dag.o
    0x0800716a   0x00000002   PAD
    0x0800716c   0x00000048   Code   RO        10886    i.add_timer         etimer.o
    0x080071b4   0x0000003c   Code   RO          696    i.addr_context_lookup_by_number  sicslowpan.o
    0x080071f0   0x00000048   Code   RO          697    i.addr_context_lookup_by_prefix  sicslowpan.o
    0x08007238   0x00000018   Code   RO         7814    i.addr_len          frame802154.o
    0x08007250   0x0000001e   Code   RO        11111    i.autostart_start   autostart.o
    0x0800726e   0x00000002   PAD
    0x08007270   0x00000018   Code   RO         7435    i.backoff_period    csma.o
    0x08007288   0x0000003e   Code   RO         6692    i.best_dag          rpl-mrhof.o
    0x080072c6   0x00000002   PAD
    0x080072c8   0x0000007c   Code   RO         5938    i.best_parent       rpl-dag.o
    0x08007344   0x00000092   Code   RO         6693    i.best_parent       rpl-mrhof.o
    0x080073d6   0x00000002   PAD
    0x080073d8   0x00000050   Code   RO        10790    i.call_process      process.o
    0x08007428   0x00000058   Code   RO          343    i.call_route_callback  uip-ds6-route.o
    0x08007480   0x00000038   Code   RO         7230    i.capture_callback  serial-sniffer.o
    0x080074b8   0x00000004   Code   RO         7348    i.channel_check_interval  nullrdc.o
    0x080074bc   0x00000018   Code   RO         7436    i.channel_check_interval  csma.o
    0x080074d4   0x00000024   Code   RO         5134    i.check_for_tcp_syn  tcpip.o
    0x080074f8   0x00000064   Code   RO         5939    i.check_prefix      rpl-dag.o
    0x0800755c   0x00000046   Code   RO          497    i.chksum            uip6.o
    0x080075a2   0x00000002   PAD
    0x080075a4   0x00000060   Code   RO          698    i.clear_fragments   sicslowpan.o
    0x08007604   0x00000030   Code   RO        11713    i.clock_init        clock.o
    0x08007634   0x0000000c   Code   RO        11714    i.clock_seconds     clock.o
    0x08007640   0x0000000c   Code   RO        11716    i.clock_time        clock.o
    0x0800764c   0x00000018   Code   RO        11717    i.clock_wait        clock.o
    0x08007664   0x0000004c   Code   RO         7437    i.collision         csma.o
    0x080076b0   0x000000a4   Code   RO          699    i.compress_addr_64  sicslowpan.o
    0x08007754   0x000005ec   Code   RO          700    i.compress_hdr_iphc  sicslowpan.o
    0x08007d40   0x00000050   Code   RO          701    i.compress_hdr_ipv6  sicslowpan.o
    0x08007d90   0x0000002c   Code   RO        11501    i.configure         radio-sensor.o
    0x08007dbc   0x0000002c   Code   RO        11771    i.configure         button-sensor.o
    0x08007de8   0x00000098   Code   RO          702    i.copy_frags2uip    sicslowpan.o
    0x08007e80   0x0000000c   Code   RO         7254    i.create            framer-sniffer-802154.o
    0x08007e8c   0x0000013c   Code   RO         7255    i.create_frame      framer-sniffer-802154.o
    0x08007fc8   0x00000024   Code   RO         1276    i.create_llao       uip-nd6.o
    0x08007fec   0x00000028   Code   RO        10643    i.ctimer_init       ctimer.o
    0x08008014   0x0000003c   Code   RO        10644    i.ctimer_reset      ctimer.o
    0x08008050   0x0000003c   Code   RO        10645    i.ctimer_restart    ctimer.o
    0x0800808c   0x00000024   Code   RO        10646    i.ctimer_set        ctimer.o
    0x080080b0   0x0000005c   Code   RO        10647    i.ctimer_set_with_process  ctimer.o
    0x0800810c   0x0000002c   Code   RO        10648    i.ctimer_stop       ctimer.o
    0x08008138   0x00000014   Code   RO         6556    i.dao_ack_input     rpl-icmp6.o
    0x0800814c   0x00000002   Code   RO         6557    i.dao_ack_output    rpl-icmp6.o
    0x0800814e   0x00000002   PAD
    0x08008150   0x00000044   Code   RO         6558    i.dao_input         rpl-icmp6.o
    0x08008194   0x0000036c   Code   RO         6560    i.dao_input_storing  rpl-icmp6.o
    0x08008500   0x00000068   Code   RO         6561    i.dao_output        rpl-icmp6.o
    0x08008568   0x0000001c   Code   RO         6562    i.dao_output_target  rpl-icmp6.o
    0x08008584   0x00000164   Code   RO         6563    i.dao_output_target_seq  rpl-icmp6.o
    0x080086e8   0x0000000c   Code   RO        11502    i.deactivate        radio-sensor.o
    0x080086f4   0x0000000c   Code   RO        11772    i.deactivate        button-sensor.o
    0x08008700   0x00000298   Code   RO         6564    i.dio_input         rpl-icmp6.o
    0x08008998   0x00000280   Code   RO         6565    i.dio_output        rpl-icmp6.o
    0x08008c18   0x00000060   Code   RO         6566    i.dis_input         rpl-icmp6.o
    0x08008c78   0x0000005c   Code   RO         6567    i.dis_output        rpl-icmp6.o
    0x08008cd4   0x000000a4   Code   RO        10791    i.do_event          process.o
    0x08008d78   0x00000034   Code   RO        10792    i.do_poll           process.o
    0x08008dac   0x000000d8   Code   RO         1184    i.echo_reply_input  uip-icmp6.o
    0x08008e84   0x00000100   Code   RO         1185    i.echo_request_input  uip-icmp6.o
    0x08008f84   0x00000002   Code   RO        11054    i.energest_flush    energest.o
    0x08008f86   0x00000002   Code   RO        11055    i.energest_init     energest.o
    0x08008f88   0x0000000a   Code   RO        10888    i.etimer_expiration_time  etimer.o
    0x08008f92   0x0000000e   Code   RO        10889    i.etimer_expired    etimer.o
    0x08008fa0   0x00000014   Code   RO        10891    i.etimer_pending    etimer.o
    0x08008fb4   0x00000010   Code   RO        10892    i.etimer_request_poll  etimer.o
    0x08008fc4   0x00000012   Code   RO        10893    i.etimer_reset      etimer.o
    0x08008fd6   0x00000012   Code   RO        10895    i.etimer_restart    etimer.o
    0x08008fe8   0x00000016   Code   RO        10896    i.etimer_set        etimer.o
    0x08008ffe   0x00000002   PAD
    0x08009000   0x00000044   Code   RO        10898    i.etimer_stop       etimer.o
    0x08009044   0x00000144   Code   RO         5135    i.eventhandler      tcpip.o
    0x08009188   0x000000a0   Code   RO        10793    i.exit_process      process.o
    0x08009228   0x00000124   Code   RO          498    i.ext_hdr_options_process  uip6.o
    0x0800934c   0x00000024   Code   RO         1277    i.extract_lladdr_from_llao_aligned  uip-nd6.o
    0x08009370   0x00000076   Code   RO         7815    i.field_len         frame802154.o
    0x080093e6   0x00000002   PAD
    0x080093e8   0x00000024   Code   RO         5940    i.find_parent_any_dag_any_instance  rpl-dag.o
    0x0800940c   0x00000018   Code   RO         5941    i.find_parent_dag   rpl-dag.o
    0x08009424   0x00000038   Code   RO         5878    i.find_removable_dao  rpl-nbr-policy.o
    0x0800945c   0x00000048   Code   RO         5879    i.find_removable_dio  rpl-nbr-policy.o
    0x080094a4   0x00000024   Code   RO         5880    i.find_removable_dis  rpl-nbr-policy.o
    0x080094c8   0x0000000e   Code   RO        12056    i.fputc             console.o
    0x080094d6   0x000000a4   Code   RO         7817    i.frame802154_create  frame802154.o
    0x0800957a   0x0000005a   Code   RO         7818    i.frame802154_create_fcf  frame802154.o
    0x080095d4   0x000000ba   Code   RO         7821    i.frame802154_has_panid  frame802154.o
    0x0800968e   0x00000032   Code   RO         7822    i.frame802154_hdrlen  frame802154.o
    0x080096c0   0x00000134   Code   RO         7824    i.frame802154_parse  frame802154.o
    0x080097f4   0x00000074   Code   RO         7825    i.frame802154_parse_fcf  frame802154.o
    0x08009868   0x00000070   Code   RO         7438    i.free_packet       csma.o
    0x080098d8   0x0000000e   Code   RO         6568    i.get16             rpl-icmp6.o
    0x080098e6   0x0000001e   Code   RO         6569    i.get32             rpl-icmp6.o
    0x08009904   0x00000042   Code   RO         5942    i.get_dag           rpl-dag.o
    0x08009946   0x00000002   PAD
    0x08009948   0x0000005c   Code   RO         6570    i.get_global_addr   rpl-icmp6.o
    0x080099a4   0x00000052   Code   RO           10    i.get_match_length  uip-ds6.o
    0x080099f6   0x00000002   PAD
    0x080099f8   0x0000003c   Code   RO         6375    i.get_probing_delay  rpl-timers.o
    0x08009a34   0x000000dc   Code   RO         6376    i.get_probing_target  rpl-timers.o
    0x08009b10   0x00000028   Code   RO         7036    i.get_sensor_index  sensors.o
    0x08009b38   0x000000ac   Code   RO         5943    i.global_repair     rpl-dag.o
    0x08009be4   0x0000005c   Code   RO         6377    i.handle_dao_timer  rpl-timers.o
    0x08009c40   0x00000094   Code   RO         6378    i.handle_dio_timer  rpl-timers.o
    0x08009cd4   0x00000014   Code   RO         5881    i.handle_periodic_timer  rpl-nbr-policy.o
    0x08009ce8   0x00000054   Code   RO         6379    i.handle_periodic_timer  rpl-timers.o
    0x08009d3c   0x0000003c   Code   RO         6380    i.handle_probing_timer  rpl-timers.o
    0x08009d78   0x0000001c   Code   RO         6381    i.handle_unicast_dio_timer  rpl-timers.o
    0x08009d94   0x0000000c   Code   RO         7256    i.hdr_length        framer-sniffer-802154.o
    0x08009da0   0x00000018   Code   RO        10175    i.index_from_item   nbr-table.o
    0x08009db8   0x0000001c   Code   RO        10176    i.index_from_key    nbr-table.o
    0x08009dd4   0x00000040   Code   RO        10177    i.index_from_lladdr  nbr-table.o
    0x08009e14   0x00000002   Code   RO         1311    i.init              nullsec.o
    0x08009e16   0x00000008   Code   RO         7349    i.init              nullrdc.o
    0x08009e1e   0x00000002   PAD
    0x08009e20   0x00000024   Code   RO         7439    i.init              csma.o
    0x08009e44   0x00000002   Code   RO        11503    i.init              radio-sensor.o
    0x08009e46   0x0000000c   Code   RO        11773    i.init              button-sensor.o
    0x08009e52   0x00000002   PAD
    0x08009e54   0x0000029c   Code   RO          703    i.input             sicslowpan.o
    0x0800a0f0   0x00000010   Code   RO         1312    i.input             nullsec.o
    0x0800a100   0x00000040   Code   RO         1186    i.input_handler_lookup  uip-icmp6.o
    0x0800a140   0x00000010   Code   RO         7440    i.input_packet      csma.o
    0x0800a150   0x00000114   Code   RO         6888    i.insert_hbh_header  rpl-ext-header.o
    0x0800a264   0x00000026   Code   RO         7257    i.is_broadcast_addr  framer-sniffer-802154.o
    0x0800a28a   0x00000016   Code   RO        10178    i.item_from_index   nbr-table.o
    0x0800a2a0   0x00000018   Code   RO        10179    i.item_from_key     nbr-table.o
    0x0800a2b8   0x0000001c   Code   RO        10180    i.key_from_index    nbr-table.o
    0x0800a2d4   0x00000016   Code   RO        10181    i.key_from_item     nbr-table.o
    0x0800a2ea   0x00000002   PAD
    0x0800a2ec   0x00000014   Code   RO         9943    i.link_stats_from_lladdr  link-stats.o
    0x0800a300   0x0000002c   Code   RO         9944    i.link_stats_init   link-stats.o
    0x0800a32c   0x0000005c   Code   RO         9945    i.link_stats_input_callback  link-stats.o
    0x0800a388   0x00000028   Code   RO         9946    i.link_stats_is_fresh  link-stats.o
    0x0800a3b0   0x00000094   Code   RO         9947    i.link_stats_packet_sent  link-stats.o
    0x0800a444   0x0000001a   Code   RO        10144    i.linkaddr_cmp      linkaddr.o
    0x0800a45e   0x0000000a   Code   RO        10145    i.linkaddr_copy     linkaddr.o
    0x0800a468   0x00000014   Code   RO        10146    i.linkaddr_set_node_addr  linkaddr.o
    0x0800a47c   0x00000024   Code   RO         6958    i.list_add          list.o
    0x0800a4a0   0x00000006   Code   RO         6961    i.list_head         list.o
    0x0800a4a6   0x00000006   Code   RO         6962    i.list_init         list.o
    0x0800a4ac   0x0000000c   Code   RO         6964    i.list_item_next    list.o
    0x0800a4b8   0x00000012   Code   RO         6965    i.list_length       list.o
    0x0800a4ca   0x00000016   Code   RO         6967    i.list_push         list.o
    0x0800a4e0   0x00000034   Code   RO         6968    i.list_remove       list.o
    0x0800a514   0x0000001a   Code   RO         6969    i.list_tail         list.o
    0x0800a52e   0x00000038   Code   RO         5944    i.lollipop_greater_than  rpl-dag.o
    0x0800a566   0x00000030   Code   RO         7610    i.mac_call_sent_callback  mac.o
    0x0800a596   0x0000004c   Code   RO         9505    i.main              main.o
    0x0800a5e2   0x0000002c   Code   RO         6922    i.memb_alloc        memb.o
    0x0800a60e   0x00000038   Code   RO         6923    i.memb_free         memb.o
    0x0800a646   0x0000001c   Code   RO         6924    i.memb_init         memb.o
    0x0800a662   0x00000020   Code   RO         6925    i.memb_inmemb       memb.o
    0x0800a682   0x0000001a   Code   RO         6926    i.memb_numfree      memb.o
    0x0800a69c   0x0000000c   Code   RO         5945    i.nbr_callback      rpl-dag.o
    0x0800a6a8   0x00000034   Code   RO        10182    i.nbr_get_bit       nbr-table.o
    0x0800a6dc   0x00000046   Code   RO        10183    i.nbr_set_bit       nbr-table.o
    0x0800a722   0x00000002   PAD
    0x0800a724   0x00000078   Code   RO        10184    i.nbr_table_add_lladdr  nbr-table.o
    0x0800a79c   0x000000d8   Code   RO        10185    i.nbr_table_allocate  nbr-table.o
    0x0800a874   0x00000034   Code   RO        10186    i.nbr_table_get_from_lladdr  nbr-table.o
    0x0800a8a8   0x0000001a   Code   RO        10187    i.nbr_table_get_lladdr  nbr-table.o
    0x0800a8c2   0x00000002   PAD
    0x0800a8c4   0x0000003c   Code   RO        10188    i.nbr_table_head    nbr-table.o
    0x0800a900   0x00000018   Code   RO        10189    i.nbr_table_lock    nbr-table.o
    0x0800a918   0x0000003c   Code   RO        10190    i.nbr_table_next    nbr-table.o
    0x0800a954   0x00000034   Code   RO        10191    i.nbr_table_register  nbr-table.o
    0x0800a988   0x0000002c   Code   RO        10192    i.nbr_table_remove  nbr-table.o
    0x0800a9b4   0x00000018   Code   RO        10193    i.nbr_table_unlock  nbr-table.o
    0x0800a9cc   0x0000005a   Code   RO        10194    i.nbr_table_update_lladdr  nbr-table.o
    0x0800aa26   0x00000002   PAD
    0x0800aa28   0x00000034   Code   RO         7441    i.neighbor_queue_from_addr  csma.o
    0x0800aa5c   0x00000038   Code   RO         9996    i.netstack_init     netstack.o
    0x0800aa94   0x00000058   Code   RO         6382    i.new_dio_interval  rpl-timers.o
    0x0800aaec   0x0000003a   Code   RO         7442    i.noack             csma.o
    0x0800ab26   0x00000002   PAD
    0x0800ab28   0x0000004c   Code   RO        11442    i.node_id_restore   node-id.o
    0x0800ab74   0x00000324   Code   RO         1278    i.ns_input          uip-nd6.o
    0x0800ae98   0x0000003c   Code   RO         5946    i.nullify_parents   rpl-dag.o
    0x0800aed4   0x0000001c   Code   RO         7350    i.off               nullrdc.o
    0x0800aef0   0x00000014   Code   RO         7443    i.off               csma.o
    0x0800af04   0x00000010   Code   RO         7351    i.on                nullrdc.o
    0x0800af14   0x00000010   Code   RO         7444    i.on                csma.o
    0x0800af24   0x000002bc   Code   RO          704    i.output            sicslowpan.o
    0x0800b1e0   0x00000028   Code   RO         5136    i.packet_input      tcpip.o
    0x0800b208   0x0000003c   Code   RO         7352    i.packet_input      nullrdc.o
    0x0800b244   0x00000030   Code   RO          705    i.packet_sent       sicslowpan.o
    0x0800b274   0x00000092   Code   RO         7445    i.packet_sent       csma.o
    0x0800b306   0x00000002   PAD
    0x0800b308   0x00000014   Code   RO        10008    i.packetbuf_addr    packetbuf.o
    0x0800b31c   0x00000010   Code   RO        10009    i.packetbuf_attr    packetbuf.o
    0x0800b32c   0x00000030   Code   RO        10010    i.packetbuf_attr_clear  packetbuf.o
    0x0800b35c   0x00000024   Code   RO        10011    i.packetbuf_attr_copyfrom  packetbuf.o
    0x0800b380   0x00000024   Code   RO        10012    i.packetbuf_attr_copyto  packetbuf.o
    0x0800b3a4   0x00000024   Code   RO        10013    i.packetbuf_clear   packetbuf.o
    0x0800b3c8   0x00000034   Code   RO        10015    i.packetbuf_copyfrom  packetbuf.o
    0x0800b3fc   0x00000054   Code   RO        10016    i.packetbuf_copyto  packetbuf.o
    0x0800b450   0x0000000c   Code   RO        10017    i.packetbuf_datalen  packetbuf.o
    0x0800b45c   0x00000014   Code   RO        10018    i.packetbuf_dataptr  packetbuf.o
    0x0800b470   0x00000048   Code   RO        10019    i.packetbuf_hdralloc  packetbuf.o
    0x0800b4b8   0x00000018   Code   RO        10020    i.packetbuf_hdrlen  packetbuf.o
    0x0800b4d0   0x0000000c   Code   RO        10021    i.packetbuf_hdrptr  packetbuf.o
    0x0800b4dc   0x00000030   Code   RO        10022    i.packetbuf_hdrreduce  packetbuf.o
    0x0800b50c   0x00000014   Code   RO        10023    i.packetbuf_holds_broadcast  packetbuf.o
    0x0800b520   0x00000020   Code   RO        10025    i.packetbuf_set_addr  packetbuf.o
    0x0800b540   0x00000010   Code   RO        10026    i.packetbuf_set_attr  packetbuf.o
    0x0800b550   0x0000000c   Code   RO        10027    i.packetbuf_set_datalen  packetbuf.o
    0x0800b55c   0x00000012   Code   RO        10028    i.packetbuf_totlen  packetbuf.o
    0x0800b56e   0x0000001a   Code   RO         6694    i.parent_has_usable_link  rpl-mrhof.o
    0x0800b588   0x00000028   Code   RO         6695    i.parent_is_acceptable  rpl-mrhof.o
    0x0800b5b0   0x00000018   Code   RO         6696    i.parent_link_metric  rpl-mrhof.o
    0x0800b5c8   0x0000003a   Code   RO         6697    i.parent_path_cost  rpl-mrhof.o
    0x0800b602   0x000000a6   Code   RO         7258    i.parse             framer-sniffer-802154.o
    0x0800b6a8   0x00000068   Code   RO         7142    i.pcap_prepare      sniffer.o
    0x0800b710   0x00000038   Code   RO         9948    i.periodic          link-stats.o
    0x0800b748   0x00000030   Code   RO         7143    i.pollhandler       sniffer.o
    0x0800b778   0x00000050   Code   RO         6571    i.prepare_for_dao_fwd  rpl-icmp6.o
    0x0800b7c8   0x000005e8   Code   RO        11868    i.print_parameters  contiki-st-radio-main.o
    0x0800bdb0   0x00000014   Code   RO        10794    i.process_alloc_event  process.o
    0x0800bdc4   0x00000038   Code   RO        10796    i.process_init      process.o
    0x0800bdfc   0x0000000e   Code   RO        10797    i.process_is_running  process.o
    0x0800be0a   0x00000002   PAD
    0x0800be0c   0x0000001c   Code   RO        10799    i.process_poll      process.o
    0x0800be28   0x0000007c   Code   RO        10800    i.process_post      process.o
    0x0800bea4   0x00000024   Code   RO        10801    i.process_post_synch  process.o
    0x0800bec8   0x00000024   Code   RO        10802    i.process_run       process.o
    0x0800beec   0x00000040   Code   RO        10803    i.process_start     process.o
    0x0800bf2c   0x000000b4   Code   RO        10649    i.process_thread_ctimer_process  ctimer.o
    0x0800bfe0   0x000000e4   Code   RO        10899    i.process_thread_etimer_process  etimer.o
    0x0800c0c4   0x0000012c   Code   RO         7037    i.process_thread_sensors_process  sensors.o
    0x0800c1f0   0x0000002c   Code   RO         7231    i.process_thread_serial_sniffer_process  serial-sniffer.o
    0x0800c21c   0x00000048   Code   RO         7144    i.process_thread_sniffer_process  sniffer.o
    0x0800c264   0x000000e0   Code   RO        12151    i.process_thread_subGHz_radio_process  radio-driver.o
    0x0800c344   0x0000008c   Code   RO         5137    i.process_thread_tcpip_process  tcpip.o
    0x0800c3d0   0x00000018   Code   RO         9810    i.queuebuf_attr     queuebuf.o
    0x0800c3e8   0x00000028   Code   RO         9814    i.queuebuf_free     queuebuf.o
    0x0800c410   0x00000018   Code   RO         9815    i.queuebuf_init     queuebuf.o
    0x0800c428   0x00000006   Code   RO         9816    i.queuebuf_load_to_ram  queuebuf.o
    0x0800c42e   0x00000002   PAD
    0x0800c430   0x00000048   Code   RO         9817    i.queuebuf_new_from_packetbuf  queuebuf.o
    0x0800c478   0x00000010   Code   RO         9818    i.queuebuf_numfree  queuebuf.o
    0x0800c488   0x00000034   Code   RO         9819    i.queuebuf_to_packetbuf  queuebuf.o
    0x0800c4bc   0x0000001a   Code   RO         9820    i.queuebuf_update_attr_from_packetbuf  queuebuf.o
    0x0800c4d6   0x00000002   PAD
    0x0800c4d8   0x000000a4   Code   RO        11468    i.radio_arch_refresh_status  radio-arch.o
    0x0800c57c   0x00000118   Code   RO        12152    i.radio_printstatus  radio-driver.o
    0x0800c694   0x0000011c   Code   RO        12153    i.radio_set_ready_state  radio-driver.o
    0x0800c7b0   0x0000000c   Code   RO        12154    i.radio_strobe      radio-driver.o
    0x0800c7bc   0x0000000c   Code   RO         7084    i.random_init       random.o
    0x0800c7c8   0x0000000a   Code   RO         7085    i.random_rand       random.o
    0x0800c7d2   0x0000005e   Code   RO         6698    i.rank_via_parent   rpl-mrhof.o
    0x0800c830   0x0000007c   Code   RO          499    i.remove_ext_hdr    uip6.o
    0x0800c8ac   0x00000074   Code   RO        10195    i.remove_key        nbr-table.o
    0x0800c920   0x0000003c   Code   RO         5947    i.remove_parents    rpl-dag.o
    0x0800c95c   0x00000002   Code   RO         6699    i.reset             rpl-mrhof.o
    0x0800c95e   0x00000014   Code   RO         7446    i.rexmit            csma.o
    0x0800c972   0x00000002   PAD
    0x0800c974   0x00000038   Code   RO          344    i.rm_routelist      uip-ds6-route.o
    0x0800c9ac   0x0000000c   Code   RO          345    i.rm_routelist_callback  uip-ds6-route.o
    0x0800c9b8   0x0000010e   Code   RO         5948    i.rpl_add_dag       rpl-dag.o
    0x0800cac6   0x00000002   PAD
    0x0800cac8   0x00000040   Code   RO         5949    i.rpl_add_parent    rpl-dag.o
    0x0800cb08   0x00000054   Code   RO         6307    i.rpl_add_route     rpl.o
    0x0800cb5c   0x00000054   Code   RO         5950    i.rpl_alloc_dag     rpl-dag.o
    0x0800cbb0   0x00000044   Code   RO         5951    i.rpl_alloc_instance  rpl-dag.o
    0x0800cbf4   0x00000018   Code   RO         5952    i.rpl_dag_init      rpl-dag.o
    0x0800cc0c   0x00000028   Code   RO         5953    i.rpl_find_of       rpl-dag.o
    0x0800cc34   0x0000001e   Code   RO         5954    i.rpl_find_parent   rpl-dag.o
    0x0800cc52   0x00000024   Code   RO         5955    i.rpl_find_parent_any_dag  rpl-dag.o
    0x0800cc76   0x00000042   Code   RO         5956    i.rpl_free_dag      rpl-dag.o
    0x0800ccb8   0x00000048   Code   RO         5958    i.rpl_get_any_dag   rpl-dag.o
    0x0800cd00   0x00000098   Code   RO         5959    i.rpl_get_dag       rpl-dag.o
    0x0800cd98   0x0000004c   Code   RO         5961    i.rpl_get_instance  rpl-dag.o
    0x0800cde4   0x0000000c   Code   RO         6308    i.rpl_get_mode      rpl.o
    0x0800cdf0   0x00000018   Code   RO         5963    i.rpl_get_parent    rpl-dag.o
    0x0800ce08   0x00000014   Code   RO         5964    i.rpl_get_parent_ipaddr  rpl-dag.o
    0x0800ce1c   0x00000014   Code   RO         5966    i.rpl_get_parent_link_stats  rpl-dag.o
    0x0800ce30   0x00000014   Code   RO         5967    i.rpl_get_parent_lladdr  rpl-dag.o
    0x0800ce44   0x0000002c   Code   RO         6572    i.rpl_icmp6_register_handlers  rpl-icmp6.o
    0x0800ce70   0x00000034   Code   RO         6573    i.rpl_icmp6_update_nbr_table  rpl-icmp6.o
    0x0800cea4   0x00000050   Code   RO         6309    i.rpl_init          rpl.o
    0x0800cef4   0x00000040   Code   RO         6310    i.rpl_ipv6_neighbor_callback  rpl.o
    0x0800cf34   0x00000134   Code   RO         5970    i.rpl_join_instance  rpl-dag.o
    0x0800d068   0x00000070   Code   RO         6311    i.rpl_link_neighbor_callback  rpl.o
    0x0800d0d8   0x0000007a   Code   RO         5971    i.rpl_local_repair  rpl-dag.o
    0x0800d152   0x00000064   Code   RO         5972    i.rpl_move_parent   rpl-dag.o
    0x0800d1b6   0x00000002   PAD
    0x0800d1b8   0x00000038   Code   RO         5882    i.rpl_nbr_policy_find_removable  rpl-nbr-policy.o
    0x0800d1f0   0x0000005a   Code   RO         5973    i.rpl_nullify_parent  rpl-dag.o
    0x0800d24a   0x00000014   Code   RO         5974    i.rpl_parent_is_fresh  rpl-dag.o
    0x0800d25e   0x0000003a   Code   RO         5975    i.rpl_parent_is_reachable  rpl-dag.o
    0x0800d298   0x0000023a   Code   RO         5977    i.rpl_process_dio   rpl-dag.o
    0x0800d4d2   0x0000007e   Code   RO         5978    i.rpl_process_parent_event  rpl-dag.o
    0x0800d550   0x00000070   Code   RO         6312    i.rpl_purge_dags    rpl.o
    0x0800d5c0   0x00000080   Code   RO         6313    i.rpl_purge_routes  rpl.o
    0x0800d640   0x0000002c   Code   RO         5979    i.rpl_rank_via_parent  rpl-dag.o
    0x0800d66c   0x00000048   Code   RO         5980    i.rpl_recalculate_ranks  rpl-dag.o
    0x0800d6b4   0x000000f8   Code   RO         6889    i.rpl_remove_header  rpl-ext-header.o
    0x0800d7ac   0x0000001c   Code   RO         5981    i.rpl_remove_parent  rpl-dag.o
    0x0800d7c8   0x0000002e   Code   RO         6314    i.rpl_remove_routes  rpl.o
    0x0800d7f6   0x0000003c   Code   RO         6315    i.rpl_remove_routes_by_nexthop  rpl.o
    0x0800d832   0x00000074   Code   RO         5982    i.rpl_repair_root   rpl-dag.o
    0x0800d8a6   0x00000024   Code   RO         6384    i.rpl_reset_dio_timer  rpl-timers.o
    0x0800d8ca   0x00000002   PAD
    0x0800d8cc   0x00000038   Code   RO         6385    i.rpl_reset_periodic_timer  rpl-timers.o
    0x0800d904   0x00000010   Code   RO         6386    i.rpl_schedule_dao  rpl-timers.o
    0x0800d914   0x00000020   Code   RO         6388    i.rpl_schedule_probing  rpl-timers.o
    0x0800d934   0x00000018   Code   RO         6389    i.rpl_schedule_unicast_dio_immediately  rpl-timers.o
    0x0800d94c   0x0000018e   Code   RO         5983    i.rpl_select_dag    rpl-dag.o
    0x0800dada   0x00000062   Code   RO         5984    i.rpl_select_parent  rpl-dag.o
    0x0800db3c   0x00000036   Code   RO         5986    i.rpl_set_default_route  rpl-dag.o
    0x0800db72   0x00000002   PAD
    0x0800db74   0x0000002c   Code   RO         5987    i.rpl_set_preferred_parent  rpl-dag.o
    0x0800dba0   0x00000068   Code   RO         5988    i.rpl_set_prefix    rpl-dag.o
    0x0800dc08   0x00000090   Code   RO         6890    i.rpl_update_header  rpl-ext-header.o
    0x0800dc98   0x00000188   Code   RO         6891    i.rpl_verify_hbh_header  rpl-ext-header.o
    0x0800de20   0x000000b4   Code   RO        11655    i.rtimer_arch_init  rtimer-arch.o
    0x0800ded4   0x0000000c   Code   RO        11656    i.rtimer_arch_now   rtimer-arch.o
    0x0800dee0   0x00000008   Code   RO        11084    i.rtimer_init       rtimer.o
    0x0800dee8   0x00000058   Code   RO         6390    i.schedule_dao      rpl-timers.o
    0x0800df40   0x00000048   Code   RO         7447    i.schedule_transmission  csma.o
    0x0800df88   0x00000020   Code   RO         1313    i.send              nullsec.o
    0x0800dfa8   0x00000034   Code   RO         7353    i.send_list         nullrdc.o
    0x0800dfdc   0x00000078   Code   RO         7354    i.send_one_packet   nullrdc.o
    0x0800e054   0x00000024   Code   RO          708    i.send_packet       sicslowpan.o
    0x0800e078   0x00000010   Code   RO         7355    i.send_packet       nullrdc.o
    0x0800e088   0x00000144   Code   RO         7448    i.send_packet       csma.o
    0x0800e1cc   0x00000028   Code   RO         7038    i.sensors_changed   sensors.o
    0x0800e1f4   0x00000012   Code   RO         6574    i.set16             rpl-icmp6.o
    0x0800e206   0x00000026   Code   RO         6575    i.set32             rpl-icmp6.o
    0x0800e22c   0x00000050   Code   RO         6391    i.set_dao_lifetime_timer  rpl-timers.o
    0x0800e27c   0x00000030   Code   RO         5990    i.set_ip_from_prefix  rpl-dag.o
    0x0800e2ac   0x00000064   Code   RO          709    i.set_packet_attrs  sicslowpan.o
    0x0800e310   0x00000020   Code   RO        11869    i.set_rime_addr     contiki-st-radio-main.o
    0x0800e330   0x0000002c   Code   RO         5991    i.should_refresh_routes  rpl-dag.o
    0x0800e35c   0x0000003c   Code   RO          711    i.sicslowpan_init   sicslowpan.o
    0x0800e398   0x0000002c   Code   RO         7146    i.sniffer_init      sniffer.o
    0x0800e3c4   0x00000060   Code   RO         7147    i.sniffer_input     sniffer.o
    0x0800e424   0x0000004c   Code   RO         7148    i.sniffer_output    sniffer.o
    0x0800e470   0x0000002c   Code   RO         7149    i.sniffer_start     sniffer.o
    0x0800e49c   0x00000020   Code   RO         7150    i.sniffer_stop      sniffer.o
    0x0800e4bc   0x00000018   Code   RO         5138    i.start_periodic_tcp_timer  tcpip.o
    0x0800e4d4   0x00000012   Code   RO        11504    i.status            radio-sensor.o
    0x0800e4e6   0x00000012   Code   RO        11774    i.status            button-sensor.o
    0x0800e4f8   0x00000020   Code   RO        10700    i.stimer_expired    stimer.o
    0x0800e518   0x00000010   Code   RO        10704    i.stimer_set        stimer.o
    0x0800e528   0x000000b4   Code   RO          712    i.store_fragment    sicslowpan.o
    0x0800e5dc   0x00000024   Code   RO         5143    i.tcpip_input       tcpip.o
    0x0800e600   0x00000124   Code   RO         5144    i.tcpip_ipv6_output  tcpip.o
    0x0800e724   0x00000020   Code   RO         5145    i.tcpip_output      tcpip.o
    0x0800e744   0x0000000c   Code   RO         5148    i.tcpip_set_outputfunc  tcpip.o
    0x0800e750   0x0000007c   Code   RO         5149    i.tcpip_uipcall     tcpip.o
    0x0800e7cc   0x00000050   Code   RO          713    i.timeout_fragments  sicslowpan.o
    0x0800e81c   0x0000001c   Code   RO        10741    i.timer_expired     timer.o
    0x0800e838   0x0000000a   Code   RO        10743    i.timer_reset       timer.o
    0x0800e842   0x0000000c   Code   RO        10744    i.timer_restart     timer.o
    0x0800e84e   0x00000010   Code   RO        10745    i.timer_set         timer.o
    0x0800e85e   0x00000002   PAD
    0x0800e860   0x0000002c   Code   RO         7449    i.transmit_packet_list  csma.o
    0x0800e88c   0x00000048   Code   RO         7450    i.tx_done           csma.o
    0x0800e8d4   0x00000022   Code   RO         7451    i.tx_ok             csma.o
    0x0800e8f6   0x00000002   PAD
    0x0800e8f8   0x00000018   Code   RO        12058    i.uart_send_char    console.o
    0x0800e910   0x00000070   Code   RO          500    i.uip_add32         uip6.o
    0x0800e980   0x00000044   Code   RO          501    i.uip_add_rcv_nxt   uip6.o
    0x0800e9c4   0x000000bc   Code   RO         5845    i.uip_debug_ipaddr_print  uip-debug.o
    0x0800ea80   0x000000a4   Code   RO           14    i.uip_ds6_addr_add  uip-ds6.o
    0x0800eb24   0x0000002c   Code   RO           15    i.uip_ds6_addr_lookup  uip-ds6.o
    0x0800eb50   0x00000050   Code   RO           16    i.uip_ds6_addr_rm   uip-ds6.o
    0x0800eba0   0x0000003c   Code   RO           17    i.uip_ds6_compute_reachable_time  uip-ds6.o
    0x0800ebdc   0x00000060   Code   RO          346    i.uip_ds6_defrt_add  uip-ds6-route.o
    0x0800ec3c   0x00000038   Code   RO          347    i.uip_ds6_defrt_choose  uip-ds6-route.o
    0x0800ec74   0x00000034   Code   RO          349    i.uip_ds6_defrt_lookup  uip-ds6-route.o
    0x0800eca8   0x00000040   Code   RO          350    i.uip_ds6_defrt_periodic  uip-ds6-route.o
    0x0800ece8   0x0000004c   Code   RO          351    i.uip_ds6_defrt_rm  uip-ds6-route.o
    0x0800ed34   0x0000005c   Code   RO           19    i.uip_ds6_get_link_local  uip-ds6.o
    0x0800ed90   0x000000f4   Code   RO           20    i.uip_ds6_init      uip-ds6.o
    0x0800ee84   0x00000050   Code   RO           21    i.uip_ds6_is_addr_onlink  uip-ds6.o
    0x0800eed4   0x00000038   Code   RO         1019    i.uip_ds6_link_neighbor_callback  uip-ds6-nbr.o
    0x0800ef0c   0x0000004a   Code   RO           22    i.uip_ds6_list_loop  uip-ds6.o
    0x0800ef56   0x00000002   PAD
    0x0800ef58   0x00000044   Code   RO           23    i.uip_ds6_maddr_add  uip-ds6.o
    0x0800ef9c   0x0000002c   Code   RO           24    i.uip_ds6_maddr_lookup  uip-ds6.o
    0x0800efc8   0x00000008   Code   RO           25    i.uip_ds6_maddr_rm  uip-ds6.o
    0x0800efd0   0x00000044   Code   RO         1020    i.uip_ds6_nbr_add   uip-ds6-nbr.o
    0x0800f014   0x00000014   Code   RO         1022    i.uip_ds6_nbr_get_ll  uip-ds6-nbr.o
    0x0800f028   0x00000016   Code   RO         1023    i.uip_ds6_nbr_ipaddr_from_lladdr  uip-ds6-nbr.o
    0x0800f03e   0x00000002   PAD
    0x0800f040   0x00000014   Code   RO         1024    i.uip_ds6_nbr_ll_lookup  uip-ds6-nbr.o
    0x0800f054   0x0000001a   Code   RO         1025    i.uip_ds6_nbr_lladdr_from_ipaddr  uip-ds6-nbr.o
    0x0800f06e   0x00000002   PAD
    0x0800f070   0x0000003c   Code   RO         1026    i.uip_ds6_nbr_lookup  uip-ds6-nbr.o
    0x0800f0ac   0x00000020   Code   RO         1028    i.uip_ds6_nbr_rm    uip-ds6-nbr.o
    0x0800f0cc   0x0000001c   Code   RO         1029    i.uip_ds6_neighbors_init  uip-ds6-nbr.o
    0x0800f0e8   0x0000005c   Code   RO           26    i.uip_ds6_periodic  uip-ds6.o
    0x0800f144   0x00000070   Code   RO           27    i.uip_ds6_prefix_add  uip-ds6.o
    0x0800f1b4   0x00000124   Code   RO          354    i.uip_ds6_route_add  uip-ds6-route.o
    0x0800f2d8   0x00000010   Code   RO          355    i.uip_ds6_route_head  uip-ds6-route.o
    0x0800f2e8   0x00000050   Code   RO          356    i.uip_ds6_route_init  uip-ds6-route.o
    0x0800f338   0x0000002c   Code   RO          357    i.uip_ds6_route_is_nexthop  uip-ds6-route.o
    0x0800f364   0x00000074   Code   RO          358    i.uip_ds6_route_lookup  uip-ds6-route.o
    0x0800f3d8   0x00000016   Code   RO          359    i.uip_ds6_route_next  uip-ds6-route.o
    0x0800f3ee   0x00000018   Code   RO          360    i.uip_ds6_route_nexthop  uip-ds6-route.o
    0x0800f406   0x00000002   PAD
    0x0800f408   0x0000001c   Code   RO          361    i.uip_ds6_route_nexthop_lladdr  uip-ds6-route.o
    0x0800f424   0x0000000c   Code   RO          362    i.uip_ds6_route_num_routes  uip-ds6-route.o
    0x0800f430   0x000000a4   Code   RO          363    i.uip_ds6_route_rm  uip-ds6-route.o
    0x0800f4d4   0x000000b8   Code   RO           30    i.uip_ds6_select_src  uip-ds6.o
    0x0800f58c   0x00000012   Code   RO           31    i.uip_ds6_set_addr_iid  uip-ds6.o
    0x0800f59e   0x0000001a   Code   RO          504    i.uip_htonl         uip6.o
    0x0800f5b8   0x0000000c   Code   RO          505    i.uip_htons         uip6.o
    0x0800f5c4   0x000001c0   Code   RO         1189    i.uip_icmp6_error_output  uip-icmp6.o
    0x0800f784   0x00000018   Code   RO         1190    i.uip_icmp6_init    uip-icmp6.o
    0x0800f79c   0x00000026   Code   RO         1191    i.uip_icmp6_input   uip-icmp6.o
    0x0800f7c2   0x00000002   PAD
    0x0800f7c4   0x00000014   Code   RO         1192    i.uip_icmp6_register_input_handler  uip-icmp6.o
    0x0800f7d8   0x0000009c   Code   RO         1193    i.uip_icmp6_send    uip-icmp6.o
    0x0800f874   0x0000000a   Code   RO          506    i.uip_icmp6chksum   uip6.o
    0x0800f87e   0x00000002   PAD
    0x0800f880   0x00000068   Code   RO          507    i.uip_init          uip6.o
    0x0800f8e8   0x00000010   Code   RO         1279    i.uip_nd6_init      uip-nd6.o
    0x0800f8f8   0x00001258   Code   RO          509    i.uip_process       uip6.o
    0x08010b50   0x0000000a   Code   RO          511    i.uip_tcpchksum     uip6.o
    0x08010b5a   0x0000000a   Code   RO          513    i.uip_udpchksum     uip6.o
    0x08010b64   0x00000028   Code   RO          514    i.uip_unlisten      uip6.o
    0x08010b8c   0x00000090   Code   RO          714    i.uncompress_addr   sicslowpan.o
    0x08010c1c   0x00000444   Code   RO          715    i.uncompress_hdr_iphc  sicslowpan.o
    0x08011060   0x0000016c   Code   RO         6892    i.update_hbh_header  rpl-ext-header.o
    0x080111cc   0x00000006   Code   RO         6700    i.update_metric_container  rpl-mrhof.o
    0x080111d2   0x00000002   PAD
    0x080111d4   0x0000011c   Code   RO         5883    i.update_nbr        rpl-nbr-policy.o
    0x080112f0   0x00000050   Code   RO        10900    i.update_time       etimer.o
    0x08011340   0x00000060   Code   RO          515    i.upper_layer_chksum  uip6.o
    0x080113a0   0x0000006c   Code   RO        11505    i.value             radio-sensor.o
    0x0801140c   0x0000000c   Code   RO        11775    i.value             button-sensor.o
    0x08011418   0x00000002   Code   RO        11828    i.watchdog_init     watchdog.o
    0x0801141a   0x00000002   Code   RO        11829    i.watchdog_periodic  watchdog.o
    0x0801141c   0x00000002   Code   RO        11831    i.watchdog_start    watchdog.o
    0x0801141e   0x00000002   PAD
    0x08011420   0x00000020   Data   RO          717    .constdata          sicslowpan.o
    0x08011440   0x00000010   Data   RO         1314    .constdata          nullsec.o
    0x08011450   0x00000014   Data   RO         4648    .constdata          s2lp_util.o
    0x08011464   0x00000004   Data   RO         5993    .constdata          rpl-dag.o
    0x08011468   0x00000021   Data   RO         7110    .constdata          system_stm32l1xx.o
    0x08011489   0x00000003   PAD
    0x0801148c   0x00000008   Data   RO         7232    .constdata          serial-sniffer.o
    0x08011494   0x0000000c   Data   RO         7259    .constdata          framer-sniffer-802154.o
    0x080114a0   0x00000020   Data   RO         7356    .constdata          nullrdc.o
    0x080114c0   0x0000001c   Data   RO         7453    .constdata          csma.o
    0x080114dc   0x000000b4   Data   RO         8877    .constdata          s2lp_radio.o
    0x08011590   0x00000008   Data   RO        10147    .constdata          linkaddr.o
    0x08011598   0x00000008   Data   RO        10324    .constdata          radio_spi.o
    0x080115a0   0x00000048   Data   RO        10487    .constdata          radio_gpio.o
    0x080115e8   0x00000002   Data   RO        10548    .constdata          radio_shield_config.o
    0x080115ea   0x00000005   Data   RO        11164    .constdata          stm32l1xx_nucleo.o
    0x080115ef   0x00000001   PAD
    0x080115f0   0x00000010   Data   RO        11506    .constdata          radio-sensor.o
    0x08011600   0x00000010   Data   RO        11776    .constdata          button-sensor.o
    0x08011610   0x00000038   Data   RO        12156    .constdata          radio-driver.o
    0x08011648   0x0000000b   Data   RO          718    .conststring        sicslowpan.o
    0x08011653   0x00000001   PAD
    0x08011654   0x00000008   Data   RO         1315    .conststring        nullsec.o
    0x0801165c   0x0000000d   Data   RO         5154    .conststring        tcpip.o
    0x08011669   0x00000003   PAD
    0x0801166c   0x00000008   Data   RO         7042    .conststring        sensors.o
    0x08011674   0x00000010   Data   RO         7152    .conststring        sniffer.o
    0x08011684   0x00000017   Data   RO         7233    .conststring        serial-sniffer.o
    0x0801169b   0x00000001   PAD
    0x0801169c   0x00000008   Data   RO         7357    .conststring        nullrdc.o
    0x080116a4   0x00000005   Data   RO         7454    .conststring        csma.o
    0x080116a9   0x00000003   PAD
    0x080116ac   0x0000000f   Data   RO        10650    .conststring        ctimer.o
    0x080116bb   0x00000001   PAD
    0x080116bc   0x0000000c   Data   RO        10901    .conststring        etimer.o
    0x080116c8   0x00000006   Data   RO        11507    .conststring        radio-sensor.o
    0x080116ce   0x00000002   PAD
    0x080116d0   0x00000007   Data   RO        11777    .conststring        button-sensor.o
    0x080116d7   0x00000001   PAD
    0x080116d8   0x00000014   Data   RO        12157    .conststring        radio-driver.o
    0x080116ec   0x00000020   Data   RO        12594    Region$$Table       anon$$obj.o


    Execution Region RW_IRAM1 (Base: 0x20000000, Size: 0x00003c68, Max: 0x00014000, ABSOLUTE, COMPRESSED[0x00000184])

    Base Addr    Size         Type   Attr      Idx    E Section Name        Object

    0x20000000   0x0000001c   Data   RW           33    .data               uip-ds6.o
    0x2000001c   0x00000058   Data   RW          366    .data               uip-ds6-route.o
    0x20000074   0x00000034   Data   RW          517    .data               uip6.o
    0x200000a8   0x00000028   Data   RW          719    .data               sicslowpan.o
    0x200000d0   0x00000014   Data   RW         1031    .data               uip-ds6-nbr.o
    0x200000e4   0x00000028   Data   RW         1195    .data               uip-icmp6.o
    0x2000010c   0x0000001c   Data   RW         1280    .data               uip-nd6.o
    0x20000128   0x00000004   Data   RW         3589    .data               stm32l1xx_hal.o
    0x2000012c   0x0000000a   Data   RW         4649    .data               s2lp_util.o
    0x20000136   0x00000002   PAD
    0x20000138   0x00000018   Data   RW         5155    .data               tcpip.o
    0x20000150   0x00000018   Data   RW         5885    .data               rpl-nbr-policy.o
    0x20000168   0x00000018   Data   RW         5994    .data               rpl-dag.o
    0x20000180   0x00000001   Data   RW         6317    .data               rpl.o
    0x20000181   0x00000001   PAD
    0x20000182   0x00000003   Data   RW         6393    .data               rpl-timers.o
    0x20000185   0x00000003   PAD
    0x20000188   0x00000034   Data   RW         6576    .data               rpl-icmp6.o
    0x200001bc   0x00000024   Data   RW         6701    .data               rpl-mrhof.o
    0x200001e0   0x0000001c   Data   RW         7043    .data               sensors.o
    0x200001fc   0x00000004   Data   RW         7111    .data               system_stm32l1xx.o
    0x20000200   0x0000001a   Data   RW         7153    .data               sniffer.o
    0x2000021a   0x00000002   PAD
    0x2000021c   0x00000010   Data   RW         7234    .data               serial-sniffer.o
    0x2000022c   0x00000002   Data   RW         7260    .data               framer-sniffer-802154.o
    0x2000022e   0x00000002   PAD
    0x20000230   0x00000034   Data   RW         7455    .data               csma.o
    0x20000264   0x00000001   Data   RW         8427    .data               s2lp_pktwmbus.o
    0x20000265   0x00000002   Data   RW         8503    .data               s2lp_types.o
    0x20000267   0x00000001   PAD
    0x20000268   0x00000004   Data   RW         8878    .data               s2lp_radio.o
    0x2000026c   0x00000004   Data   RW         9599    .data               stm32l1xx_hal_msp.o
    0x20000270   0x00000018   Data   RW         9823    .data               queuebuf.o
    0x20000288   0x00000014   Data   RW         9950    .data               link-stats.o
    0x2000029c   0x0000000c   Data   RW        10030    .data               packetbuf.o
    0x200002a8   0x00000008   Data   RW        10148    .data               linkaddr.o
    0x200002b0   0x00000018   Data   RW        10197    .data               nbr-table.o
    0x200002c8   0x00000001   Data   RW        10405    .data               radio_eeprom.o
    0x200002c9   0x00000003   PAD
    0x200002cc   0x00000014   Data   RW        10488    .data               radio_gpio.o
    0x200002e0   0x00000004   Data   RW        10549    .data               radio_shield_config.o
    0x200002e4   0x00000004   Data   RW        10595    .data               radio_timer.o
    0x200002e8   0x0000001c   Data   RW        10651    .data               ctimer.o
    0x20000304   0x0000000d   Data   RW        10805    .data               process.o
    0x20000311   0x00000003   PAD
    0x20000314   0x00000018   Data   RW        10902    .data               etimer.o
    0x2000032c   0x0000000c   Data   RW        11165    .data               stm32l1xx_nucleo.o
    0x20000338   0x0000000a   Data   RW        11444    .data               node-id.o
    0x20000342   0x00000002   PAD
    0x20000344   0x00000004   Data   RW        11508    .data               radio-sensor.o
    0x20000348   0x00000014   Data   RW        11659    .data               rtimer-arch.o
    0x2000035c   0x00000008   Data   RW        11718    .data               clock.o
    0x20000364   0x00000004   Data   RW        11778    .data               button-sensor.o
    0x20000368   0x0000001c   Data   RW        11870    .data               contiki-st-radio-main.o
    0x20000384   0x00000068   Data   RW        12158    .data               radio-driver.o
    0x200003ec   0x00000004   Data   RW        12255    .data               mc_w.l(rand.o)
    0x200003f0   0x00000004   Data   RW        12574    .data               mc_w.l(stdout.o)
    0x200003f4   0x00000178   Zero   RW           32    .bss                uip-ds6.o
    0x2000056c   0x000006c0   Zero   RW          365    .bss                uip-ds6-route.o
    0x20000c2c   0x00000764   Zero   RW          516    .bss                uip6.o
    0x20001390   0x000006d0   Zero   RW          716    .bss                sicslowpan.o
    0x20001a60   0x00000168   Zero   RW         1030    .bss                uip-ds6-nbr.o
    0x20001bc8   0x00000010   Zero   RW         1194    .bss                uip-icmp6.o
    0x20001bd8   0x00000038   Zero   RW         4647    .bss                s2lp_util.o
    0x20001c10   0x00000054   Zero   RW         5153    .bss                tcpip.o
    0x20001c64   0x00000020   Zero   RW         5884    .bss                rpl-nbr-policy.o
    0x20001c84   0x000001f4   Zero   RW         5992    .bss                rpl-dag.o
    0x20001e78   0x00000020   Zero   RW         6392    .bss                rpl-timers.o
    0x20001e98   0x000001a0   Zero   RW         7151    .bss                sniffer.o
    0x20002038   0x00000210   Zero   RW         7452    .bss                csma.o
    0x20002248   0x00000020   Zero   RW         9544    .bss                cube_hal_l1.o
    0x20002268   0x00000240   Zero   RW         9598    .bss                stm32l1xx_hal_msp.o
    0x200024a8   0x00000b60   Zero   RW         9822    .bss                queuebuf.o
    0x20003008   0x00000110   Zero   RW         9949    .bss                link-stats.o
    0x20003118   0x000000b0   Zero   RW        10029    .bss                packetbuf.o
    0x200031c8   0x0000014c   Zero   RW        10196    .bss                nbr-table.o
    0x20003314   0x00000058   Zero   RW        10323    .bss                radio_spi.o
    0x2000336c   0x00000058   Zero   RW        10404    .bss                radio_eeprom.o
    0x200033c4   0x00000060   Zero   RW        10804    .bss                process.o
    0x20003424   0x0000000c   Zero   RW        11443    .bss                node-id.o
    0x20003430   0x00000038   Zero   RW        11658    .bss                rtimer-arch.o
    0x20003468   0x00000400   Zero   RW        12155    .bss                radio-driver.o
    0x20003868   0x00000400   Zero   RW            1    STACK               startup_stm32l152xe.o


==============================================================================

Image component sizes


      Code (inc. data)   RO Data    RW Data    ZI Data      Debug   Object Name

        30          0          0          0          0       1322   autostart.o
       122         14         23          4          0       5656   button-sensor.o
        96         22          0          8          0       3955   clock.o
        38          4          0          0          0       1425   console.o
      1732       1076          0         28          0      26087   contiki-st-radio-main.o
      1146        106         33         52        528      16622   csma.o
       512         90         15         28          0       6872   ctimer.o
       840         48          0          0         32       4267   cube_hal_l1.o
         4          0          0          0          0       1233   energest.o
       566         42         12         24          0       9933   etimer.o
      1056          4          0          0          0       8035   frame802154.o
       544         14         12          2          0       4824   framer-sniffer-802154.o
       400         48          0         20        272       6379   link-stats.o
        56          6          8          8          0       3935   linkaddr.o
       178          0          0          0          0       6460   list.o
        48          0          0          0          0        889   mac.o
       208         78          0          0          0       1135   main.o
       186          0          0          0          0       4486   memb.o
      1218        104          0         24        332      19294   nbr-table.o
        56         22          0          0          0        660   netstack.o
        76         18          0         10         12       1987   node-id.o
       304         38         40          0          0       7069   nullrdc.o
        50         12         24          0          0       4921   nullsec.o
       614        146          0         12        176      15001   packetbuf.o
       834        110          0         13         96      13084   process.o
       260         34          0         24       2912       7191   queuebuf.o
       164         10          0          0          0       1580   radio-arch.o
      2960        440         76        104       1024      16013   radio-driver.o
       208         22         22          4          0       7067   radio-sensor.o
       748         86          0          1         88       7380   radio_eeprom.o
       420         44         72         20          0       4428   radio_gpio.o
        80         12          2          4          0       1816   radio_shield_config.o
      1008         84          8          0         88       7040   radio_spi.o
        56          6          0          4          0       1643   radio_timer.o
        22          0          0          0          0       1376   random.o
      4308         90          4         24        500      52144   rpl-dag.o
      1424         58          0          0          0       6592   rpl-ext-header.o
      3314        126          0         52          0      30516   rpl-icmp6.o
       458          0          0         36          0       8280   rpl-mrhof.o
       524         76          0         24         32      17020   rpl-nbr-policy.o
      1112         72          0          3         32      37563   rpl-timers.o
       698         30          0          1          0       8435   rpl.o
       192         18          0         20         56       5305   rtimer-arch.o
         8          0          0          0          0        634   rtimer.o
       140          6          0          0          0        739   s2lp_commands.o
       316          8          0          0          0       1504   s2lp_fifo.o
       832         26          0          0          0       8107   s2lp_gpio.o
       360          8          0          0          0       1590   s2lp_packethandler.o
       984         16          0          0          0       4147   s2lp_pktbasic.o
        12          6          0          1          0       1057   s2lp_pktwmbus.o
       448         18          0          0          0       2183   s2lp_qi.o
      3472        162        180          4          0      20369   s2lp_radio.o
       144          6          0          0          0        717   s2lp_timer.o
       140          4          0          2          0       2984   s2lp_types.o
       934        108         20         10         56      34154   s2lp_util.o
       380         44          8         28          0       4850   sensors.o
       100         38         31         16          0       2473   serial-sniffer.o
      5632        284         43         40       1744      62618   sicslowpan.o
       516         92         16         26        416       9804   sniffer.o
        36          8        292          0       1024        900   startup_stm32l152xe.o
        48          0          0          0          0       2238   stimer.o
       174         28          0          4          0       5838   stm32l1xx_hal.o
       366         28          0          0          0      30375   stm32l1xx_hal_cortex.o
         0          0          0          0          0     464172   stm32l1xx_hal_flash_ex.o
       556         46          0          0          0       4851   stm32l1xx_hal_gpio.o
       672         46          0          4        576       4786   stm32l1xx_hal_msp.o
      3696        106          0          0          0       8004   stm32l1xx_hal_rcc.o
       516         14          0          0          0       1740   stm32l1xx_hal_rcc_ex.o
       854         14          0          0          0       5749   stm32l1xx_hal_rtc.o
        68          0          0          0          0       1409   stm32l1xx_hal_rtc_ex.o
      1130          0          0          0          0       4551   stm32l1xx_hal_spi.o
       136          0          0          0          0       1339   stm32l1xx_hal_spi_ex.o
      1392         24          0          0          0      16355   stm32l1xx_hal_tim.o
      1590          6          0          0          0       5294   stm32l1xx_hal_uart.o
       430         50          0          0          0      13269   stm32l1xx_it.o
       316         54          5         12          0       4742   stm32l1xx_nucleo.o
       100         18         33          4          0       1831   system_stm32l1xx.o
      1060        128         13         24         84      32631   tcpip.o
        66          0          0          0          0       3466   timer.o
       188         50          0          0          0       1553   uip-debug.o
       332         40          0         20        360      31150   uip-ds6-nbr.o
      1298        148          0         88       1728      23090   uip-ds6-route.o
      1446        132          0         28        376      57302   uip-ds6.o
      1222         94          0         40         16      24690   uip-icmp6.o
       892         46          0         28          0       6999   uip-nd6.o
      5670        284          0         52       1892      33312   uip6.o
         6          0          0          0          0       1845   watchdog.o

    ----------------------------------------------------------------------
     67642       5400       1040       1004      14452    1348331   Object Totals
         0          0         32          0          0          0   (incl. Generated)
        94          0         16         19          0          0   (incl. Padding)

    ----------------------------------------------------------------------

      Code (inc. data)   RO Data    RW Data    ZI Data      Debug   Library Member Name

        86          0          0          0          0          0   __dczerorl2.o
         0          0          0          0          0          0   entry.o
         0          0          0          0          0          0   entry10a.o
         0          0          0          0          0          0   entry11a.o
         8          4          0          0          0          0   entry2.o
         4          0          0          0          0          0   entry5.o
         0          0          0          0          0          0   entry7b.o
         0          0          0          0          0          0   entry8b.o
         8          4          0          0          0          0   entry9a.o
        30          0          0          0          0          0   handlers.o
        36          8          0          0          0         68   init.o
         0          0          0          0          0          0   iusefp.o
        30          0          0          0          0         68   llshl.o
        36          0          0          0          0         68   llsshr.o
        32          0          0          0          0         68   llushr.o
        26          0          0          0          0         80   memcmp.o
        64          0          0          0          0         76   memmovea.o
        36          0          0          0          0        108   memseta.o
      1154         54          0          0          0        352   printf8.o
        36         10          0          4          0        136   rand.o
         0          0          0          4          0          0   stdout.o
        98          0          0          0          0         92   uldiv.o
        48          0          0          0          0         68   cdcmple.o
        56          0          0          0          0         88   d2f.o
       334          0          0          0          0        148   dadd.o
       186          0          0          0          0        176   depilogue.o
        38          0          0          0          0         68   f2d.o
       124          0          0          0          0         88   fdiv.o
       110          0          0          0          0        168   fepilogue.o
        50          0          0          0          0         68   ffixi.o
        18          0          0          0          0         68   fflti.o
       100          0          0          0          0         76   fmul.o

    ----------------------------------------------------------------------
      2754         80          0          8          0       2132   Library Totals
         6          0          0          0          0          0   (incl. Padding)

    ----------------------------------------------------------------------

      Code (inc. data)   RO Data    RW Data    ZI Data      Debug   Library Name

      1684         80          0          8          0       1116   mc_w.l
      1064          0          0          0          0       1016   mf_w.l

    ----------------------------------------------------------------------
      2754         80          0          8          0       2132   Library Totals

    ----------------------------------------------------------------------

==============================================================================


      Code (inc. data)   RO Data    RW Data    ZI Data      Debug   

     70396       5480       1040       1012      14452    1318871   Grand Totals
     70396       5480       1040        388      14452    1318871   ELF Image Totals (compressed)
     70396       5480       1040        388          0          0   ROM Totals

==============================================================================

    Total RO  Size (Code + RO Data)                71436 (  69.76kB)
    Total RW  Size (RW Data + ZI Data)             15464 (  15.10kB)
    Total ROM Size (Code + RO Data + RW Data)      71824 (  70.14kB)

==============================================================================

