Component: ARM Compiler 5.06 update 1 (build 61) Tool: armlink [4d35a8]

==============================================================================

Section Cross References

    startup_stm32l152xe.o(RESET) refers to startup_stm32l152xe.o(STACK) for __initial_sp
    startup_stm32l152xe.o(RESET) refers to startup_stm32l152xe.o(.text) for Reset_Handler
    startup_stm32l152xe.o(RESET) refers to stm32l1xx_it.o(i.NMI_Handler) for NMI_Handler
    startup_stm32l152xe.o(RESET) refers to stm32l1xx_it.o(i.HardFault_Handler) for HardFault_Handler
    startup_stm32l152xe.o(RESET) refers to stm32l1xx_it.o(i.MemManage_Handler) for MemManage_Handler
    startup_stm32l152xe.o(RESET) refers to stm32l1xx_it.o(i.BusFault_Handler) for BusFault_Handler
    startup_stm32l152xe.o(RESET) refers to stm32l1xx_it.o(i.UsageFault_Handler) for UsageFault_Handler
    startup_stm32l152xe.o(RESET) refers to stm32l1xx_it.o(i.SVC_Handler) for SVC_Handler
    startup_stm32l152xe.o(RESET) refers to stm32l1xx_it.o(i.DebugMon_Handler) for DebugMon_Handler
    startup_stm32l152xe.o(RESET) refers to stm32l1xx_it.o(i.PendSV_Handler) for PendSV_Handler
    startup_stm32l152xe.o(RESET) refers to stm32l1xx_it.o(i.SysTick_Handler) for SysTick_Handler
    startup_stm32l152xe.o(RESET) refers to stm32l1xx_it.o(i.WWDG_IRQHandler) for WWDG_IRQHandler
    startup_stm32l152xe.o(RESET) refers to stm32l1xx_it.o(i.RTC_WKUP_IRQHandler) for RTC_WKUP_IRQHandler
    startup_stm32l152xe.o(RESET) refers to stm32l1xx_it.o(i.EXTI0_IRQHandler) for EXTI0_IRQHandler
    startup_stm32l152xe.o(RESET) refers to stm32l1xx_it.o(i.EXTI1_IRQHandler) for EXTI1_IRQHandler
    startup_stm32l152xe.o(RESET) refers to stm32l1xx_it.o(i.EXTI2_IRQHandler) for EXTI2_IRQHandler
    startup_stm32l152xe.o(RESET) refers to stm32l1xx_it.o(i.EXTI3_IRQHandler) for EXTI3_IRQHandler
    startup_stm32l152xe.o(RESET) refers to stm32l1xx_it.o(i.DMA1_Channel6_IRQHandler) for DMA1_Channel6_IRQHandler
    startup_stm32l152xe.o(RESET) refers to stm32l1xx_it.o(i.DMA1_Channel7_IRQHandler) for DMA1_Channel7_IRQHandler
    startup_stm32l152xe.o(RESET) refers to stm32l1xx_it.o(i.EXTI9_5_IRQHandler) for EXTI9_5_IRQHandler
    startup_stm32l152xe.o(RESET) refers to stm32l1xx_it.o(i.TIM2_IRQHandler) for TIM2_IRQHandler
    startup_stm32l152xe.o(RESET) refers to stm32l1xx_it.o(i.I2C1_EV_IRQHandler) for I2C1_EV_IRQHandler
    startup_stm32l152xe.o(RESET) refers to stm32l1xx_it.o(i.I2C1_ER_IRQHandler) for I2C1_ER_IRQHandler
    startup_stm32l152xe.o(RESET) refers to stm32l1xx_it.o(i.USART2_IRQHandler) for USART2_IRQHandler
    startup_stm32l152xe.o(RESET) refers to stm32l1xx_it.o(i.EXTI15_10_IRQHandler) for EXTI15_10_IRQHandler
    startup_stm32l152xe.o(.text) refers to system_stm32l1xx.o(i.SystemInit) for SystemInit
    startup_stm32l152xe.o(.text) refers to entry.o(.ARM.Collect$$$$00000000) for __main
    uip-ds6.o(i.uip_ds6_aaddr_add) refers to uip-ds6.o(i.uip_ds6_list_loop) for uip_ds6_list_loop
    uip-ds6.o(i.uip_ds6_aaddr_add) refers to memmovea.o(.text) for __aeabi_memcpy
    uip-ds6.o(i.uip_ds6_aaddr_add) refers to uip-ds6.o(.data) for locaaddr
    uip-ds6.o(i.uip_ds6_aaddr_add) refers to uip-ds6.o(.bss) for uip_ds6_if
    uip-ds6.o(i.uip_ds6_aaddr_lookup) refers to uip-ds6.o(i.uip_ds6_list_loop) for uip_ds6_list_loop
    uip-ds6.o(i.uip_ds6_aaddr_lookup) refers to uip-ds6.o(.data) for locaaddr
    uip-ds6.o(i.uip_ds6_aaddr_lookup) refers to uip-ds6.o(.bss) for uip_ds6_if
    uip-ds6.o(i.uip_ds6_addr_add) refers to uip-ds6.o(i.uip_ds6_list_loop) for uip_ds6_list_loop
    uip-ds6.o(i.uip_ds6_addr_add) refers to memmovea.o(.text) for __aeabi_memcpy
    uip-ds6.o(i.uip_ds6_addr_add) refers to stimer.o(i.stimer_set) for stimer_set
    uip-ds6.o(i.uip_ds6_addr_add) refers to uip-ds6.o(i.uip_ds6_maddr_add) for uip_ds6_maddr_add
    uip-ds6.o(i.uip_ds6_addr_add) refers to uip-ds6.o(.data) for locaddr
    uip-ds6.o(i.uip_ds6_addr_add) refers to uip-ds6.o(.bss) for uip_ds6_if
    uip-ds6.o(i.uip_ds6_addr_lookup) refers to uip-ds6.o(i.uip_ds6_list_loop) for uip_ds6_list_loop
    uip-ds6.o(i.uip_ds6_addr_lookup) refers to uip-ds6.o(.data) for locaddr
    uip-ds6.o(i.uip_ds6_addr_lookup) refers to uip-ds6.o(.bss) for uip_ds6_if
    uip-ds6.o(i.uip_ds6_addr_rm) refers to uip-ds6.o(i.uip_ds6_maddr_lookup) for uip_ds6_maddr_lookup
    uip-ds6.o(i.uip_ds6_addr_rm) refers to uip-ds6.o(i.uip_ds6_maddr_rm) for uip_ds6_maddr_rm
    uip-ds6.o(i.uip_ds6_addr_rm) refers to uip-ds6.o(.bss) for loc_fipaddr
    uip-ds6.o(i.uip_ds6_addr_rm) refers to uip-ds6.o(.data) for locmaddr
    uip-ds6.o(i.uip_ds6_compute_reachable_time) refers to random.o(i.random_rand) for random_rand
    uip-ds6.o(i.uip_ds6_compute_reachable_time) refers to uip-ds6.o(.bss) for uip_ds6_if
    uip-ds6.o(i.uip_ds6_get_global) refers to uip-ds6.o(.bss) for uip_ds6_if
    uip-ds6.o(i.uip_ds6_get_global) refers to uip-ds6.o(.data) for locaddr
    uip-ds6.o(i.uip_ds6_get_link_local) refers to uip-ds6.o(.bss) for uip_ds6_if
[...]
    xBasicInit                               0x20000424   Data          16  radio-driver.o(.data)
    rx_timeout                               0x20000434   Data           1  radio-driver.o(.data)
    xTxDoneFlag                              0x20000435   Data           1  radio-driver.o(.data)
    cThreholdRxFifoAF                        0x20000436   Data           1  radio-driver.o(.data)
    cThreholdTxFifoAE                        0x20000437   Data           1  radio-driver.o(.data)
    nTxIndex                                 0x20000438   Data           2  radio-driver.o(.data)
    nResidualPcktLength                      0x2000043a   Data           2  radio-driver.o(.data)
    nPayloadLength                           0x2000043c   Data           2  radio-driver.o(.data)
    radio_128_data_buffp                     0x20000440   Data           4  radio-driver.o(.data)
    nRxIndex                                 0x20000444   Data           2  radio-driver.o(.data)
    cRxDataLen                               0x20000446   Data           1  radio-driver.o(.data)
    subGHz_radio_process                     0x2000044c   Data          16  radio-driver.o(.data)
    __stdout                                 0x20000468   Data           4  stdout.o(.data)
    uip_ds6_timer_periodic                   0x2000046c   Data          16  uip-ds6.o(.bss)
    uip_ds6_if                               0x2000047c   Data         248  uip-ds6.o(.bss)
    uip_ds6_prefix_list                      0x20000574   Data          96  uip-ds6.o(.bss)
    uip_aligned_buf                          0x20000ca4   Data        1300  uip6.o(.bss)
    uip_conns                                0x200011b8   Data         192  uip6.o(.bss)
    uip_listenports                          0x20001278   Data          16  uip6.o(.bss)
    uip_udp_conns                            0x20001288   Data         384  uip6.o(.bss)
    instance_table                           0x20002278   Data         340  rpl-dag.o(.bss)
    pSpiHandle                               0x200023ec   Data          88  radio_spi.o(.bss)
    hadc                                     0x20002884   Data          84  main.o(.bss)
    hdma_adc                                 0x200028d8   Data          68  main.o(.bss)
    sensor_data                              0x20002960   Data          16  unicast-sender.o(.bss)
    data_buffer                              0x20002970   Data         120  unicast-sender.o(.bss)
    pkt                                      0x200029e8   Data          25  unicast-sender.o(.bss)
    hwwdg                                    0x20002a04   Data          20  unicast-sender.o(.bss)
    I2cHandle                                0x20002a48   Data          84  cube_hal_l1.o(.bss)
    hiwdg                                    0x20002a9c   Data          12  cube_hal_l1.o(.bss)
    RtcHandle                                0x20002aa8   Data          32  cube_hal_l1.o(.bss)
    UART_RxBuffer                            0x20002ac8   Data         512  stm32l1xx_hal_msp.o(.bss)
    htim3                                    0x20002cc8   Data          56  stm32l1xx_hal_msp.o(.bss)
    UartHandle                               0x20002d00   Data          64  stm32l1xx_hal_msp.o(.bss)
    periodic_timer                           0x20003aa0   Data          32  link-stats.o(.bss)
    packetbuf_attrs                          0x20003ac0   Data          30  packetbuf.o(.bss)
    packetbuf_addrs                          0x20003ade   Data          16  packetbuf.o(.bss)
    device_id                                0x20003d1c   Data          12  node-id.o(.bss)
    htim2                                    0x20003d28   Data          56  rtimer-arch.o(.bss)
    __initial_sp                             0x200041c8   Data           0  startup_stm32l152xe.o(STACK)



==============================================================================

Memory Map of the image

  Image Entry point : 0x08000125

  Load Region LR_IROM1 (Base: 0x08000000, Size: 0x00016b74, Max: 0x00080000, ABSOLUTE, COMPRESSED[0x000168d0])

    Execution Region ER_IROM1 (Base: 0x08000000, Size: 0x00016708, Max: 0x00080000, ABSOLUTE)

    Base Addr    Size         Type   Attr      Idx    E Section Name        Object

    0x08000000   0x00000124   Data   RO            3    RESET               startup_stm32l152xe.o
    0x08000124   0x00000000   Code   RO        13166  * .ARM.Collect$$$$00000000  mc_w.l(entry.o)
    0x08000124   0x00000004   Code   RO        13544    .ARM.Collect$$$$00000001  mc_w.l(entry2.o)
    0x08000128   0x00000004   Code   RO        13547    .ARM.Collect$$$$00000004  mc_w.l(entry5.o)
    0x0800012c   0x00000000   Code   RO        13549    .ARM.Collect$$$$00000008  mc_w.l(entry7b.o)
    0x0800012c   0x00000000   Code   RO        13551    .ARM.Collect$$$$0000000A  mc_w.l(entry8b.o)
    0x0800012c   0x00000008   Code   RO        13552    .ARM.Collect$$$$0000000B  mc_w.l(entry9a.o)
    0x08000134   0x00000000   Code   RO        13554    .ARM.Collect$$$$0000000D  mc_w.l(entry10a.o)
    0x08000134   0x00000000   Code   RO        13556    .ARM.Collect$$$$0000000F  mc_w.l(entry11a.o)
    0x08000134   0x00000004   Code   RO        13545    .ARM.Collect$$$$00002712  mc_w.l(entry2.o)
    0x08000138   0x00000024   Code   RO            4    .text               startup_stm32l152xe.o
    0x0800015c   0x00000062   Code   RO        13169    .text               mc_w.l(uldiv.o)
    0x080001be   0x00000002   PAD
    0x080001c0   0x00000024   Code   RO        13173    .text               mc_w.l(rand.o)
    0x080001e4   0x00000040   Code   RO        13178    .text               mc_w.l(memmovea.o)
    0x08000224   0x00000024   Code   RO        13180    .text               mc_w.l(memseta.o)
    0x08000248   0x0000001a   Code   RO        13188    .text               mc_w.l(memcmp.o)
    0x08000262   0x000000b0   Code   RO        13463    .text               mf_w.l(fadd.o)
    0x08000312   0x00000064   Code   RO        13465    .text               mf_w.l(fmul.o)
    0x08000376   0x0000007c   Code   RO        13467    .text               mf_w.l(fdiv.o)
    0x080003f2   0x0000014e   Code   RO        13469    .text               mf_w.l(dadd.o)
    0x08000540   0x000000e4   Code   RO        13471    .text               mf_w.l(dmul.o)
    0x08000624   0x000000de   Code   RO        13473    .text               mf_w.l(ddiv.o)
    0x08000702   0x00000012   Code   RO        13475    .text               mf_w.l(fflti.o)
    0x08000714   0x0000000a   Code   RO        13477    .text               mf_w.l(ffltui.o)
    0x0800071e   0x00000022   Code   RO        13479    .text               mf_w.l(dflti.o)
    0x08000740   0x0000001a   Code   RO        13481    .text               mf_w.l(dfltui.o)
    0x0800075a   0x00000032   Code   RO        13483    .text               mf_w.l(ffixi.o)
    0x0800078c   0x00000028   Code   RO        13485    .text               mf_w.l(ffixui.o)
    0x080007b4   0x00000032   Code   RO        13489    .text               mf_w.l(dfixui.o)
    0x080007e6   0x00000026   Code   RO        13491    .text               mf_w.l(f2d.o)
    0x0800080c   0x00000030   Code   RO        13493    .text               mf_w.l(cdcmple.o)
    0x0800083c   0x00000030   Code   RO        13495    .text               mf_w.l(cdrcmple.o)
    0x0800086c   0x00000038   Code   RO        13497    .text               mf_w.l(d2f.o)
    0x080008a4   0x00000014   Code   RO        13499    .text               mf_w.l(cfcmple.o)
    0x080008b8   0x00000014   Code   RO        13501    .text               mf_w.l(cfrcmple.o)
    0x080008cc   0x0000001e   Code   RO        13561    .text               mc_w.l(llshl.o)
    0x080008ea   0x00000020   Code   RO        13563    .text               mc_w.l(llushr.o)
    0x0800090a   0x00000024   Code   RO        13565    .text               mc_w.l(llsshr.o)
    0x0800092e   0x00000000   Code   RO        13574    .text               mc_w.l(iusefp.o)
    0x0800092e   0x0000006e   Code   RO        13575    .text               mf_w.l(fepilogue.o)
    0x0800099c   0x000000ba   Code   RO        13579    .text               mf_w.l(depilogue.o)
    0x08000a56   0x00000002   PAD
    0x08000a58   0x00000088   Code   RO        13583    .text               mf_w.l(drnd.o)
    0x08000ae0   0x00000024   Code   RO        13589    .text               mc_w.l(init.o)
    0x08000b04   0x00000056   Code   RO        13601    .text               mc_w.l(__dczerorl2.o)
    0x08000b5a   0x00000002   PAD
    0x08000b5c   0x00000088   Code   RO         4453    i.ADC_Enable        stm32l1xx_hal_adc.o
    0x08000be4   0x00000058   Code   RO        10884    i.AlarmPWM          stm32l1xx_hal_msp.o
    0x08000c3c   0x0000006c   Code   RO        12186    i.BSP_LED_Init      stm32l1xx_nucleo.o
    0x08000ca8   0x00000020   Code   RO        12187    i.BSP_LED_Off       stm32l1xx_nucleo.o
    0x08000cc8   0x00000020   Code   RO        12188    i.BSP_LED_On        stm32l1xx_nucleo.o
    0x08000ce8   0x00000020   Code   RO        12189    i.BSP_LED_Toggle    stm32l1xx_nucleo.o
    0x08000d08   0x00000090   Code   RO        12192    i.BSP_PB_Init       stm32l1xx_nucleo.o
    0x08000d98   0x00000090   Code   RO        10885    i.BUZZERConfig      stm32l1xx_hal_msp.o
    0x08000e28   0x00000004   Code   RO        11006    i.BusFault_Handler  stm32l1xx_it.o
    0x08000e2c   0x00000040   Code   RO        11007    i.Contiki_SysTick_Handler  stm32l1xx_it.o
    0x08000e6c   0x00000010   Code   RO        11008    i.DMA1_Channel6_IRQHandler  stm32l1xx_it.o
    0x08000e7c   0x00000010   Code   RO        11009    i.DMA1_Channel7_IRQHandler  stm32l1xx_it.o
    0x08000e8c   0x0000002c   Code   RO         2233    i.DMA_SetConfig     stm32l1xx_hal_dma.o
    0x08000eb8   0x00000002   Code   RO        11010    i.DebugMon_Handler  stm32l1xx_it.o
    0x08000eba   0x00000002   PAD
    0x08000ebc   0x00000018   Code   RO        11011    i.EXTI0_IRQHandler  stm32l1xx_it.o
    0x08000ed4   0x0000000c   Code   RO        11012    i.EXTI15_10_IRQHandler  stm32l1xx_it.o
    0x08000ee0   0x00000018   Code   RO        11013    i.EXTI1_IRQHandler  stm32l1xx_it.o
    0x08000ef8   0x00000020   Code   RO        11014    i.EXTI2_IRQHandler  stm32l1xx_it.o
    0x08000f18   0x00000014   Code   RO        11015    i.EXTI3_IRQHandler  stm32l1xx_it.o
    0x08000f2c   0x00000038   Code   RO        11016    i.EXTI9_5_IRQHandler  stm32l1xx_it.o
    0x08000f64   0x00000010   Code   RO        10802    i.Error_Handler     cube_hal_l1.o
    0x08000f74   0x000001fc   Code   RO         4455    i.HAL_ADC_ConfigChannel  stm32l1xx_hal_adc.o
    0x08001170   0x00000008   Code   RO         4462    i.HAL_ADC_GetValue  stm32l1xx_hal_adc.o
    0x08001178   0x000001cc   Code   RO         4464    i.HAL_ADC_Init      stm32l1xx_hal_adc.o
    0x08001344   0x00000088   Code   RO        10889    i.HAL_ADC_MspInit   stm32l1xx_hal_msp.o
    0x080013cc   0x0000008c   Code   RO         4470    i.HAL_ADC_Start     stm32l1xx_hal_adc.o
    0x08001458   0x00000014   Code   RO         3575    i.HAL_DBGMCU_EnableDBGStopMode  stm32l1xx_hal.o
    0x0800146c   0x00000058   Code   RO         2235    i.HAL_DMA_Abort_IT  stm32l1xx_hal_dma.o
    0x080014c4   0x000000e6   Code   RO         2239    i.HAL_DMA_IRQHandler  stm32l1xx_hal_dma.o
    0x080015aa   0x00000002   PAD
    0x080015ac   0x00000094   Code   RO         2240    i.HAL_DMA_Init      stm32l1xx_hal_dma.o
    0x08001640   0x0000009c   Code   RO         2244    i.HAL_DMA_Start_IT  stm32l1xx_hal_dma.o
    0x080016dc   0x0000001a   Code   RO         3577    i.HAL_Delay         stm32l1xx_hal.o
    0x080016f6   0x00000002   Code   RO        11017    i.HAL_GPIO_EXTI_Callback  stm32l1xx_it.o
    0x080016f8   0x0000001c   Code   RO         2553    i.HAL_GPIO_EXTI_IRQHandler  stm32l1xx_hal_gpio.o
    0x08001714   0x000001ec   Code   RO         2554    i.HAL_GPIO_Init     stm32l1xx_hal_gpio.o
    0x08001900   0x00000008   Code   RO         2557    i.HAL_GPIO_TogglePin  stm32l1xx_hal_gpio.o
    0x08001908   0x0000000c   Code   RO         2558    i.HAL_GPIO_WritePin  stm32l1xx_hal_gpio.o
    0x08001914   0x00000008   Code   RO         3579    i.HAL_GetHalVersion  stm32l1xx_hal.o
    0x0800191c   0x0000000c   Code   RO         3581    i.HAL_GetTick       stm32l1xx_hal.o
    0x08001928   0x00000002   Code   RO         4626    i.HAL_I2C_AbortCpltCallback  stm32l1xx_hal_i2c.o
    0x0800192a   0x00000002   Code   RO         4627    i.HAL_I2C_AddrCallback  stm32l1xx_hal_i2c.o
    0x0800192c   0x000000d4   Code   RO         4630    i.HAL_I2C_ER_IRQHandler  stm32l1xx_hal_i2c.o
    0x08001a00   0x0000017c   Code   RO         4631    i.HAL_I2C_EV_IRQHandler  stm32l1xx_hal_i2c.o
    0x08001b7c   0x00000002   Code   RO         4633    i.HAL_I2C_ErrorCallback  stm32l1xx_hal_i2c.o
    0x08001b7e   0x00000008   Code   RO         4636    i.HAL_I2C_GetState  stm32l1xx_hal_i2c.o
    0x08001b86   0x00000002   PAD
    0x08001b88   0x00000174   Code   RO         4637    i.HAL_I2C_Init      stm32l1xx_hal_i2c.o
    0x08001cfc   0x00000002   Code   RO         4639    i.HAL_I2C_ListenCpltCallback  stm32l1xx_hal_i2c.o
    0x08001cfe   0x00000002   Code   RO        10656    i.HAL_I2C_MasterRxCpltCallback  unicast-sender.o
    0x08001d00   0x00000002   Code   RO         4641    i.HAL_I2C_MasterTxCpltCallback  stm32l1xx_hal_i2c.o
    0x08001d02   0x00000002   PAD
    0x08001d04   0x0000016c   Code   RO         4649    i.HAL_I2C_Master_Transmit_DMA  stm32l1xx_hal_i2c.o
    0x08001e70   0x000000e4   Code   RO         4650    i.HAL_I2C_Master_Transmit_IT  stm32l1xx_hal_i2c.o
    0x08001f54   0x00000002   Code   RO         4651    i.HAL_I2C_MemRxCpltCallback  stm32l1xx_hal_i2c.o
    0x08001f56   0x00000002   Code   RO         4652    i.HAL_I2C_MemTxCpltCallback  stm32l1xx_hal_i2c.o
    0x08001f58   0x0000015c   Code   RO        10891    i.HAL_I2C_MspInit   stm32l1xx_hal_msp.o
    0x080020b4   0x00000110   Code   RO        10657    i.HAL_I2C_SlaveRxCpltCallback  unicast-sender.o
    0x080021c4   0x00000002   Code   RO         4662    i.HAL_I2C_SlaveTxCpltCallback  stm32l1xx_hal_i2c.o
    0x080021c6   0x00000002   PAD
    0x080021c8   0x000000d8   Code   RO         4664    i.HAL_I2C_Slave_Receive_DMA  stm32l1xx_hal_i2c.o
    0x080022a0   0x00000050   Code   RO         5107    i.HAL_IWDG_Init     stm32l1xx_hal_iwdg.o
    0x080022f0   0x0000000e   Code   RO         5108    i.HAL_IWDG_Refresh  stm32l1xx_hal_iwdg.o
    0x080022fe   0x00000002   PAD
    0x08002300   0x00000010   Code   RO         3582    i.HAL_IncTick       stm32l1xx_hal.o
    0x08002310   0x00000034   Code   RO         3583    i.HAL_Init          stm32l1xx_hal.o
    0x08002344   0x00000028   Code   RO         3584    i.HAL_InitTick      stm32l1xx_hal.o
    0x0800236c   0x00000058   Code   RO        10893    i.HAL_MspInit       stm32l1xx_hal_msp.o
    0x080023c4   0x0000001c   Code   RO         3326    i.HAL_NVIC_DisableIRQ  stm32l1xx_hal_cortex.o
    0x080023e0   0x0000001a   Code   RO         3327    i.HAL_NVIC_EnableIRQ  stm32l1xx_hal_cortex.o
    0x080023fa   0x0000007c   Code   RO         3333    i.HAL_NVIC_SetPriority  stm32l1xx_hal_cortex.o
    0x08002476   0x00000002   PAD
    0x08002478   0x00000028   Code   RO         3334    i.HAL_NVIC_SetPriorityGrouping  stm32l1xx_hal_cortex.o
    0x080024a0   0x000002e8   Code   RO         3706    i.HAL_RCC_ClockConfig  stm32l1xx_hal_rcc.o
    0x08002788   0x0000000c   Code   RO         3711    i.HAL_RCC_GetHCLKFreq  stm32l1xx_hal_rcc.o
    0x08002794   0x0000002c   Code   RO         3713    i.HAL_RCC_GetPCLK1Freq  stm32l1xx_hal_rcc.o
    0x080027c0   0x0000002c   Code   RO         3714    i.HAL_RCC_GetPCLK2Freq  stm32l1xx_hal_rcc.o
    0x080027ec   0x000000b4   Code   RO         3715    i.HAL_RCC_GetSysClockFreq  stm32l1xx_hal_rcc.o
    0x080028a0   0x000009c4   Code   RO         3718    i.HAL_RCC_OscConfig  stm32l1xx_hal_rcc.o
    0x08003264   0x00000002   Code   RO         1968    i.HAL_RTCEx_WakeUpTimerEventCallback  stm32l1xx_hal_rtc_ex.o
    0x08003266   0x00000002   PAD
    0x08003268   0x00000038   Code   RO         1969    i.HAL_RTCEx_WakeUpTimerIRQHandler  stm32l1xx_hal_rtc_ex.o
    0x080032a0   0x00000030   Code   RO         2620    i.HAL_SPI_DeInit    stm32l1xx_hal_spi.o
    0x080032d0   0x00000008   Code   RO         2623    i.HAL_SPI_GetState  stm32l1xx_hal_spi.o
    0x080032d8   0x00000088   Code   RO         2209    i.HAL_SPI_Init      stm32l1xx_hal_spi_ex.o
    0x08003360   0x00000002   Code   RO         2626    i.HAL_SPI_MspDeInit  stm32l1xx_hal_spi.o
    0x08003362   0x00000002   PAD
    0x08003364   0x00000108   Code   RO         9632    i.HAL_SPI_MspInit   radio_spi.o
    0x0800346c   0x000001c0   Code   RO         2633    i.HAL_SPI_Transmit  stm32l1xx_hal_spi.o
    0x0800362c   0x0000034c   Code   RO         2634    i.HAL_SPI_TransmitReceive  stm32l1xx_hal_spi.o
    0x08003978   0x00000028   Code   RO         3336    i.HAL_SYSTICK_CLKSourceConfig  stm32l1xx_hal_cortex.o
    0x080039a0   0x00000034   Code   RO         3338    i.HAL_SYSTICK_Config  stm32l1xx_hal_cortex.o
    0x080039d4   0x00000062   Code   RO         1717    i.HAL_TIMEx_MasterConfigSynchronization  stm32l1xx_hal_tim_ex.o
    0x08003a36   0x00000034   Code   RO         3814    i.HAL_TIM_Base_Init  stm32l1xx_hal_tim.o
    0x08003a6a   0x00000002   PAD
    0x08003a6c   0x00000040   Code   RO        10896    i.HAL_TIM_Base_MspInit  stm32l1xx_hal_msp.o
    0x08003aac   0x0000001e   Code   RO         3819    i.HAL_TIM_Base_Start_IT  stm32l1xx_hal_tim.o
    0x08003aca   0x00000132   Code   RO         3823    i.HAL_TIM_ConfigClockSource  stm32l1xx_hal_tim.o
    0x08003bfc   0x00000074   Code   RO         3857    i.HAL_TIM_OC_ConfigChannel  stm32l1xx_hal_tim.o
    0x08003c70   0x00000034   Code   RO         3861    i.HAL_TIM_OC_Init   stm32l1xx_hal_tim.o
    0x08003ca4   0x00000002   Code   RO         3863    i.HAL_TIM_OC_MspInit  stm32l1xx_hal_tim.o
    0x08003ca6   0x00000108   Code   RO         3880    i.HAL_TIM_PWM_ConfigChannel  stm32l1xx_hal_tim.o
    0x08003dae   0x00000034   Code   RO         3883    i.HAL_TIM_PWM_Init  stm32l1xx_hal_tim.o
    0x08003de2   0x00000002   Code   RO         3885    i.HAL_TIM_PWM_MspInit  stm32l1xx_hal_tim.o
    0x08003de4   0x00000020   Code   RO         3887    i.HAL_TIM_PWM_Start  stm32l1xx_hal_tim.o
    0x08003e04   0x00000036   Code   RO         3890    i.HAL_TIM_PWM_Stop  stm32l1xx_hal_tim.o
    0x08003e3a   0x0000006e   Code   RO         3036    i.HAL_UART_Init     stm32l1xx_hal_uart.o
    0x08003ea8   0x000000a4   Code   RO        10898    i.HAL_UART_MspInit  stm32l1xx_hal_msp.o
    0x08003f4c   0x00000086   Code   RO         3041    i.HAL_UART_Receive_IT  stm32l1xx_hal_uart.o
    0x08003fd2   0x000000f0   Code   RO         3044    i.HAL_UART_Transmit  stm32l1xx_hal_uart.o
    0x080040c2   0x00000004   Code   RO        11019    i.HardFault_Handler  stm32l1xx_it.o
    0x080040c6   0x00000002   PAD
    0x080040c8   0x00000010   Code   RO        11020    i.I2C1_ER_IRQHandler  stm32l1xx_it.o
    0x080040d8   0x00000010   Code   RO        11021    i.I2C1_EV_IRQHandler  stm32l1xx_it.o
    0x080040e8   0x00000068   Code   RO         4671    i.I2C_DMAAbort      stm32l1xx_hal_i2c.o
    0x08004150   0x00000032   Code   RO         4672    i.I2C_DMAError      stm32l1xx_hal_i2c.o
    0x08004182   0x000000a6   Code   RO         4673    i.I2C_DMAXferCplt   stm32l1xx_hal_i2c.o
    0x08004228   0x00000170   Code   RO         4674    i.I2C_ITError       stm32l1xx_hal_i2c.o
    0x08004398   0x00000104   Code   RO         4676    i.I2C_MasterReceive_BTF  stm32l1xx_hal_i2c.o
    0x0800449c   0x000000e0   Code   RO         4677    i.I2C_MasterReceive_RXNE  stm32l1xx_hal_i2c.o
    0x0800457c   0x000000a4   Code   RO         4680    i.I2C_MasterTransmit_BTF  stm32l1xx_hal_i2c.o
    0x08004620   0x000000d0   Code   RO         4681    i.I2C_MasterTransmit_TXE  stm32l1xx_hal_i2c.o
    0x080046f0   0x0000000e   Code   RO         4682    i.I2C_Master_ADD10  stm32l1xx_hal_i2c.o
    0x080046fe   0x00000234   Code   RO         4683    i.I2C_Master_ADDR   stm32l1xx_hal_i2c.o
    0x08004932   0x00000082   Code   RO         4684    i.I2C_Master_SB     stm32l1xx_hal_i2c.o
    0x080049b4   0x000000d0   Code   RO        10659    i.I2C_Sensor_Query  unicast-sender.o
    0x08004a84   0x000000b8   Code   RO        10661    i.I2C_Sensor_Write  unicast-sender.o
    0x08004b3c   0x0000001e   Code   RO         4687    i.I2C_SlaveReceive_BTF  stm32l1xx_hal_i2c.o
    0x08004b5a   0x00000048   Code   RO         4688    i.I2C_SlaveReceive_RXNE  stm32l1xx_hal_i2c.o
    0x08004ba2   0x0000001c   Code   RO         4689    i.I2C_SlaveTransmit_BTF  stm32l1xx_hal_i2c.o
    0x08004bbe   0x00000046   Code   RO         4690    i.I2C_SlaveTransmit_TXE  stm32l1xx_hal_i2c.o
    0x08004c04   0x00000036   Code   RO         4691    i.I2C_Slave_ADDR    stm32l1xx_hal_i2c.o
    0x08004c3a   0x00000002   PAD
    0x08004c3c   0x000000a8   Code   RO         4692    i.I2C_Slave_AF      stm32l1xx_hal_i2c.o
    0x08004ce4   0x0000011c   Code   RO         4693    i.I2C_Slave_STOPF   stm32l1xx_hal_i2c.o
    0x08004e00   0x00000054   Code   RO        10803    i.MX_ADC_Init       cube_hal_l1.o
    0x08004e54   0x00000338   Code   RO        10805    i.MX_GPIO_Init      cube_hal_l1.o
    0x0800518c   0x00000040   Code   RO        10806    i.MX_I2C_Init       cube_hal_l1.o
    0x080051cc   0x00000024   Code   RO        10807    i.MX_IWDG_Init      cube_hal_l1.o
    0x080051f0   0x00000054   Code   RO        10808    i.MX_MCU_Init       cube_hal_l1.o
    0x08005244   0x00000004   Code   RO        11022    i.MemManage_Handler  stm32l1xx_it.o
    0x08005248   0x00000002   Code   RO        11023    i.NMI_Handler       stm32l1xx_it.o
    0x0800524a   0x00000002   PAD
    0x0800524c   0x00000010   Code   RO         3340    i.NVIC_GetPriorityGrouping  stm32l1xx_hal_cortex.o
    0x0800525c   0x00000028   Code   RO         3341    i.NVIC_SetPriority  stm32l1xx_hal_cortex.o
    0x08005284   0x00000002   Code   RO        11024    i.PendSV_Handler    stm32l1xx_it.o
    0x08005286   0x00000002   PAD
    0x08005288   0x000000ac   Code   RO         3719    i.RCC_SetFlashLatencyFromMSIRange  stm32l1xx_hal_rcc.o
    0x08005334   0x00000010   Code   RO        11025    i.RTC_WKUP_IRQHandler  stm32l1xx_it.o
    0x08005344   0x0000000c   Code   RO         9550    i.RadioEnterShutdown  radio_gpio.o
    0x08005350   0x00000020   Code   RO         9551    i.RadioExitShutdown  radio_gpio.o
    0x08005370   0x000000d8   Code   RO         9553    i.RadioGpioInit     radio_gpio.o
    0x08005448   0x0000003c   Code   RO         9554    i.RadioGpioInterruptCmd  radio_gpio.o
    0x08005484   0x00000024   Code   RO         9555    i.RadioGpioSetLevel  radio_gpio.o
    0x080054a8   0x00000050   Code   RO         9709    i.RadioShieldLedInit  radio_shield_config.o
    0x080054f8   0x000000b4   Code   RO         9633    i.RadioSpiCommandStrobes  radio_spi.o
    0x080055ac   0x0000004c   Code   RO         9634    i.RadioSpiInit      radio_spi.o
    0x080055f8   0x000000dc   Code   RO         9635    i.RadioSpiReadFifo  radio_spi.o
    0x080056d4   0x000000e4   Code   RO         9636    i.RadioSpiReadRegisters  radio_spi.o
    0x080057b8   0x000000c8   Code   RO         9637    i.RadioSpiWriteFifo  radio_spi.o
    0x08005880   0x000000d0   Code   RO         9638    i.RadioSpiWriteRegisters  radio_spi.o
    0x08005950   0x00000080   Code   RO        13043    i.Radio_channel_clear  radio-driver.o
    0x080059d0   0x0000012c   Code   RO        13044    i.Radio_init        radio-driver.o
    0x08005afc   0x00000178   Code   RO        13045    i.Radio_interrupt_callback  radio-driver.o
    0x08005c74   0x000000b8   Code   RO        13046    i.Radio_off         radio-driver.o
    0x08005d2c   0x000000bc   Code   RO        13047    i.Radio_on          radio-driver.o
    0x08005de8   0x00000014   Code   RO        13048    i.Radio_pending_packet  radio-driver.o
    0x08005dfc   0x000000c0   Code   RO        13049    i.Radio_prepare     radio-driver.o
    0x08005ebc   0x000000f4   Code   RO        13050    i.Radio_read        radio-driver.o
    0x08005fb0   0x0000000c   Code   RO        13051    i.Radio_receiving_packet  radio-driver.o
    0x08005fbc   0x00000050   Code   RO        13052    i.Radio_send        radio-driver.o
    0x0800600c   0x00000124   Code   RO        13053    i.Radio_transmit    radio-driver.o
    0x08006130   0x00000014   Code   RO         9639    i.SPI_Error         radio_spi.o
    0x08006144   0x00000114   Code   RO         2655    i.SPI_WaitOnFlagUntilTimeout  stm32l1xx_hal_spi.o
    0x08006258   0x00000034   Code   RO         9640    i.SPI_Write         radio_spi.o
    0x0800628c   0x00000002   Code   RO        11026    i.SVC_Handler       stm32l1xx_it.o
    0x0800628e   0x00000002   PAD
    0x08006290   0x0000000c   Code   RO        10663    i.Sent_Testing_Data  unicast-sender.o
    0x0800629c   0x00000084   Code   RO         7208    i.SpiritCalibrationGetVcoCalData  spirit_calibration.o
    0x08006320   0x00000042   Code   RO         7213    i.SpiritCalibrationSelectVco  spirit_calibration.o
    0x08006362   0x00000002   PAD
    0x08006364   0x00000100   Code   RO         7215    i.SpiritCalibrationSetVcoCalDataRx  spirit_calibration.o
    0x08006464   0x00000100   Code   RO         7216    i.SpiritCalibrationSetVcoCalDataTx  spirit_calibration.o
    0x08006564   0x00000108   Code   RO         7217    i.SpiritCalibrationVco  spirit_calibration.o
    0x0800666c   0x00000078   Code   RO         7279    i.SpiritCmdStrobeCommand  spirit_commands.o
    0x080066e4   0x00000088   Code   RO         6167    i.SpiritGpioInit    spirit_gpio.o
    0x0800676c   0x00000130   Code   RO         6252    i.SpiritIrq         spirit_irq.o
    0x0800689c   0x0000007c   Code   RO         6254    i.SpiritIrqClearStatus  spirit_irq.o
    0x08006918   0x00000088   Code   RO         6255    i.SpiritIrqDeInit   spirit_irq.o
    0x080069a0   0x00000098   Code   RO         6257    i.SpiritIrqGetStatus  spirit_irq.o
    0x08006a38   0x00000084   Code   RO         7397    i.SpiritLinearFifoReadNumElementsRxFifo  spirit_linearfifo.o
    0x08006abc   0x00000100   Code   RO         7400    i.SpiritLinearFifoSetAlmostEmptyThresholdTx  spirit_linearfifo.o
    0x08006bbc   0x000001f0   Code   RO         6910    i.SpiritManagementSetFrequencyBase  spirit_management.o
    0x08006dac   0x00000064   Code   RO         6912    i.SpiritManagementWaCmdStrobeTx  spirit_management.o
    0x08006e10   0x00000014   Code   RO         6914    i.SpiritManagementWaTRxFcMem  spirit_management.o
    0x08006e24   0x00000154   Code   RO         6915    i.SpiritManagementWaVcoCalibration  spirit_management.o
    0x08006f78   0x0000008c   Code   RO         7323    i.SpiritPktBasicGetAddressField  spirit_pktbasic.o
    0x08007004   0x0000009c   Code   RO         7327    i.SpiritPktBasicGetReceivedPktLength  spirit_pktbasic.o
    0x080070a0   0x00000320   Code   RO         7328    i.SpiritPktBasicInit  spirit_pktbasic.o
    0x080073c0   0x000000a0   Code   RO         7330    i.SpiritPktBasicSetPayloadLength  spirit_pktbasic.o
    0x08007460   0x00000108   Code   RO         7463    i.SpiritPktCommonFilterOnCrc  spirit_pktcommon.o
    0x08007568   0x00000084   Code   RO         7467    i.SpiritPktCommonGetControlLength  spirit_pktcommon.o
    0x080075ec   0x00000080   Code   RO         8030    i.SpiritQiGetLqi    spirit_qi.o
    0x0800766c   0x00000080   Code   RO         8033    i.SpiritQiGetRssi   spirit_qi.o
    0x080076ec   0x00000084   Code   RO         8044    i.SpiritQiSetRssiThresholddBm  spirit_qi.o
    0x08007770   0x00000100   Code   RO         8045    i.SpiritQiSetSqiThreshold  spirit_qi.o
    0x08007870   0x00000108   Code   RO         8046    i.SpiritQiSqiCheck  spirit_qi.o
    0x08007978   0x000000a8   Code   RO         6304    i.SpiritRadioAFCFreezeOnSync  spirit_radio.o
    0x08007a20   0x000000ac   Code   RO         6319    i.SpiritRadioGetBand  spirit_radio.o
    0x08007acc   0x00000080   Code   RO         6321    i.SpiritRadioGetChannel  spirit_radio.o
    0x08007b4c   0x0000008c   Code   RO         6323    i.SpiritRadioGetChannelSpace  spirit_radio.o
    0x08007bd8   0x0000008c   Code   RO         6329    i.SpiritRadioGetDigDiv  spirit_radio.o
    0x08007c64   0x00000074   Code   RO         6330    i.SpiritRadioGetFrequencyBase  spirit_radio.o
    0x08007cd8   0x000000b0   Code   RO         6332    i.SpiritRadioGetFrequencyOffset  spirit_radio.o
    0x08007d88   0x00000088   Code   RO         6344    i.SpiritRadioGetRefDiv  spirit_radio.o
    0x08007e10   0x0000009c   Code   RO         6346    i.SpiritRadioGetSynthWord  spirit_radio.o
    0x08007eac   0x0000000c   Code   RO         6348    i.SpiritRadioGetXtalFrequency  spirit_radio.o
    0x08007eb8   0x00000180   Code   RO         6349    i.SpiritRadioGetdBm2Reg  spirit_radio.o
    0x08008038   0x00000464   Code   RO         6350    i.SpiritRadioInit   spirit_radio.o
    0x0800849c   0x000000a4   Code   RO         6352    i.SpiritRadioPersistenRx  spirit_radio.o
    0x08008540   0x00000100   Code   RO         6353    i.SpiritRadioSearchChannelBwME  spirit_radio.o
    0x08008640   0x000000f0   Code   RO         6354    i.SpiritRadioSearchDatarateME  spirit_radio.o
    0x08008730   0x00000104   Code   RO         6355    i.SpiritRadioSearchFreqDevME  spirit_radio.o
    0x08008834   0x000000c8   Code   RO         6356    i.SpiritRadioSearchWCP  spirit_radio.o
    0x080088fc   0x000000a4   Code   RO         6375    i.SpiritRadioSetDigDiv  spirit_radio.o
    0x080089a0   0x0000021c   Code   RO         6376    i.SpiritRadioSetFrequencyBase  spirit_radio.o
    0x08008bbc   0x0000009c   Code   RO         6382    i.SpiritRadioSetPACwc  spirit_radio.o
    0x08008c58   0x0000009c   Code   RO         6384    i.SpiritRadioSetPALevelMaxIndex  spirit_radio.o
    0x08008cf4   0x00000098   Code   RO         6385    i.SpiritRadioSetPALeveldBm  spirit_radio.o
    0x08008d8c   0x000000a4   Code   RO         6389    i.SpiritRadioSetRefDiv  spirit_radio.o
    0x08008e30   0x0000010c   Code   RO         6391    i.SpiritRadioSetXtalFlag  spirit_radio.o
    0x08008f3c   0x0000000c   Code   RO         6392    i.SpiritRadioSetXtalFrequency  spirit_radio.o
    0x08008f48   0x00000098   Code   RO         8005    i.SpiritRefreshStatus  spirit_types.o
    0x08008fe0   0x0000007c   Code   RO         7872    i.SpiritTimerSetRxTimeoutCounter  spirit_timer.o
    0x0800905c   0x00000124   Code   RO         7875    i.SpiritTimerSetRxTimeoutStopCondition  spirit_timer.o
    0x08009180   0x000000bc   Code   RO        12796    i.Stack_6LoWPAN_Init  contiki-st-radio-main.o
    0x0800923c   0x0000000c   Code   RO        11027    i.SysTick_Handler   stm32l1xx_it.o
    0x08009248   0x000000a8   Code   RO        10811    i.SystemClock_Config  cube_hal_l1.o
    0x080092f0   0x00000064   Code   RO         9513    i.SystemInit        system_stm32l1xx.o
    0x08009354   0x00000028   Code   RO        11028    i.TIM2_IRQHandler   stm32l1xx_it.o
    0x0800937c   0x00000084   Code   RO         3898    i.TIM_Base_SetConfig  stm32l1xx_hal_tim.o
    0x08009400   0x0000001c   Code   RO         3899    i.TIM_CCxChannelCmd  stm32l1xx_hal_tim.o
    0x0800941c   0x00000018   Code   RO         3905    i.TIM_ETR_SetConfig  stm32l1xx_hal_tim.o
    0x08009434   0x00000014   Code   RO         3906    i.TIM_ITRx_SetConfig  stm32l1xx_hal_tim.o
    0x08009448   0x00000036   Code   RO         3907    i.TIM_OC1_SetConfig  stm32l1xx_hal_tim.o
    0x0800947e   0x0000003a   Code   RO         3908    i.TIM_OC2_SetConfig  stm32l1xx_hal_tim.o
    0x080094b8   0x00000038   Code   RO         3909    i.TIM_OC3_SetConfig  stm32l1xx_hal_tim.o
    0x080094f0   0x0000003a   Code   RO         3910    i.TIM_OC4_SetConfig  stm32l1xx_hal_tim.o
    0x0800952a   0x0000002a   Code   RO         3912    i.TIM_TI1_ConfigInputStage  stm32l1xx_hal_tim.o
    0x08009554   0x0000002c   Code   RO         3914    i.TIM_TI2_ConfigInputStage  stm32l1xx_hal_tim.o
    0x08009580   0x00000358   Code   RO         3056    i.UART_SetConfig    stm32l1xx_hal_uart.o
    0x080098d8   0x000000fa   Code   RO         3058    i.UART_WaitOnFlagUntilTimeout  stm32l1xx_hal_uart.o
    0x080099d2   0x00000002   PAD
    0x080099d4   0x00000088   Code   RO        11029    i.USART2_IRQHandler  stm32l1xx_it.o
    0x08009a5c   0x00000100   Code   RO        10899    i.USARTConfig       stm32l1xx_hal_msp.o
    0x08009b5c   0x00000004   Code   RO        11030    i.UsageFault_Handler  stm32l1xx_it.o
    0x08009b60   0x00000004   Code   RO        11031    i.WWDG_IRQHandler   stm32l1xx_it.o
    0x08009b64   0x00000020   Code   RO        13409    i.__0printf$8       mc_w.l(printf8.o)
    0x08009b84   0x0000000e   Code   RO        13595    i.__scatterload_copy  mc_w.l(handlers.o)
    0x08009b92   0x00000002   Code   RO        13596    i.__scatterload_null  mc_w.l(handlers.o)
    0x08009b94   0x0000000e   Code   RO        13597    i.__scatterload_zeroinit  mc_w.l(handlers.o)
    0x08009ba2   0x00000002   PAD
    0x08009ba4   0x00000084   Code   RO        10585    i._print_fw_info    main.o
    0x08009c28   0x00000410   Code   RO        13416    i._printf_core      mc_w.l(printf8.o)
    0x0800a038   0x00000024   Code   RO        13417    i._printf_post_padding  mc_w.l(printf8.o)
    0x0800a05c   0x0000002e   Code   RO        13418    i._printf_pre_padding  mc_w.l(printf8.o)
    0x0800a08a   0x0000003e   Code   RO         8318    i.acceptable_rank   rpl-dag.o
    0x0800a0c8   0x00000180   Code   RO          695    i.add_fragment      sicslowpan.o
    0x0800a248   0x00000058   Code   RO         8319    i.add_nbr_from_dio  rpl-dag.o
    0x0800a2a0   0x00000048   Code   RO        11932    i.add_timer         etimer.o
    0x0800a2e8   0x0000003c   Code   RO          696    i.addr_context_lookup_by_number  sicslowpan.o
    0x0800a324   0x00000048   Code   RO          697    i.addr_context_lookup_by_prefix  sicslowpan.o
    0x0800a36c   0x00000018   Code   RO        10340    i.addr_len          frame802154.o
    0x0800a384   0x0000001e   Code   RO        12157    i.autostart_start   autostart.o
    0x0800a3a2   0x00000002   PAD
    0x0800a3a4   0x00000018   Code   RO         9961    i.backoff_period    csma.o
    0x0800a3bc   0x0000003e   Code   RO         9081    i.best_dag          rpl-mrhof.o
    0x0800a3fa   0x00000002   PAD
    0x0800a3fc   0x000000b0   Code   RO         8320    i.best_parent       rpl-dag.o
    0x0800a4ac   0x00000092   Code   RO         9082    i.best_parent       rpl-mrhof.o
    0x0800a53e   0x00000002   PAD
    0x0800a540   0x00000050   Code   RO        11836    i.call_process      process.o
    0x0800a590   0x00000058   Code   RO          343    i.call_route_callback  uip-ds6-route.o
    0x0800a5e8   0x00000004   Code   RO         9874    i.channel_check_interval  nullrdc.o
    0x0800a5ec   0x00000018   Code   RO         9962    i.channel_check_interval  csma.o
    0x0800a604   0x00000024   Code   RO         5414    i.check_for_tcp_syn  tcpip.o
    0x0800a628   0x000000d0   Code   RO         8321    i.check_prefix      rpl-dag.o
    0x0800a6f8   0x00000046   Code   RO          497    i.chksum            uip6.o
    0x0800a73e   0x00000002   PAD
    0x0800a740   0x00000060   Code   RO          698    i.clear_fragments   sicslowpan.o
    0x0800a7a0   0x00000030   Code   RO        12642    i.clock_init        clock.o
    0x0800a7d0   0x0000000c   Code   RO        12643    i.clock_seconds     clock.o
    0x0800a7dc   0x0000000c   Code   RO        12645    i.clock_time        clock.o
    0x0800a7e8   0x00000018   Code   RO        12646    i.clock_wait        clock.o
    0x0800a800   0x0000004c   Code   RO         9963    i.collision         csma.o
    0x0800a84c   0x000000a4   Code   RO          699    i.compress_addr_64  sicslowpan.o
    0x0800a8f0   0x000005ec   Code   RO          700    i.compress_hdr_iphc  sicslowpan.o
    0x0800aedc   0x00000050   Code   RO          701    i.compress_hdr_ipv6  sicslowpan.o
    0x0800af2c   0x00000098   Code   RO          702    i.copy_frags2uip    sicslowpan.o
    0x0800afc4   0x0000000c   Code   RO        10148    i.create            framer-802154.o
    0x0800afd0   0x0000015c   Code   RO        10149    i.create_frame      framer-802154.o
    0x0800b12c   0x00000024   Code   RO         1276    i.create_llao       uip-nd6.o
    0x0800b150   0x00000028   Code   RO        11689    i.ctimer_init       ctimer.o
    0x0800b178   0x0000003c   Code   RO        11690    i.ctimer_reset      ctimer.o
    0x0800b1b4   0x0000003c   Code   RO        11691    i.ctimer_restart    ctimer.o
    0x0800b1f0   0x00000024   Code   RO        11692    i.ctimer_set        ctimer.o
    0x0800b214   0x0000005c   Code   RO        11693    i.ctimer_set_with_process  ctimer.o
    0x0800b270   0x0000002c   Code   RO        11694    i.ctimer_stop       ctimer.o
    0x0800b29c   0x00000014   Code   RO         8945    i.dao_ack_input     rpl-icmp6.o
    0x0800b2b0   0x00000002   Code   RO         8946    i.dao_ack_output    rpl-icmp6.o
    0x0800b2b2   0x00000002   PAD
    0x0800b2b4   0x00000044   Code   RO         8947    i.dao_input         rpl-icmp6.o
    0x0800b2f8   0x0000036c   Code   RO         8949    i.dao_input_storing  rpl-icmp6.o
    0x0800b664   0x00000068   Code   RO         8950    i.dao_output        rpl-icmp6.o
    0x0800b6cc   0x0000001c   Code   RO         8951    i.dao_output_target  rpl-icmp6.o
    0x0800b6e8   0x00000164   Code   RO         8952    i.dao_output_target_seq  rpl-icmp6.o
    0x0800b84c   0x00000298   Code   RO         8953    i.dio_input         rpl-icmp6.o
    0x0800bae4   0x00000280   Code   RO         8954    i.dio_output        rpl-icmp6.o
    0x0800bd64   0x00000060   Code   RO         8955    i.dis_input         rpl-icmp6.o
    0x0800bdc4   0x0000005c   Code   RO         8956    i.dis_output        rpl-icmp6.o
    0x0800be20   0x000000a4   Code   RO        11837    i.do_event          process.o
    0x0800bec4   0x00000034   Code   RO        11838    i.do_poll           process.o
    0x0800bef8   0x000000d8   Code   RO         1184    i.echo_reply_input  uip-icmp6.o
    0x0800bfd0   0x00000100   Code   RO         1185    i.echo_request_input  uip-icmp6.o
    0x0800c0d0   0x00000002   Code   RO        12100    i.energest_flush    energest.o
    0x0800c0d2   0x00000002   Code   RO        12101    i.energest_init     energest.o
    0x0800c0d4   0x0000000a   Code   RO        11934    i.etimer_expiration_time  etimer.o
    0x0800c0de   0x0000000e   Code   RO        11935    i.etimer_expired    etimer.o
    0x0800c0ec   0x00000014   Code   RO        11937    i.etimer_pending    etimer.o
    0x0800c100   0x00000010   Code   RO        11938    i.etimer_request_poll  etimer.o
    0x0800c110   0x00000012   Code   RO        11939    i.etimer_reset      etimer.o
    0x0800c122   0x00000016   Code   RO        11940    i.etimer_reset_with_new_interval  etimer.o
    0x0800c138   0x00000012   Code   RO        11941    i.etimer_restart    etimer.o
    0x0800c14a   0x00000016   Code   RO        11942    i.etimer_set        etimer.o
    0x0800c160   0x00000044   Code   RO        11944    i.etimer_stop       etimer.o
    0x0800c1a4   0x00000144   Code   RO         5415    i.eventhandler      tcpip.o
    0x0800c2e8   0x000000a0   Code   RO        11839    i.exit_process      process.o
    0x0800c388   0x00000124   Code   RO          498    i.ext_hdr_options_process  uip6.o
    0x0800c4ac   0x00000024   Code   RO         1277    i.extract_lladdr_from_llao_aligned  uip-nd6.o
    0x0800c4d0   0x00000076   Code   RO        10341    i.field_len         frame802154.o
    0x0800c546   0x00000002   PAD
    0x0800c548   0x00000024   Code   RO         8322    i.find_parent_any_dag_any_instance  rpl-dag.o
    0x0800c56c   0x00000018   Code   RO         8323    i.find_parent_dag   rpl-dag.o
    0x0800c584   0x00000038   Code   RO         8260    i.find_removable_dao  rpl-nbr-policy.o
    0x0800c5bc   0x00000048   Code   RO         8261    i.find_removable_dio  rpl-nbr-policy.o
    0x0800c604   0x00000024   Code   RO         8262    i.find_removable_dis  rpl-nbr-policy.o
    0x0800c628   0x0000000e   Code   RO        12959    i.fputc             console.o
    0x0800c636   0x000000a4   Code   RO        10343    i.frame802154_create  frame802154.o
    0x0800c6da   0x0000005a   Code   RO        10344    i.frame802154_create_fcf  frame802154.o
    0x0800c734   0x0000000c   Code   RO        10346    i.frame802154_get_pan_id  frame802154.o
    0x0800c740   0x000000ba   Code   RO        10347    i.frame802154_has_panid  frame802154.o
    0x0800c7fa   0x00000032   Code   RO        10348    i.frame802154_hdrlen  frame802154.o
    0x0800c82c   0x00000026   Code   RO        10349    i.frame802154_is_broadcast_addr  frame802154.o
    0x0800c852   0x00000002   PAD
    0x0800c854   0x00000134   Code   RO        10350    i.frame802154_parse  frame802154.o
    0x0800c988   0x00000074   Code   RO        10351    i.frame802154_parse_fcf  frame802154.o
    0x0800c9fc   0x00000070   Code   RO         9964    i.free_packet       csma.o
    0x0800ca6c   0x0000000e   Code   RO         8957    i.get16             rpl-icmp6.o
    0x0800ca7a   0x0000001e   Code   RO         8958    i.get32             rpl-icmp6.o
    0x0800ca98   0x00000042   Code   RO         8324    i.get_dag           rpl-dag.o
    0x0800cada   0x00000002   PAD
    0x0800cadc   0x0000005c   Code   RO         8959    i.get_global_addr   rpl-icmp6.o
    0x0800cb38   0x00000052   Code   RO           10    i.get_match_length  uip-ds6.o
    0x0800cb8a   0x00000002   PAD
    0x0800cb8c   0x0000003c   Code   RO         8764    i.get_probing_delay  rpl-timers.o
    0x0800cbc8   0x000000dc   Code   RO         8765    i.get_probing_target  rpl-timers.o
    0x0800cca4   0x0000016c   Code   RO         8325    i.global_repair     rpl-dag.o
    0x0800ce10   0x0000005c   Code   RO         8766    i.handle_dao_timer  rpl-timers.o
    0x0800ce6c   0x00000094   Code   RO         8767    i.handle_dio_timer  rpl-timers.o
    0x0800cf00   0x000000a0   Code   RO         9752    i.handle_incoming_reg  servreg-hack.o
    0x0800cfa0   0x00000014   Code   RO         8263    i.handle_periodic_timer  rpl-nbr-policy.o
    0x0800cfb4   0x00000054   Code   RO         8768    i.handle_periodic_timer  rpl-timers.o
    0x0800d008   0x0000003c   Code   RO         8769    i.handle_probing_timer  rpl-timers.o
    0x0800d044   0x0000001c   Code   RO         8770    i.handle_unicast_dio_timer  rpl-timers.o
    0x0800d060   0x0000000c   Code   RO        10150    i.hdr_length        framer-802154.o
    0x0800d06c   0x00000018   Code   RO        11552    i.index_from_item   nbr-table.o
    0x0800d084   0x0000001c   Code   RO        11553    i.index_from_key    nbr-table.o
    0x0800d0a0   0x00000040   Code   RO        11554    i.index_from_lladdr  nbr-table.o
    0x0800d0e0   0x00000002   Code   RO         1311    i.init              nullsec.o
    0x0800d0e2   0x00000008   Code   RO         9875    i.init              nullrdc.o
    0x0800d0ea   0x00000002   PAD
    0x0800d0ec   0x00000024   Code   RO         9965    i.init              csma.o
    0x0800d110   0x00000020   Code   RO         5803    i.init_simple_udp   simple-udp.o
    0x0800d130   0x0000029c   Code   RO          703    i.input             sicslowpan.o
    0x0800d3cc   0x00000010   Code   RO         1312    i.input             nullsec.o
    0x0800d3dc   0x00000040   Code   RO         1186    i.input_handler_lookup  uip-icmp6.o
    0x0800d41c   0x00000010   Code   RO         9966    i.input_packet      csma.o
    0x0800d42c   0x00000114   Code   RO         9277    i.insert_hbh_header  rpl-ext-header.o
    0x0800d540   0x00000016   Code   RO        11555    i.item_from_index   nbr-table.o
    0x0800d556   0x00000018   Code   RO        11556    i.item_from_key     nbr-table.o
    0x0800d56e   0x00000002   PAD
    0x0800d570   0x0000001c   Code   RO        11557    i.key_from_index    nbr-table.o
    0x0800d58c   0x00000016   Code   RO        11558    i.key_from_item     nbr-table.o
    0x0800d5a2   0x00000002   PAD
    0x0800d5a4   0x00000014   Code   RO        11320    i.link_stats_from_lladdr  link-stats.o
    0x0800d5b8   0x0000002c   Code   RO        11321    i.link_stats_init   link-stats.o
    0x0800d5e4   0x0000005c   Code   RO        11322    i.link_stats_input_callback  link-stats.o
    0x0800d640   0x00000028   Code   RO        11323    i.link_stats_is_fresh  link-stats.o
    0x0800d668   0x00000094   Code   RO        11324    i.link_stats_packet_sent  link-stats.o
    0x0800d6fc   0x0000001a   Code   RO        11521    i.linkaddr_cmp      linkaddr.o
    0x0800d716   0x0000000a   Code   RO        11522    i.linkaddr_copy     linkaddr.o
    0x0800d720   0x00000014   Code   RO        11523    i.linkaddr_set_node_addr  linkaddr.o
    0x0800d734   0x00000024   Code   RO         9347    i.list_add          list.o
    0x0800d758   0x00000006   Code   RO         9350    i.list_head         list.o
    0x0800d75e   0x00000006   Code   RO         9351    i.list_init         list.o
    0x0800d764   0x0000000c   Code   RO         9353    i.list_item_next    list.o
    0x0800d770   0x00000012   Code   RO         9354    i.list_length       list.o
    0x0800d782   0x00000016   Code   RO         9356    i.list_push         list.o
    0x0800d798   0x00000034   Code   RO         9357    i.list_remove       list.o
    0x0800d7cc   0x0000001a   Code   RO         9358    i.list_tail         list.o
    0x0800d7e6   0x00000038   Code   RO         8326    i.lollipop_greater_than  rpl-dag.o
    0x0800d81e   0x00000030   Code   RO        10136    i.mac_call_sent_callback  mac.o
    0x0800d84e   0x00000002   PAD
    0x0800d850   0x000000d8   Code   RO        10586    i.main              main.o
    0x0800d928   0x0000002c   Code   RO         9311    i.memb_alloc        memb.o
    0x0800d954   0x00000038   Code   RO         9312    i.memb_free         memb.o
    0x0800d98c   0x0000001c   Code   RO         9313    i.memb_init         memb.o
    0x0800d9a8   0x00000020   Code   RO         9314    i.memb_inmemb       memb.o
    0x0800d9c8   0x0000001a   Code   RO         9315    i.memb_numfree      memb.o
    0x0800d9e2   0x0000000c   Code   RO         8327    i.nbr_callback      rpl-dag.o
    0x0800d9ee   0x00000034   Code   RO        11559    i.nbr_get_bit       nbr-table.o
    0x0800da22   0x00000046   Code   RO        11560    i.nbr_set_bit       nbr-table.o
    0x0800da68   0x00000078   Code   RO        11561    i.nbr_table_add_lladdr  nbr-table.o
    0x0800dae0   0x000000d8   Code   RO        11562    i.nbr_table_allocate  nbr-table.o
    0x0800dbb8   0x00000034   Code   RO        11563    i.nbr_table_get_from_lladdr  nbr-table.o
    0x0800dbec   0x0000001a   Code   RO        11564    i.nbr_table_get_lladdr  nbr-table.o
    0x0800dc06   0x00000002   PAD
    0x0800dc08   0x0000003c   Code   RO        11565    i.nbr_table_head    nbr-table.o
    0x0800dc44   0x00000018   Code   RO        11566    i.nbr_table_lock    nbr-table.o
    0x0800dc5c   0x0000003c   Code   RO        11567    i.nbr_table_next    nbr-table.o
    0x0800dc98   0x00000034   Code   RO        11568    i.nbr_table_register  nbr-table.o
    0x0800dccc   0x0000002c   Code   RO        11569    i.nbr_table_remove  nbr-table.o
    0x0800dcf8   0x00000018   Code   RO        11570    i.nbr_table_unlock  nbr-table.o
    0x0800dd10   0x0000005a   Code   RO        11571    i.nbr_table_update_lladdr  nbr-table.o
    0x0800dd6a   0x00000002   PAD
    0x0800dd6c   0x00000034   Code   RO         9967    i.neighbor_queue_from_addr  csma.o
    0x0800dda0   0x00000038   Code   RO        11373    i.netstack_init     netstack.o
    0x0800ddd8   0x00000058   Code   RO         8771    i.new_dio_interval  rpl-timers.o
    0x0800de30   0x0000003a   Code   RO         9968    i.noack             csma.o
    0x0800de6a   0x00000002   PAD
    0x0800de6c   0x0000004c   Code   RO        12434    i.node_id_restore   node-id.o
    0x0800deb8   0x00000324   Code   RO         1278    i.ns_input          uip-nd6.o
    0x0800e1dc   0x00000070   Code   RO         8328    i.nullify_parents   rpl-dag.o
    0x0800e24c   0x0000001c   Code   RO         9876    i.off               nullrdc.o
    0x0800e268   0x00000014   Code   RO         9969    i.off               csma.o
    0x0800e27c   0x00000010   Code   RO         9877    i.on                nullrdc.o
    0x0800e28c   0x00000010   Code   RO         9970    i.on                csma.o
    0x0800e29c   0x000002bc   Code   RO          704    i.output            sicslowpan.o
    0x0800e558   0x00000028   Code   RO         5416    i.packet_input      tcpip.o
    0x0800e580   0x0000003c   Code   RO         9878    i.packet_input      nullrdc.o
    0x0800e5bc   0x00000030   Code   RO          705    i.packet_sent       sicslowpan.o
    0x0800e5ec   0x00000092   Code   RO         9971    i.packet_sent       csma.o
    0x0800e67e   0x00000002   PAD
    0x0800e680   0x00000014   Code   RO        11385    i.packetbuf_addr    packetbuf.o
    0x0800e694   0x00000010   Code   RO        11386    i.packetbuf_attr    packetbuf.o
    0x0800e6a4   0x00000030   Code   RO        11387    i.packetbuf_attr_clear  packetbuf.o
    0x0800e6d4   0x00000024   Code   RO        11388    i.packetbuf_attr_copyfrom  packetbuf.o
    0x0800e6f8   0x00000024   Code   RO        11389    i.packetbuf_attr_copyto  packetbuf.o
    0x0800e71c   0x00000024   Code   RO        11390    i.packetbuf_clear   packetbuf.o
    0x0800e740   0x00000034   Code   RO        11392    i.packetbuf_copyfrom  packetbuf.o
    0x0800e774   0x00000054   Code   RO        11393    i.packetbuf_copyto  packetbuf.o
    0x0800e7c8   0x0000000c   Code   RO        11394    i.packetbuf_datalen  packetbuf.o
    0x0800e7d4   0x00000014   Code   RO        11395    i.packetbuf_dataptr  packetbuf.o
    0x0800e7e8   0x00000048   Code   RO        11396    i.packetbuf_hdralloc  packetbuf.o
    0x0800e830   0x00000018   Code   RO        11397    i.packetbuf_hdrlen  packetbuf.o
    0x0800e848   0x0000000c   Code   RO        11398    i.packetbuf_hdrptr  packetbuf.o
    0x0800e854   0x00000030   Code   RO        11399    i.packetbuf_hdrreduce  packetbuf.o
    0x0800e884   0x00000014   Code   RO        11400    i.packetbuf_holds_broadcast  packetbuf.o
    0x0800e898   0x00000020   Code   RO        11402    i.packetbuf_set_addr  packetbuf.o
    0x0800e8b8   0x00000010   Code   RO        11403    i.packetbuf_set_attr  packetbuf.o
    0x0800e8c8   0x0000000c   Code   RO        11404    i.packetbuf_set_datalen  packetbuf.o
    0x0800e8d4   0x00000012   Code   RO        11405    i.packetbuf_totlen  packetbuf.o
    0x0800e8e6   0x0000001a   Code   RO         9083    i.parent_has_usable_link  rpl-mrhof.o
    0x0800e900   0x00000028   Code   RO         9084    i.parent_is_acceptable  rpl-mrhof.o
    0x0800e928   0x00000018   Code   RO         9085    i.parent_link_metric  rpl-mrhof.o
    0x0800e940   0x0000003a   Code   RO         9086    i.parent_path_cost  rpl-mrhof.o
    0x0800e97a   0x000000a4   Code   RO        10151    i.parse             framer-802154.o
    0x0800ea1e   0x0000002a   Code   RO         9753    i.parse_incoming_packet  servreg-hack.o
    0x0800ea48   0x00000038   Code   RO        11325    i.periodic          link-stats.o
    0x0800ea80   0x00000050   Code   RO         8960    i.prepare_for_dao_fwd  rpl-icmp6.o
    0x0800ead0   0x000005e0   Code   RO        12797    i.print_parameters  contiki-st-radio-main.o
    0x0800f0b0   0x00000014   Code   RO        11840    i.process_alloc_event  process.o
    0x0800f0c4   0x00000038   Code   RO        11842    i.process_init      process.o
    0x0800f0fc   0x0000000e   Code   RO        11843    i.process_is_running  process.o
    0x0800f10a   0x00000002   PAD
    0x0800f10c   0x0000001c   Code   RO        11845    i.process_poll      process.o
    0x0800f128   0x0000007c   Code   RO        11846    i.process_post      process.o
    0x0800f1a4   0x00000024   Code   RO        11847    i.process_post_synch  process.o
    0x0800f1c8   0x00000024   Code   RO        11848    i.process_run       process.o
    0x0800f1ec   0x00000040   Code   RO        11849    i.process_start     process.o
    0x0800f22c   0x000000b0   Code   RO        10665    i.process_thread_battery_process  unicast-sender.o
    0x0800f2dc   0x000000b4   Code   RO        11695    i.process_thread_ctimer_process  ctimer.o
    0x0800f390   0x00000180   Code   RO        10666    i.process_thread_data_receiver_process  unicast-sender.o
    0x0800f510   0x000000e4   Code   RO        11945    i.process_thread_etimer_process  etimer.o
    0x0800f5f4   0x000000f4   Code   RO         9754    i.process_thread_servreg_hack_process  servreg-hack.o
    0x0800f6e8   0x000000dc   Code   RO         5804    i.process_thread_simple_udp_process  simple-udp.o
    0x0800f7c4   0x000000d0   Code   RO        13054    i.process_thread_subGHz_radio_process  radio-driver.o
    0x0800f894   0x0000008c   Code   RO         5417    i.process_thread_tcpip_process  tcpip.o
    0x0800f920   0x00000364   Code   RO        10667    i.process_thread_unicast_sender_process  unicast-sender.o
    0x0800fc84   0x00000060   Code   RO        10668    i.process_thread_watchdog_process  unicast-sender.o
    0x0800fce4   0x00000080   Code   RO         9755    i.purge_registrations  servreg-hack.o
    0x0800fd64   0x00000018   Code   RO        11187    i.queuebuf_attr     queuebuf.o
    0x0800fd7c   0x00000028   Code   RO        11191    i.queuebuf_free     queuebuf.o
    0x0800fda4   0x00000018   Code   RO        11192    i.queuebuf_init     queuebuf.o
    0x0800fdbc   0x00000006   Code   RO        11193    i.queuebuf_load_to_ram  queuebuf.o
    0x0800fdc2   0x00000002   PAD
    0x0800fdc4   0x00000048   Code   RO        11194    i.queuebuf_new_from_packetbuf  queuebuf.o
    0x0800fe0c   0x00000010   Code   RO        11195    i.queuebuf_numfree  queuebuf.o
    0x0800fe1c   0x00000034   Code   RO        11196    i.queuebuf_to_packetbuf  queuebuf.o
    0x0800fe50   0x0000001a   Code   RO        11197    i.queuebuf_update_attr_from_packetbuf  queuebuf.o
    0x0800fe6a   0x00000002   PAD
    0x0800fe6c   0x000000a4   Code   RO        12460    i.radio_arch_refresh_status  radio-arch.o
    0x0800ff10   0x00000118   Code   RO        13055    i.radio_printstatus  radio-driver.o
    0x08010028   0x00000124   Code   RO        13056    i.radio_set_ready_state  radio-driver.o
    0x0801014c   0x0000000c   Code   RO        13057    i.radio_strobe      radio-driver.o
    0x08010158   0x0000000c   Code   RO         9488    i.random_init       random.o
    0x08010164   0x0000000a   Code   RO         9489    i.random_rand       random.o
    0x0801016e   0x0000005e   Code   RO         9087    i.rank_via_parent   rpl-mrhof.o
    0x080101cc   0x00000198   Code   RO        10669    i.receiver          unicast-sender.o
    0x08010364   0x0000007c   Code   RO          499    i.remove_ext_hdr    uip6.o
    0x080103e0   0x00000074   Code   RO        11572    i.remove_key        nbr-table.o
    0x08010454   0x00000070   Code   RO         8329    i.remove_parents    rpl-dag.o
    0x080104c4   0x00000002   Code   RO         9088    i.reset             rpl-mrhof.o
    0x080104c6   0x00000014   Code   RO         9972    i.rexmit            csma.o
    0x080104da   0x00000002   PAD
    0x080104dc   0x00000038   Code   RO          344    i.rm_routelist      uip-ds6-route.o
    0x08010514   0x0000000c   Code   RO          345    i.rm_routelist_callback  uip-ds6-route.o
    0x08010520   0x00000094   Code   RO        13160    i.round             m_ws.l(round.o)
    0x080105b4   0x0000022c   Code   RO         8330    i.rpl_add_dag       rpl-dag.o
    0x080107e0   0x0000009c   Code   RO         8331    i.rpl_add_parent    rpl-dag.o
    0x0801087c   0x00000054   Code   RO         8696    i.rpl_add_route     rpl.o
    0x080108d0   0x00000054   Code   RO         8332    i.rpl_alloc_dag     rpl-dag.o
    0x08010924   0x00000044   Code   RO         8333    i.rpl_alloc_instance  rpl-dag.o
    0x08010968   0x00000018   Code   RO         8334    i.rpl_dag_init      rpl-dag.o
    0x08010980   0x00000028   Code   RO         8335    i.rpl_find_of       rpl-dag.o
    0x080109a8   0x0000001e   Code   RO         8336    i.rpl_find_parent   rpl-dag.o
    0x080109c6   0x00000024   Code   RO         8337    i.rpl_find_parent_any_dag  rpl-dag.o
    0x080109ea   0x00000002   PAD
    0x080109ec   0x00000070   Code   RO         8338    i.rpl_free_dag      rpl-dag.o
    0x08010a5c   0x00000048   Code   RO         8340    i.rpl_get_any_dag   rpl-dag.o
    0x08010aa4   0x00000098   Code   RO         8341    i.rpl_get_dag       rpl-dag.o
    0x08010b3c   0x0000004c   Code   RO         8343    i.rpl_get_instance  rpl-dag.o
    0x08010b88   0x0000000c   Code   RO         8697    i.rpl_get_mode      rpl.o
    0x08010b94   0x00000018   Code   RO         8345    i.rpl_get_parent    rpl-dag.o
    0x08010bac   0x00000014   Code   RO         8346    i.rpl_get_parent_ipaddr  rpl-dag.o
    0x08010bc0   0x0000002c   Code   RO         8347    i.rpl_get_parent_link_metric  rpl-dag.o
    0x08010bec   0x00000014   Code   RO         8348    i.rpl_get_parent_link_stats  rpl-dag.o
    0x08010c00   0x00000014   Code   RO         8349    i.rpl_get_parent_lladdr  rpl-dag.o
    0x08010c14   0x0000002c   Code   RO         8961    i.rpl_icmp6_register_handlers  rpl-icmp6.o
    0x08010c40   0x00000034   Code   RO         8962    i.rpl_icmp6_update_nbr_table  rpl-icmp6.o
    0x08010c74   0x00000050   Code   RO         8698    i.rpl_init          rpl.o
    0x08010cc4   0x00000040   Code   RO         8699    i.rpl_ipv6_neighbor_callback  rpl.o
    0x08010d04   0x00000294   Code   RO         8352    i.rpl_join_instance  rpl-dag.o
    0x08010f98   0x00000070   Code   RO         8700    i.rpl_link_neighbor_callback  rpl.o
    0x08011008   0x000000e0   Code   RO         8353    i.rpl_local_repair  rpl-dag.o
    0x080110e8   0x000000f0   Code   RO         8354    i.rpl_move_parent   rpl-dag.o
    0x080111d8   0x00000038   Code   RO         8264    i.rpl_nbr_policy_find_removable  rpl-nbr-policy.o
    0x08011210   0x000000cc   Code   RO         8355    i.rpl_nullify_parent  rpl-dag.o
    0x080112dc   0x00000014   Code   RO         8356    i.rpl_parent_is_fresh  rpl-dag.o
    0x080112f0   0x0000003a   Code   RO         8357    i.rpl_parent_is_reachable  rpl-dag.o
    0x0801132a   0x00000002   PAD
    0x0801132c   0x00000188   Code   RO         8358    i.rpl_print_neighbor_list  rpl-dag.o
    0x080114b4   0x00000620   Code   RO         8359    i.rpl_process_dio   rpl-dag.o
    0x08011ad4   0x00000250   Code   RO         8360    i.rpl_process_parent_event  rpl-dag.o
    0x08011d24   0x00000070   Code   RO         8701    i.rpl_purge_dags    rpl.o
    0x08011d94   0x00000080   Code   RO         8702    i.rpl_purge_routes  rpl.o
    0x08011e14   0x0000002c   Code   RO         8361    i.rpl_rank_via_parent  rpl-dag.o
    0x08011e40   0x000000a8   Code   RO         8362    i.rpl_recalculate_ranks  rpl-dag.o
    0x08011ee8   0x000000f8   Code   RO         9278    i.rpl_remove_header  rpl-ext-header.o
    0x08011fe0   0x00000050   Code   RO         8363    i.rpl_remove_parent  rpl-dag.o
    0x08012030   0x0000002e   Code   RO         8703    i.rpl_remove_routes  rpl.o
    0x0801205e   0x0000003c   Code   RO         8704    i.rpl_remove_routes_by_nexthop  rpl.o
    0x0801209a   0x00000002   PAD
    0x0801209c   0x000000f4   Code   RO         8364    i.rpl_repair_root   rpl-dag.o
    0x08012190   0x00000024   Code   RO         8773    i.rpl_reset_dio_timer  rpl-timers.o
    0x080121b4   0x00000038   Code   RO         8774    i.rpl_reset_periodic_timer  rpl-timers.o
    0x080121ec   0x00000010   Code   RO         8775    i.rpl_schedule_dao  rpl-timers.o
    0x080121fc   0x00000020   Code   RO         8777    i.rpl_schedule_probing  rpl-timers.o
    0x0801221c   0x00000018   Code   RO         8778    i.rpl_schedule_unicast_dio_immediately  rpl-timers.o
    0x08012234   0x0000027c   Code   RO         8365    i.rpl_select_dag    rpl-dag.o
    0x080124b0   0x00000062   Code   RO         8366    i.rpl_select_parent  rpl-dag.o
    0x08012512   0x00000002   PAD
    0x08012514   0x000000ac   Code   RO         8368    i.rpl_set_default_route  rpl-dag.o
    0x080125c0   0x000000a8   Code   RO         8369    i.rpl_set_preferred_parent  rpl-dag.o
    0x08012668   0x000000f8   Code   RO         8370    i.rpl_set_prefix    rpl-dag.o
    0x08012760   0x00000090   Code   RO         9279    i.rpl_update_header  rpl-ext-header.o
    0x080127f0   0x00000188   Code   RO         9280    i.rpl_verify_hbh_header  rpl-ext-header.o
    0x08012978   0x000000b4   Code   RO        12584    i.rtimer_arch_init  rtimer-arch.o
    0x08012a2c   0x0000000c   Code   RO        12585    i.rtimer_arch_now   rtimer-arch.o
    0x08012a38   0x00000008   Code   RO        12130    i.rtimer_init       rtimer.o
    0x08012a40   0x00000058   Code   RO         8779    i.schedule_dao      rpl-timers.o
    0x08012a98   0x00000048   Code   RO         9973    i.schedule_transmission  csma.o
    0x08012ae0   0x00000020   Code   RO         1313    i.send              nullsec.o
    0x08012b00   0x00000034   Code   RO         9879    i.send_list         nullrdc.o
    0x08012b34   0x00000078   Code   RO         9880    i.send_one_packet   nullrdc.o
    0x08012bac   0x00000024   Code   RO          708    i.send_packet       sicslowpan.o
    0x08012bd0   0x00000010   Code   RO         9881    i.send_packet       nullrdc.o
    0x08012be0   0x00000144   Code   RO         9974    i.send_packet       csma.o
    0x08012d24   0x000000dc   Code   RO         9756    i.send_udp_packet   servreg-hack.o
    0x08012e00   0x00000044   Code   RO         9757    i.servreg_hack_init  servreg-hack.o
    0x08012e44   0x00000008   Code   RO         9758    i.servreg_hack_item_address  servreg-hack.o
    0x08012e4c   0x00000006   Code   RO         9759    i.servreg_hack_item_id  servreg-hack.o
    0x08012e52   0x00000002   PAD
    0x08012e54   0x00000014   Code   RO         9760    i.servreg_hack_list_head  servreg-hack.o
    0x08012e68   0x00000036   Code   RO         9761    i.servreg_hack_lookup  servreg-hack.o
    0x08012e9e   0x00000012   Code   RO         8963    i.set16             rpl-icmp6.o
    0x08012eb0   0x00000026   Code   RO         8964    i.set32             rpl-icmp6.o
    0x08012ed6   0x00000002   PAD
    0x08012ed8   0x00000050   Code   RO         8780    i.set_dao_lifetime_timer  rpl-timers.o
    0x08012f28   0x0000009c   Code   RO        10670    i.set_global_address  unicast-sender.o
    0x08012fc4   0x00000030   Code   RO         8372    i.set_ip_from_prefix  rpl-dag.o
    0x08012ff4   0x00000064   Code   RO          709    i.set_packet_attrs  sicslowpan.o
    0x08013058   0x00000020   Code   RO        12798    i.set_rime_addr     contiki-st-radio-main.o
    0x08013078   0x0000002c   Code   RO         8373    i.should_refresh_routes  rpl-dag.o
    0x080130a4   0x0000003c   Code   RO          711    i.sicslowpan_init   sicslowpan.o
    0x080130e0   0x00000074   Code   RO         5805    i.simple_udp_register  simple-udp.o
    0x08013154   0x0000002c   Code   RO         5807    i.simple_udp_sendto  simple-udp.o
    0x08013180   0x00000018   Code   RO         5418    i.start_periodic_tcp_timer  tcpip.o
    0x08013198   0x00000020   Code   RO        11746    i.stimer_expired    stimer.o
    0x080131b8   0x00000010   Code   RO        11750    i.stimer_set        stimer.o
    0x080131c8   0x000000b4   Code   RO          712    i.store_fragment    sicslowpan.o
    0x0801327c   0x00000024   Code   RO         5423    i.tcpip_input       tcpip.o
    0x080132a0   0x00000124   Code   RO         5424    i.tcpip_ipv6_output  tcpip.o
    0x080133c4   0x00000020   Code   RO         5425    i.tcpip_output      tcpip.o
    0x080133e4   0x0000000c   Code   RO         5428    i.tcpip_set_outputfunc  tcpip.o
    0x080133f0   0x0000007c   Code   RO         5429    i.tcpip_uipcall     tcpip.o
    0x0801346c   0x00000050   Code   RO          713    i.timeout_fragments  sicslowpan.o
    0x080134bc   0x0000001c   Code   RO        11787    i.timer_expired     timer.o
    0x080134d8   0x0000000a   Code   RO        11789    i.timer_reset       timer.o
    0x080134e2   0x0000000c   Code   RO        11790    i.timer_restart     timer.o
    0x080134ee   0x00000010   Code   RO        11791    i.timer_set         timer.o
    0x080134fe   0x00000002   PAD
    0x08013500   0x0000002c   Code   RO         9975    i.transmit_packet_list  csma.o
    0x0801352c   0x00000048   Code   RO         9976    i.tx_done           csma.o
    0x08013574   0x00000022   Code   RO         9977    i.tx_ok             csma.o
    0x08013596   0x00000002   PAD
    0x08013598   0x00000018   Code   RO        12961    i.uart_send_char    console.o
    0x080135b0   0x0000004a   Code   RO         5431    i.udp_broadcast_new  tcpip.o
    0x080135fa   0x00000002   PAD
    0x080135fc   0x00000030   Code   RO         5432    i.udp_new           tcpip.o
    0x0801362c   0x00000070   Code   RO          500    i.uip_add32         uip6.o
    0x0801369c   0x00000044   Code   RO          501    i.uip_add_rcv_nxt   uip6.o
    0x080136e0   0x000000bc   Code   RO         6128    i.uip_debug_ipaddr_print  uip-debug.o
    0x0801379c   0x000000a4   Code   RO           14    i.uip_ds6_addr_add  uip-ds6.o
    0x08013840   0x0000002c   Code   RO           15    i.uip_ds6_addr_lookup  uip-ds6.o
    0x0801386c   0x00000050   Code   RO           16    i.uip_ds6_addr_rm   uip-ds6.o
    0x080138bc   0x0000003c   Code   RO           17    i.uip_ds6_compute_reachable_time  uip-ds6.o
    0x080138f8   0x00000060   Code   RO          346    i.uip_ds6_defrt_add  uip-ds6-route.o
    0x08013958   0x00000038   Code   RO          347    i.uip_ds6_defrt_choose  uip-ds6-route.o
    0x08013990   0x00000034   Code   RO          349    i.uip_ds6_defrt_lookup  uip-ds6-route.o
    0x080139c4   0x00000040   Code   RO          350    i.uip_ds6_defrt_periodic  uip-ds6-route.o
    0x08013a04   0x0000004c   Code   RO          351    i.uip_ds6_defrt_rm  uip-ds6-route.o
    0x08013a50   0x0000005c   Code   RO           19    i.uip_ds6_get_link_local  uip-ds6.o
    0x08013aac   0x000000f4   Code   RO           20    i.uip_ds6_init      uip-ds6.o
    0x08013ba0   0x00000050   Code   RO           21    i.uip_ds6_is_addr_onlink  uip-ds6.o
    0x08013bf0   0x00000038   Code   RO         1019    i.uip_ds6_link_neighbor_callback  uip-ds6-nbr.o
    0x08013c28   0x0000004a   Code   RO           22    i.uip_ds6_list_loop  uip-ds6.o
    0x08013c72   0x00000002   PAD
    0x08013c74   0x00000044   Code   RO           23    i.uip_ds6_maddr_add  uip-ds6.o
    0x08013cb8   0x0000002c   Code   RO           24    i.uip_ds6_maddr_lookup  uip-ds6.o
    0x08013ce4   0x00000008   Code   RO           25    i.uip_ds6_maddr_rm  uip-ds6.o
    0x08013cec   0x00000044   Code   RO         1020    i.uip_ds6_nbr_add   uip-ds6-nbr.o
    0x08013d30   0x00000014   Code   RO         1022    i.uip_ds6_nbr_get_ll  uip-ds6-nbr.o
    0x08013d44   0x00000016   Code   RO         1023    i.uip_ds6_nbr_ipaddr_from_lladdr  uip-ds6-nbr.o
    0x08013d5a   0x00000002   PAD
    0x08013d5c   0x00000014   Code   RO         1024    i.uip_ds6_nbr_ll_lookup  uip-ds6-nbr.o
    0x08013d70   0x0000001a   Code   RO         1025    i.uip_ds6_nbr_lladdr_from_ipaddr  uip-ds6-nbr.o
    0x08013d8a   0x00000002   PAD
    0x08013d8c   0x0000003c   Code   RO         1026    i.uip_ds6_nbr_lookup  uip-ds6-nbr.o
    0x08013dc8   0x0000002c   Code   RO         1027    i.uip_ds6_nbr_num   uip-ds6-nbr.o
    0x08013df4   0x00000020   Code   RO         1028    i.uip_ds6_nbr_rm    uip-ds6-nbr.o
    0x08013e14   0x0000001c   Code   RO         1029    i.uip_ds6_neighbors_init  uip-ds6-nbr.o
    0x08013e30   0x0000005c   Code   RO           26    i.uip_ds6_periodic  uip-ds6.o
    0x08013e8c   0x00000070   Code   RO           27    i.uip_ds6_prefix_add  uip-ds6.o
    0x08013efc   0x00000124   Code   RO          354    i.uip_ds6_route_add  uip-ds6-route.o
    0x08014020   0x00000010   Code   RO          355    i.uip_ds6_route_head  uip-ds6-route.o
    0x08014030   0x00000050   Code   RO          356    i.uip_ds6_route_init  uip-ds6-route.o
    0x08014080   0x0000002c   Code   RO          357    i.uip_ds6_route_is_nexthop  uip-ds6-route.o
    0x080140ac   0x00000074   Code   RO          358    i.uip_ds6_route_lookup  uip-ds6-route.o
    0x08014120   0x00000016   Code   RO          359    i.uip_ds6_route_next  uip-ds6-route.o
    0x08014136   0x00000018   Code   RO          360    i.uip_ds6_route_nexthop  uip-ds6-route.o
    0x0801414e   0x00000002   PAD
    0x08014150   0x0000001c   Code   RO          361    i.uip_ds6_route_nexthop_lladdr  uip-ds6-route.o
    0x0801416c   0x0000000c   Code   RO          362    i.uip_ds6_route_num_routes  uip-ds6-route.o
    0x08014178   0x000000a4   Code   RO          363    i.uip_ds6_route_rm  uip-ds6-route.o
    0x0801421c   0x000000b8   Code   RO           30    i.uip_ds6_select_src  uip-ds6.o
    0x080142d4   0x00000012   Code   RO           31    i.uip_ds6_set_addr_iid  uip-ds6.o
    0x080142e6   0x0000001a   Code   RO          504    i.uip_htonl         uip6.o
    0x08014300   0x0000000c   Code   RO          505    i.uip_htons         uip6.o
    0x0801430c   0x000001c0   Code   RO         1189    i.uip_icmp6_error_output  uip-icmp6.o
    0x080144cc   0x00000018   Code   RO         1190    i.uip_icmp6_init    uip-icmp6.o
    0x080144e4   0x00000026   Code   RO         1191    i.uip_icmp6_input   uip-icmp6.o
    0x0801450a   0x00000002   PAD
    0x0801450c   0x00000014   Code   RO         1192    i.uip_icmp6_register_input_handler  uip-icmp6.o
    0x08014520   0x0000009c   Code   RO         1193    i.uip_icmp6_send    uip-icmp6.o
    0x080145bc   0x0000000a   Code   RO          506    i.uip_icmp6chksum   uip6.o
    0x080145c6   0x00000002   PAD
    0x080145c8   0x00000068   Code   RO          507    i.uip_init          uip6.o
    0x08014630   0x00000010   Code   RO         1279    i.uip_nd6_init      uip-nd6.o
    0x08014640   0x00001258   Code   RO          509    i.uip_process       uip6.o
    0x08015898   0x0000000a   Code   RO          511    i.uip_tcpchksum     uip6.o
    0x080158a2   0x00000002   PAD
    0x080158a4   0x000000ac   Code   RO          512    i.uip_udp_new       uip6.o
    0x08015950   0x00000044   Code   RO         6109    i.uip_udp_packet_send  uip-udp-packet.o
    0x08015994   0x0000004a   Code   RO         6110    i.uip_udp_packet_sendto  uip-udp-packet.o
    0x080159de   0x0000000a   Code   RO          513    i.uip_udpchksum     uip6.o
    0x080159e8   0x00000028   Code   RO          514    i.uip_unlisten      uip6.o
    0x08015a10   0x00000090   Code   RO          714    i.uncompress_addr   sicslowpan.o
    0x08015aa0   0x00000444   Code   RO          715    i.uncompress_hdr_iphc  sicslowpan.o
    0x08015ee4   0x0000016c   Code   RO         9281    i.update_hbh_header  rpl-ext-header.o
    0x08016050   0x00000006   Code   RO         9089    i.update_metric_container  rpl-mrhof.o
    0x08016056   0x00000002   PAD
    0x08016058   0x0000011c   Code   RO         8265    i.update_nbr        rpl-nbr-policy.o
    0x08016174   0x00000050   Code   RO        11946    i.update_time       etimer.o
    0x080161c4   0x00000060   Code   RO          515    i.upper_layer_chksum  uip6.o
    0x08016224   0x00000002   Code   RO        12757    i.watchdog_init     watchdog.o
    0x08016226   0x00000002   Code   RO        12758    i.watchdog_periodic  watchdog.o
    0x08016228   0x00000002   Code   RO        12760    i.watchdog_start    watchdog.o
    0x0801622a   0x00000002   PAD
    0x0801622c   0x00000020   Data   RO          717    .constdata          sicslowpan.o
    0x0801624c   0x00000010   Data   RO         1314    .constdata          nullsec.o
    0x0801625c   0x00000154   Data   RO         6394    .constdata          spirit_radio.o
    0x080163b0   0x00000008   Data   RO         6916    .constdata          spirit_management.o
    0x080163b8   0x00000004   Data   RO         8375    .constdata          rpl-dag.o
    0x080163bc   0x00000021   Data   RO         9514    .constdata          system_stm32l1xx.o
    0x080163dd   0x00000003   PAD
    0x080163e0   0x00000048   Data   RO         9556    .constdata          radio_gpio.o
    0x08016428   0x00000002   Data   RO         9713    .constdata          radio_shield_config.o
    0x0801642a   0x00000002   PAD
    0x0801642c   0x00000020   Data   RO         9882    .constdata          nullrdc.o
    0x0801644c   0x0000001c   Data   RO         9979    .constdata          csma.o
    0x08016468   0x0000000c   Data   RO        10152    .constdata          framer-802154.o
    0x08016474   0x00000014   Data   RO        10672    .constdata          unicast-sender.o
    0x08016488   0x00000008   Data   RO        11524    .constdata          linkaddr.o
    0x08016490   0x00000007   Data   RO        12210    .constdata          stm32l1xx_nucleo.o
    0x08016497   0x00000001   PAD
    0x08016498   0x00000038   Data   RO        13059    .constdata          radio-driver.o
    0x080164d0   0x0000000b   Data   RO          718    .conststring        sicslowpan.o
    0x080164db   0x00000001   PAD
    0x080164dc   0x00000008   Data   RO         1315    .conststring        nullsec.o
    0x080164e4   0x0000000d   Data   RO         5434    .conststring        tcpip.o
    0x080164f1   0x00000003   PAD
    0x080164f4   0x00000013   Data   RO         5810    .conststring        simple-udp.o
    0x08016507   0x00000001   PAD
    0x08016508   0x00000092   Data   RO         8376    .conststring        rpl-dag.o
    0x0801659a   0x00000002   PAD
    0x0801659c   0x0000009d   Data   RO         9764    .conststring        servreg-hack.o
    0x08016639   0x00000003   PAD
    0x0801663c   0x00000008   Data   RO         9883    .conststring        nullrdc.o
    0x08016644   0x00000005   Data   RO         9980    .conststring        csma.o
    0x08016649   0x00000003   PAD
    0x0801664c   0x00000069   Data   RO        10673    .conststring        unicast-sender.o
    0x080166b5   0x00000003   PAD
    0x080166b8   0x0000000f   Data   RO        11696    .conststring        ctimer.o
    0x080166c7   0x00000001   PAD
    0x080166c8   0x0000000c   Data   RO        11947    .conststring        etimer.o
    0x080166d4   0x00000014   Data   RO        13060    .conststring        radio-driver.o
    0x080166e8   0x00000020   Data   RO        13593    Region$$Table       anon$$obj.o


    Execution Region RW_IRAM1 (Base: 0x20000000, Size: 0x000041c8, Max: 0x00014000, ABSOLUTE, COMPRESSED[0x000001c8])

    Base Addr    Size         Type   Attr      Idx    E Section Name        Object

    0x20000000   0x0000001c   Data   RW           33    .data               uip-ds6.o
    0x2000001c   0x00000058   Data   RW          366    .data               uip-ds6-route.o
    0x20000074   0x00000034   Data   RW          517    .data               uip6.o
    0x200000a8   0x00000028   Data   RW          719    .data               sicslowpan.o
    0x200000d0   0x00000014   Data   RW         1031    .data               uip-ds6-nbr.o
    0x200000e4   0x00000028   Data   RW         1195    .data               uip-icmp6.o
    0x2000010c   0x0000001c   Data   RW         1280    .data               uip-nd6.o
    0x20000128   0x00000004   Data   RW         3589    .data               stm32l1xx_hal.o
    0x2000012c   0x00000018   Data   RW         5435    .data               tcpip.o
    0x20000144   0x00000011   Data   RW         5811    .data               simple-udp.o
    0x20000155   0x00000003   PAD
    0x20000158   0x00000005   Data   RW         6395    .data               spirit_radio.o
    0x2000015d   0x00000003   PAD
    0x20000160   0x00000005   Data   RW         6917    .data               spirit_management.o
    0x20000165   0x00000002   Data   RW         8006    .data               spirit_types.o
    0x20000167   0x00000001   PAD
    0x20000168   0x00000018   Data   RW         8267    .data               rpl-nbr-policy.o
    0x20000180   0x00000018   Data   RW         8377    .data               rpl-dag.o
    0x20000198   0x00000001   Data   RW         8706    .data               rpl.o
    0x20000199   0x00000001   PAD
    0x2000019a   0x00000003   Data   RW         8782    .data               rpl-timers.o
    0x2000019d   0x00000003   PAD
    0x200001a0   0x00000034   Data   RW         8965    .data               rpl-icmp6.o
    0x200001d4   0x00000024   Data   RW         9090    .data               rpl-mrhof.o
    0x200001f8   0x00000004   Data   RW         9515    .data               system_stm32l1xx.o
    0x200001fc   0x00000014   Data   RW         9557    .data               radio_gpio.o
    0x20000210   0x00000004   Data   RW         9642    .data               radio_spi.o
    0x20000214   0x00000004   Data   RW         9714    .data               radio_shield_config.o
    0x20000218   0x00000038   Data   RW         9765    .data               servreg-hack.o
    0x20000250   0x00000034   Data   RW         9981    .data               csma.o
    0x20000284   0x00000002   Data   RW        10153    .data               framer-802154.o
    0x20000286   0x00000002   Data   RW        10353    .data               frame802154.o
    0x20000288   0x00000004   Data   RW        10588    .data               main.o
    0x2000028c   0x00000090   Data   RW        10674    .data               unicast-sender.o
    0x2000031c   0x00000004   Data   RW        10901    .data               stm32l1xx_hal_msp.o
    0x20000320   0x00000018   Data   RW        11200    .data               queuebuf.o
    0x20000338   0x00000014   Data   RW        11327    .data               link-stats.o
    0x2000034c   0x0000000c   Data   RW        11407    .data               packetbuf.o
    0x20000358   0x00000008   Data   RW        11525    .data               linkaddr.o
    0x20000360   0x00000018   Data   RW        11574    .data               nbr-table.o
    0x20000378   0x0000001c   Data   RW        11697    .data               ctimer.o
    0x20000394   0x0000000d   Data   RW        11851    .data               process.o
    0x200003a1   0x00000003   PAD
    0x200003a4   0x00000018   Data   RW        11948    .data               etimer.o
    0x200003bc   0x00000010   Data   RW        12211    .data               stm32l1xx_nucleo.o
    0x200003cc   0x0000000a   Data   RW        12436    .data               node-id.o
    0x200003d6   0x00000002   PAD
    0x200003d8   0x00000014   Data   RW        12588    .data               rtimer-arch.o
    0x200003ec   0x00000008   Data   RW        12647    .data               clock.o
    0x200003f4   0x00000070   Data   RW        13061    .data               radio-driver.o
    0x20000464   0x00000004   Data   RW        13174    .data               mc_w.l(rand.o)
    0x20000468   0x00000004   Data   RW        13558    .data               mc_w.l(stdout.o)
    0x2000046c   0x00000178   Zero   RW           32    .bss                uip-ds6.o
    0x200005e4   0x000006c0   Zero   RW          365    .bss                uip-ds6-route.o
    0x20000ca4   0x00000764   Zero   RW          516    .bss                uip6.o
    0x20001408   0x000006d0   Zero   RW          716    .bss                sicslowpan.o
    0x20001ad8   0x00000168   Zero   RW         1030    .bss                uip-ds6-nbr.o
    0x20001c40   0x00000010   Zero   RW         1194    .bss                uip-icmp6.o
    0x20001c50   0x00000054   Zero   RW         5433    .bss                tcpip.o
    0x20001ca4   0x00000514   Zero   RW         5809    .bss                simple-udp.o
    0x200021b8   0x00000020   Zero   RW         8266    .bss                rpl-nbr-policy.o
    0x200021d8   0x000001f4   Zero   RW         8374    .bss                rpl-dag.o
    0x200023cc   0x00000020   Zero   RW         8781    .bss                rpl-timers.o
    0x200023ec   0x00000058   Zero   RW         9641    .bss                radio_spi.o
    0x20002444   0x00000230   Zero   RW         9763    .bss                servreg-hack.o
    0x20002674   0x00000210   Zero   RW         9978    .bss                csma.o
    0x20002884   0x00000098   Zero   RW        10587    .bss                main.o
    0x2000291c   0x0000012c   Zero   RW        10671    .bss                unicast-sender.o
    0x20002a48   0x00000080   Zero   RW        10812    .bss                cube_hal_l1.o
    0x20002ac8   0x00000388   Zero   RW        10900    .bss                stm32l1xx_hal_msp.o
    0x20002e50   0x00000b60   Zero   RW        11199    .bss                queuebuf.o
    0x200039b0   0x00000110   Zero   RW        11326    .bss                link-stats.o
    0x20003ac0   0x000000b0   Zero   RW        11406    .bss                packetbuf.o
    0x20003b70   0x0000014c   Zero   RW        11573    .bss                nbr-table.o
    0x20003cbc   0x00000060   Zero   RW        11850    .bss                process.o
    0x20003d1c   0x0000000c   Zero   RW        12435    .bss                node-id.o
    0x20003d28   0x00000038   Zero   RW        12587    .bss                rtimer-arch.o
    0x20003d60   0x00000061   Zero   RW        13058    .bss                radio-driver.o
    0x20003dc1   0x00000007   PAD
    0x20003dc8   0x00000400   Zero   RW            1    STACK               startup_stm32l152xe.o


==============================================================================

Image component sizes


      Code (inc. data)   RO Data    RW Data    ZI Data      Debug   Object Name

        30          0          0          0          0       1218   autostart.o
        96         22          0          8          0       3647   clock.o
        38          4          0          0          0       1325   console.o
      1724       1068          0          0          0      17775   contiki-st-radio-main.o
      1146        106         33         52        528      15558   csma.o
       512         90         15         28          0       6408   ctimer.o
      1276         80          0          0        128       5640   cube_hal_l1.o
         4          0          0          0          0       1133   energest.o
       588         42         12         24          0       9958   etimer.o
      1106         10          0          2          0       9332   frame802154.o
       536         10         12          2          0       4140   framer-802154.o
       400         48          0         20        272       5971   link-stats.o
        56          6          8          8          0       3639   linkaddr.o
       178          0          0          0          0       6008   list.o
        48          0          0          0          0        837   mac.o
       348        108          0          4        152       6143   main.o
       186          0          0          0          0       4186   memb.o
      1218        104          0         24        332      18118   nbr-table.o
        56         22          0          0          0        608   netstack.o
        76         18          0         10         12       1835   node-id.o
       304         38         40          0          0       6553   nullrdc.o
        50         12         24          0          0       4621   nullsec.o
       614        146          0         12        176      13937   packetbuf.o
       834        110          0         13         96      12328   process.o
       260         34          0         24       2912       6687   queuebuf.o
       164         10          0          0          0       1485   radio-arch.o
      2808        430         76        112         97      14817   radio-driver.o
       356         42         72         20          0       8596   radio_gpio.o
        80         12          2          4          0       1664   radio_shield_config.o
      1448        106          0          4         88       8506   radio_spi.o
        22          0          0          0          0       1272   random.o
      8758       3186        150         24        500      51899   rpl-dag.o
      1424         58          0          0          0       6292   rpl-ext-header.o
      3314        126          0         52          0      29244   rpl-icmp6.o
       458          0          0         36          0       7716   rpl-mrhof.o
       524         76          0         24         32      16460   rpl-nbr-policy.o
      1112         72          0          3         32      36403   rpl-timers.o
       698         30          0          1          0       7875   rpl.o
       192         18          0         20         56       5045   rtimer-arch.o
         8          0          0          0          0        582   rtimer.o
         0          0          0          0          0       4040   sensors.o
       950         96        157         56        560      10317   servreg-hack.o
      5632        284         43         40       1744      60450   sicslowpan.o
       412         48         19         17       1300       4535   simple-udp.o
       974         18          0          0          0       3747   spirit_calibration.o
       120          4          0          0          0        709   spirit_commands.o
       136          4          0          0          0       9577   spirit_gpio.o
       716         22          0          0          0       6706   spirit_irq.o
       388         10          0          0          0       1512   spirit_linearfifo.o
       956         86          8          5          0       4879   spirit_management.o
      1256         22          0          0          0       3779   spirit_pktbasic.o
       396         10          0          0          0       1471   spirit_pktcommon.o
       908         22          0          0          0       3514   spirit_qi.o
      5584        324        340          5          0      45107   spirit_radio.o
       416          8          0          0          0       1472   spirit_timer.o
       152          4          0          2          0       2890   spirit_types.o
        36          8        292          0       1024        848   startup_stm32l152xe.o
        48          0          0          0          0       2086   stimer.o
       174         28          0          4          0       5382   stm32l1xx_hal.o
      1252         42          0          0          0       5019   stm32l1xx_hal_adc.o
       366         28          0          0          0      29911   stm32l1xx_hal_cortex.o
       666          8          0          0          0       4586   stm32l1xx_hal_dma.o
         0          0          0          0          0     465224   stm32l1xx_hal_flash_ex.o
       540         46          0          0          0       3828   stm32l1xx_hal_gpio.o
      4754         86          0          0          0      26298   stm32l1xx_hal_i2c.o
        94          0          0          0          0       1951   stm32l1xx_hal_iwdg.o
      1288        102          0          4        904       7399   stm32l1xx_hal_msp.o
      3696        106          0          0          0       7600   stm32l1xx_hal_rcc.o
        58          6          0          0          0       1863   stm32l1xx_hal_rtc_ex.o
      1626          0          0          0          0       6201   stm32l1xx_hal_spi.o
       136          0          0          0          0       1235   stm32l1xx_hal_spi_ex.o
      1478         24          0          0          0      16346   stm32l1xx_hal_tim.o
        98          0          0          0          0       1296   stm32l1xx_hal_tim_ex.o
      1590          6          0          0          0       4990   stm32l1xx_hal_uart.o
       530         74          0          0          0      14767   stm32l1xx_it.o
       348         60          7         16          0       5031   stm32l1xx_nucleo.o
       100         18         33          4          0       1679   system_stm32l1xx.o
      1182        132         13         24         84      33457   tcpip.o
        66          0          0          0          0       3210   timer.o
         0          0          0          0          0      16390   udp-socket.o
       188         50          0          0          0       1449   uip-debug.o
       376         46          0         20        360      30928   uip-ds6-nbr.o
      1298        148          0         88       1728      21918   uip-ds6-route.o
      1446        132          0         28        376      55358   uip-ds6.o
      1222         94          0         40         16      24074   uip-icmp6.o
       892         46          0         28          0       6647   uip-nd6.o
       142         14          0          0          0       2513   uip-udp-packet.o
      5842        296          0         52       1892      33270   uip6.o
      2766        566        125        144        300      14891   unicast-sender.o
         6          0          0          0          0       1693   watchdog.o

    ----------------------------------------------------------------------
     86462       9372       1536       1124      15708    1389504   Object Totals
         0          0         32          0          0          0   (incl. Generated)
       112          0         23         16          7          0   (incl. Padding)

    ----------------------------------------------------------------------

      Code (inc. data)   RO Data    RW Data    ZI Data      Debug   Library Member Name

       148         12          0          0          0         88   round.o
        86          0          0          0          0          0   __dczerorl2.o
         0          0          0          0          0          0   entry.o
         0          0          0          0          0          0   entry10a.o
         0          0          0          0          0          0   entry11a.o
         8          4          0          0          0          0   entry2.o
         4          0          0          0          0          0   entry5.o
         0          0          0          0          0          0   entry7b.o
         0          0          0          0          0          0   entry8b.o
         8          4          0          0          0          0   entry9a.o
        30          0          0          0          0          0   handlers.o
        36          8          0          0          0         68   init.o
         0          0          0          0          0          0   iusefp.o
        30          0          0          0          0         68   llshl.o
        36          0          0          0          0         68   llsshr.o
        32          0          0          0          0         68   llushr.o
        26          0          0          0          0         80   memcmp.o
        64          0          0          0          0         76   memmovea.o
        36          0          0          0          0        108   memseta.o
      1154         54          0          0          0        352   printf8.o
        36         10          0          4          0        136   rand.o
         0          0          0          4          0          0   stdout.o
        98          0          0          0          0         92   uldiv.o
        48          0          0          0          0         68   cdcmple.o
        48          0          0          0          0         68   cdrcmple.o
        20          0          0          0          0         68   cfcmple.o
        20          0          0          0          0         68   cfrcmple.o
        56          0          0          0          0         88   d2f.o
       334          0          0          0          0        148   dadd.o
       222          0          0          0          0        100   ddiv.o
       186          0          0          0          0        176   depilogue.o
        50          0          0          0          0         76   dfixui.o
        34          0          0          0          0         76   dflti.o
        26          0          0          0          0         76   dfltui.o
       228          0          0          0          0         96   dmul.o
       136          4          0          0          0         92   drnd.o
        38          0          0          0          0         68   f2d.o
       176          0          0          0          0        140   fadd.o
       124          0          0          0          0         88   fdiv.o
       110          0          0          0          0        168   fepilogue.o
        50          0          0          0          0         68   ffixi.o
        40          0          0          0          0         68   ffixui.o
        18          0          0          0          0         68   fflti.o
        10          0          0          0          0         68   ffltui.o
       100          0          0          0          0         76   fmul.o

    ----------------------------------------------------------------------
      3914         96          0          8          0       3216   Library Totals
         8          0          0          0          0          0   (incl. Padding)

    ----------------------------------------------------------------------

      Code (inc. data)   RO Data    RW Data    ZI Data      Debug   Library Name

       148         12          0          0          0         88   m_ws.l
      1684         80          0          8          0       1116   mc_w.l
      2074          4          0          0          0       2012   mf_w.l

    ----------------------------------------------------------------------
      3914         96          0          8          0       3216   Library Totals

    ----------------------------------------------------------------------

==============================================================================


      Code (inc. data)   RO Data    RW Data    ZI Data      Debug   

     90376       9468       1536       1132      15708    1357384   Grand Totals
     90376       9468       1536        456      15708    1357384   ELF Image Totals (compressed)
     90376       9468       1536        456          0          0   ROM Totals

==============================================================================

    Total RO  Size (Code + RO Data)                91912 (  89.76kB)
    Total RW  Size (RW Data + ZI Data)             16840 (  16.45kB)
    Total ROM Size (Code + RO Data + RW Data)      92368 (  90.20kB)

==============================================================================

