Component: ARM Compiler 5.06 update 1 (build 61) Tool: armlink [4d35a8]

==============================================================================

Section Cross References

    startup_stm32l152xe.o(RESET) refers to startup_stm32l152xe.o(STACK) for __initial_sp
    startup_stm32l152xe.o(RESET) refers to startup_stm32l152xe.o(.text) for Reset_Handler
    startup_stm32l152xe.o(RESET) refers to stm32l1xx_it.o(i.NMI_Handler) for NMI_Handler
    startup_stm32l152xe.o(RESET) refers to stm32l1xx_it.o(i.HardFault_Handler) for HardFault_Handler
    startup_stm32l152xe.o(RESET) refers to stm32l1xx_it.o(i.MemManage_Handler) for MemManage_Handler
    startup_stm32l152xe.o(RESET) refers to stm32l1xx_it.o(i.BusFault_Handler) for BusFault_Handler
    startup_stm32l152xe.o(RESET) refers to stm32l1xx_it.o(i.UsageFault_Handler) for UsageFault_Handler
    startup_stm32l152xe.o(RESET) refers to stm32l1xx_it.o(i.SVC_Handler) for SVC_Handler
    startup_stm32l152xe.o(RESET) refers to stm32l1xx_it.o(i.DebugMon_Handler) for DebugMon_Handler
    startup_stm32l152xe.o(RESET) refers to stm32l1xx_it.o(i.PendSV_Handler) for PendSV_Handler
    startup_stm32l152xe.o(RESET) refers to stm32l1xx_it.o(i.SysTick_Handler) for SysTick_Handler
    startup_stm32l152xe.o(RESET) refers to stm32l1xx_it.o(i.WWDG_IRQHandler) for WWDG_IRQHandler
    startup_stm32l152xe.o(RESET) refers to stm32l1xx_it.o(i.RTC_WKUP_IRQHandler) for RTC_WKUP_IRQHandler
    startup_stm32l152xe.o(RESET) refers to stm32l1xx_it.o(i.EXTI0_IRQHandler) for EXTI0_IRQHandler
    startup_stm32l152xe.o(RESET) refers to stm32l1xx_it.o(i.EXTI1_IRQHandler) for EXTI1_IRQHandler
    startup_stm32l152xe.o(RESET) refers to stm32l1xx_it.o(i.EXTI2_IRQHandler) for EXTI2_IRQHandler
    startup_stm32l152xe.o(RESET) refers to stm32l1xx_it.o(i.EXTI3_IRQHandler) for EXTI3_IRQHandler
    startup_stm32l152xe.o(RESET) refers to stm32l1xx_it.o(i.DMA1_Channel6_IRQHandler) for DMA1_Channel6_IRQHandler
    startup_stm32l152xe.o(RESET) refers to stm32l1xx_it.o(i.DMA1_Channel7_IRQHandler) for DMA1_Channel7_IRQHandler
    startup_stm32l152xe.o(RESET) refers to stm32l1xx_it.o(i.EXTI9_5_IRQHandler) for EXTI9_5_IRQHandler
    startup_stm32l152xe.o(RESET) refers to stm32l1xx_it.o(i.TIM2_IRQHandler) for TIM2_IRQHandler
    startup_stm32l152xe.o(RESET) refers to stm32l1xx_it.o(i.I2C1_EV_IRQHandler) for I2C1_EV_IRQHandler
    startup_stm32l152xe.o(RESET) refers to stm32l1xx_it.o(i.I2C1_ER_IRQHandler) for I2C1_ER_IRQHandler
    startup_stm32l152xe.o(RESET) refers to stm32l1xx_it.o(i.USART2_IRQHandler) for USART2_IRQHandler
    startup_stm32l152xe.o(RESET) refers to stm32l1xx_it.o(i.EXTI15_10_IRQHandler) for EXTI15_10_IRQHandler
    startup_stm32l152xe.o(.text) refers to system_stm32l1xx.o(i.SystemInit) for SystemInit
    startup_stm32l152xe.o(.text) refers to entry.o(.ARM.Collect$$$$00000000) for __main
    uip-ds6.o(i.uip_ds6_aaddr_add) refers to uip-ds6.o(i.uip_ds6_list_loop) for uip_ds6_list_loop
    uip-ds6.o(i.uip_ds6_aaddr_add) refers to memmovea.o(.text) for __aeabi_memcpy
    uip-ds6.o(i.uip_ds6_aaddr_add) refers to uip-ds6.o(.data) for locaaddr
    uip-ds6.o(i.uip_ds6_aaddr_add) refers to uip-ds6.o(.bss) for uip_ds6_if
    uip-ds6.o(i.uip_ds6_aaddr_lookup) refers to uip-ds6.o(i.uip_ds6_list_loop) for uip_ds6_list_loop
    uip-ds6.o(i.uip_ds6_aaddr_lookup) refers to uip-ds6.o(.data) for locaaddr
    uip-ds6.o(i.uip_ds6_aaddr_lookup) refers to uip-ds6.o(.bss) for uip_ds6_if
    uip-ds6.o(i.uip_ds6_addr_add) refers to uip-ds6.o(i.uip_ds6_list_loop) for uip_ds6_list_loop
    uip-ds6.o(i.uip_ds6_addr_add) refers to memmovea.o(.text) for __aeabi_memcpy
    uip-ds6.o(i.uip_ds6_addr_add) refers to stimer.o(i.stimer_set) for stimer_set
    uip-ds6.o(i.uip_ds6_addr_add) refers to uip-ds6.o(i.uip_ds6_maddr_add) for uip_ds6_maddr_add
    uip-ds6.o(i.uip_ds6_addr_add) refers to uip-ds6.o(.data) for locaddr
    uip-ds6.o(i.uip_ds6_addr_add) refers to uip-ds6.o(.bss) for uip_ds6_if
    uip-ds6.o(i.uip_ds6_addr_lookup) refers to uip-ds6.o(i.uip_ds6_list_loop) for uip_ds6_list_loop
    uip-ds6.o(i.uip_ds6_addr_lookup) refers to uip-ds6.o(.data) for locaddr
    uip-ds6.o(i.uip_ds6_addr_lookup) refers to uip-ds6.o(.bss) for uip_ds6_if
    uip-ds6.o(i.uip_ds6_addr_rm) refers to uip-ds6.o(i.uip_ds6_maddr_lookup) for uip_ds6_maddr_lookup
    uip-ds6.o(i.uip_ds6_addr_rm) refers to uip-ds6.o(i.uip_ds6_maddr_rm) for uip_ds6_maddr_rm
    uip-ds6.o(i.uip_ds6_addr_rm) refers to uip-ds6.o(.bss) for loc_fipaddr
    uip-ds6.o(i.uip_ds6_addr_rm) refers to uip-ds6.o(.data) for locmaddr
    uip-ds6.o(i.uip_ds6_compute_reachable_time) refers to random.o(i.random_rand) for random_rand
    uip-ds6.o(i.uip_ds6_compute_reachable_time) refers to uip-ds6.o(.bss) for uip_ds6_if
    uip-ds6.o(i.uip_ds6_get_global) refers to uip-ds6.o(.bss) for uip_ds6_if
    uip-ds6.o(i.uip_ds6_get_global) refers to uip-ds6.o(.data) for locaddr
    uip-ds6.o(i.uip_ds6_get_link_local) refers to uip-ds6.o(.bss) for uip_ds6_if
[...]
    SpixTimeout                              0x200003b8   Data           4  stm32l1xx_nucleo.o(.data)
    node_id                                  0x200003bc   Data           2  node-id.o(.data)
    node_mac                                 0x200003be   Data           8  node-id.o(.data)
    rtimer_clock                             0x200003c8   Data           8  rtimer-arch.o(.data)
    timeout_value                            0x200003d0   Data           8  rtimer-arch.o(.data)
    F_CPU                                    0x200003d8   Data           4  rtimer-arch.o(.data)
    seconds                                  0x200003dc   Data           4  clock.o(.data)
    ticks                                    0x200003e0   Data           4  clock.o(.data)
    xGpioIRQ                                 0x200003f2   Data           3  radio-driver.o(.data)
    xRadioInit                               0x200003f8   Data          28  radio-driver.o(.data)
    xBasicInit                               0x20000414   Data          16  radio-driver.o(.data)
    rx_timeout                               0x20000424   Data           1  radio-driver.o(.data)
    xTxDoneFlag                              0x20000425   Data           1  radio-driver.o(.data)
    cThreholdRxFifoAF                        0x20000426   Data           1  radio-driver.o(.data)
    cThreholdTxFifoAE                        0x20000427   Data           1  radio-driver.o(.data)
    nTxIndex                                 0x20000428   Data           2  radio-driver.o(.data)
    nResidualPcktLength                      0x2000042a   Data           2  radio-driver.o(.data)
    nPayloadLength                           0x2000042c   Data           2  radio-driver.o(.data)
    radio_128_data_buffp                     0x20000430   Data           4  radio-driver.o(.data)
    nRxIndex                                 0x20000434   Data           2  radio-driver.o(.data)
    cRxDataLen                               0x20000436   Data           1  radio-driver.o(.data)
    subGHz_radio_process                     0x2000043c   Data          16  radio-driver.o(.data)
    __stdout                                 0x20000458   Data           4  stdout.o(.data)
    uip_ds6_timer_periodic                   0x2000045c   Data          16  uip-ds6.o(.bss)
    uip_ds6_if                               0x2000046c   Data         248  uip-ds6.o(.bss)
    uip_ds6_prefix_list                      0x20000564   Data          96  uip-ds6.o(.bss)
    uip_aligned_buf                          0x20000c94   Data        1300  uip6.o(.bss)
    uip_conns                                0x200011a8   Data         192  uip6.o(.bss)
    uip_listenports                          0x20001268   Data          16  uip6.o(.bss)
    uip_udp_conns                            0x20001278   Data         384  uip6.o(.bss)
    instance_table                           0x20002268   Data         340  rpl-dag.o(.bss)
    pSpiHandle                               0x200023dc   Data          88  radio_spi.o(.bss)
    hadc                                     0x20002874   Data          84  main.o(.bss)
    hdma_adc                                 0x200028c8   Data          68  main.o(.bss)
    sensor_data                              0x20002950   Data          16  unicast-sender.o(.bss)
    data_buffer                              0x20002960   Data         120  unicast-sender.o(.bss)
    pkt                                      0x200029d8   Data          25  unicast-sender.o(.bss)
    hwwdg                                    0x200029f4   Data          20  unicast-sender.o(.bss)
    I2cHandle                                0x20002a28   Data          84  cube_hal_l1.o(.bss)
    RtcHandle                                0x20002a7c   Data          32  cube_hal_l1.o(.bss)
    UART_RxBuffer                            0x20002a9c   Data         512  stm32l1xx_hal_msp.o(.bss)
    htim3                                    0x20002c9c   Data          56  stm32l1xx_hal_msp.o(.bss)
    UartHandle                               0x20002cd4   Data          64  stm32l1xx_hal_msp.o(.bss)
    periodic_timer                           0x20003a74   Data          32  link-stats.o(.bss)
    packetbuf_attrs                          0x20003a94   Data          30  packetbuf.o(.bss)
    packetbuf_addrs                          0x20003ab2   Data          16  packetbuf.o(.bss)
    device_id                                0x20003cf0   Data          12  node-id.o(.bss)
    htim2                                    0x20003cfc   Data          56  rtimer-arch.o(.bss)
    __initial_sp                             0x20004198   Data           0  startup_stm32l152xe.o(STACK)



==============================================================================

Memory Map of the image

  Image Entry point : 0x08000125

  Load Region LR_IROM1 (Base: 0x08000000, Size: 0x0001570c, Max: 0x00080000, ABSOLUTE, COMPRESSED[0x00015470])

    Execution Region ER_IROM1 (Base: 0x08000000, Size: 0x000152b0, Max: 0x00080000, ABSOLUTE)

    Base Addr    Size         Type   Attr      Idx    E Section Name        Object

    0x08000000   0x00000124   Data   RO            3    RESET               startup_stm32l152xe.o
    0x08000124   0x00000000   Code   RO        13123  * .ARM.Collect$$$$00000000  mc_w.l(entry.o)
    0x08000124   0x00000004   Code   RO        13501    .ARM.Collect$$$$00000001  mc_w.l(entry2.o)
    0x08000128   0x00000004   Code   RO        13504    .ARM.Collect$$$$00000004  mc_w.l(entry5.o)
    0x0800012c   0x00000000   Code   RO        13506    .ARM.Collect$$$$00000008  mc_w.l(entry7b.o)
    0x0800012c   0x00000000   Code   RO        13508    .ARM.Collect$$$$0000000A  mc_w.l(entry8b.o)
    0x0800012c   0x00000008   Code   RO        13509    .ARM.Collect$$$$0000000B  mc_w.l(entry9a.o)
    0x08000134   0x00000000   Code   RO        13511    .ARM.Collect$$$$0000000D  mc_w.l(entry10a.o)
    0x08000134   0x00000000   Code   RO        13513    .ARM.Collect$$$$0000000F  mc_w.l(entry11a.o)
    0x08000134   0x00000004   Code   RO        13502    .ARM.Collect$$$$00002712  mc_w.l(entry2.o)
    0x08000138   0x00000024   Code   RO            4    .text               startup_stm32l152xe.o
    0x0800015c   0x00000062   Code   RO        13126    .text               mc_w.l(uldiv.o)
    0x080001be   0x00000002   PAD
    0x080001c0   0x00000024   Code   RO        13130    .text               mc_w.l(rand.o)
    0x080001e4   0x00000040   Code   RO        13135    .text               mc_w.l(memmovea.o)
    0x08000224   0x00000024   Code   RO        13137    .text               mc_w.l(memseta.o)
    0x08000248   0x0000001a   Code   RO        13145    .text               mc_w.l(memcmp.o)
    0x08000262   0x000000b0   Code   RO        13420    .text               mf_w.l(fadd.o)
    0x08000312   0x00000064   Code   RO        13422    .text               mf_w.l(fmul.o)
    0x08000376   0x0000007c   Code   RO        13424    .text               mf_w.l(fdiv.o)
    0x080003f2   0x0000014e   Code   RO        13426    .text               mf_w.l(dadd.o)
    0x08000540   0x000000e4   Code   RO        13428    .text               mf_w.l(dmul.o)
    0x08000624   0x000000de   Code   RO        13430    .text               mf_w.l(ddiv.o)
    0x08000702   0x00000012   Code   RO        13432    .text               mf_w.l(fflti.o)
    0x08000714   0x0000000a   Code   RO        13434    .text               mf_w.l(ffltui.o)
    0x0800071e   0x00000022   Code   RO        13436    .text               mf_w.l(dflti.o)
    0x08000740   0x0000001a   Code   RO        13438    .text               mf_w.l(dfltui.o)
    0x0800075a   0x00000032   Code   RO        13440    .text               mf_w.l(ffixi.o)
    0x0800078c   0x00000028   Code   RO        13442    .text               mf_w.l(ffixui.o)
    0x080007b4   0x00000032   Code   RO        13446    .text               mf_w.l(dfixui.o)
    0x080007e6   0x00000026   Code   RO        13448    .text               mf_w.l(f2d.o)
    0x0800080c   0x00000030   Code   RO        13450    .text               mf_w.l(cdcmple.o)
    0x0800083c   0x00000030   Code   RO        13452    .text               mf_w.l(cdrcmple.o)
    0x0800086c   0x00000038   Code   RO        13454    .text               mf_w.l(d2f.o)
    0x080008a4   0x00000014   Code   RO        13456    .text               mf_w.l(cfcmple.o)
    0x080008b8   0x00000014   Code   RO        13458    .text               mf_w.l(cfrcmple.o)
    0x080008cc   0x0000001e   Code   RO        13518    .text               mc_w.l(llshl.o)
    0x080008ea   0x00000020   Code   RO        13520    .text               mc_w.l(llushr.o)
    0x0800090a   0x00000024   Code   RO        13522    .text               mc_w.l(llsshr.o)
    0x0800092e   0x00000000   Code   RO        13531    .text               mc_w.l(iusefp.o)
    0x0800092e   0x0000006e   Code   RO        13532    .text               mf_w.l(fepilogue.o)
    0x0800099c   0x000000ba   Code   RO        13536    .text               mf_w.l(depilogue.o)
    0x08000a56   0x00000002   PAD
    0x08000a58   0x00000088   Code   RO        13540    .text               mf_w.l(drnd.o)
    0x08000ae0   0x00000024   Code   RO        13546    .text               mc_w.l(init.o)
    0x08000b04   0x00000056   Code   RO        13558    .text               mc_w.l(__dczerorl2.o)
    0x08000b5a   0x00000002   PAD
    0x08000b5c   0x00000088   Code   RO         4453    i.ADC_Enable        stm32l1xx_hal_adc.o
    0x08000be4   0x00000058   Code   RO        10841    i.AlarmPWM          stm32l1xx_hal_msp.o
    0x08000c3c   0x0000006c   Code   RO        12143    i.BSP_LED_Init      stm32l1xx_nucleo.o
    0x08000ca8   0x00000020   Code   RO        12144    i.BSP_LED_Off       stm32l1xx_nucleo.o
    0x08000cc8   0x00000020   Code   RO        12145    i.BSP_LED_On        stm32l1xx_nucleo.o
    0x08000ce8   0x00000020   Code   RO        12146    i.BSP_LED_Toggle    stm32l1xx_nucleo.o
    0x08000d08   0x00000090   Code   RO        12149    i.BSP_PB_Init       stm32l1xx_nucleo.o
    0x08000d98   0x00000090   Code   RO        10842    i.BUZZERConfig      stm32l1xx_hal_msp.o
    0x08000e28   0x00000004   Code   RO        10963    i.BusFault_Handler  stm32l1xx_it.o
    0x08000e2c   0x00000040   Code   RO        10964    i.Contiki_SysTick_Handler  stm32l1xx_it.o
    0x08000e6c   0x00000010   Code   RO        10965    i.DMA1_Channel6_IRQHandler  stm32l1xx_it.o
    0x08000e7c   0x00000010   Code   RO        10966    i.DMA1_Channel7_IRQHandler  stm32l1xx_it.o
    0x08000e8c   0x0000002c   Code   RO         2233    i.DMA_SetConfig     stm32l1xx_hal_dma.o
    0x08000eb8   0x00000002   Code   RO        10967    i.DebugMon_Handler  stm32l1xx_it.o
    0x08000eba   0x00000002   PAD
    0x08000ebc   0x00000018   Code   RO        10968    i.EXTI0_IRQHandler  stm32l1xx_it.o
    0x08000ed4   0x0000000c   Code   RO        10969    i.EXTI15_10_IRQHandler  stm32l1xx_it.o
    0x08000ee0   0x00000018   Code   RO        10970    i.EXTI1_IRQHandler  stm32l1xx_it.o
    0x08000ef8   0x00000020   Code   RO        10971    i.EXTI2_IRQHandler  stm32l1xx_it.o
    0x08000f18   0x00000014   Code   RO        10972    i.EXTI3_IRQHandler  stm32l1xx_it.o
    0x08000f2c   0x00000038   Code   RO        10973    i.EXTI9_5_IRQHandler  stm32l1xx_it.o
    0x08000f64   0x00000010   Code   RO        10765    i.Error_Handler     cube_hal_l1.o
    0x08000f74   0x000001fc   Code   RO         4455    i.HAL_ADC_ConfigChannel  stm32l1xx_hal_adc.o
    0x08001170   0x00000008   Code   RO         4462    i.HAL_ADC_GetValue  stm32l1xx_hal_adc.o
    0x08001178   0x000001cc   Code   RO         4464    i.HAL_ADC_Init      stm32l1xx_hal_adc.o
    0x08001344   0x00000088   Code   RO        10846    i.HAL_ADC_MspInit   stm32l1xx_hal_msp.o
    0x080013cc   0x0000008c   Code   RO         4470    i.HAL_ADC_Start     stm32l1xx_hal_adc.o
    0x08001458   0x00000014   Code   RO         3575    i.HAL_DBGMCU_EnableDBGStopMode  stm32l1xx_hal.o
    0x0800146c   0x00000058   Code   RO         2235    i.HAL_DMA_Abort_IT  stm32l1xx_hal_dma.o
    0x080014c4   0x000000e6   Code   RO         2239    i.HAL_DMA_IRQHandler  stm32l1xx_hal_dma.o
    0x080015aa   0x00000002   PAD
    0x080015ac   0x00000094   Code   RO         2240    i.HAL_DMA_Init      stm32l1xx_hal_dma.o
    0x08001640   0x0000009c   Code   RO         2244    i.HAL_DMA_Start_IT  stm32l1xx_hal_dma.o
    0x080016dc   0x0000001a   Code   RO         3577    i.HAL_Delay         stm32l1xx_hal.o
    0x080016f6   0x00000002   Code   RO        10974    i.HAL_GPIO_EXTI_Callback  stm32l1xx_it.o
    0x080016f8   0x0000001c   Code   RO         2553    i.HAL_GPIO_EXTI_IRQHandler  stm32l1xx_hal_gpio.o
    0x08001714   0x000001ec   Code   RO         2554    i.HAL_GPIO_Init     stm32l1xx_hal_gpio.o
    0x08001900   0x00000008   Code   RO         2557    i.HAL_GPIO_TogglePin  stm32l1xx_hal_gpio.o
    0x08001908   0x0000000c   Code   RO         2558    i.HAL_GPIO_WritePin  stm32l1xx_hal_gpio.o
    0x08001914   0x00000008   Code   RO         3579    i.HAL_GetHalVersion  stm32l1xx_hal.o
    0x0800191c   0x0000000c   Code   RO         3581    i.HAL_GetTick       stm32l1xx_hal.o
    0x08001928   0x00000002   Code   RO         4626    i.HAL_I2C_AbortCpltCallback  stm32l1xx_hal_i2c.o
    0x0800192a   0x00000002   Code   RO         4627    i.HAL_I2C_AddrCallback  stm32l1xx_hal_i2c.o
    0x0800192c   0x000000d4   Code   RO         4630    i.HAL_I2C_ER_IRQHandler  stm32l1xx_hal_i2c.o
    0x08001a00   0x0000017c   Code   RO         4631    i.HAL_I2C_EV_IRQHandler  stm32l1xx_hal_i2c.o
    0x08001b7c   0x00000002   Code   RO         4633    i.HAL_I2C_ErrorCallback  stm32l1xx_hal_i2c.o
    0x08001b7e   0x00000008   Code   RO         4636    i.HAL_I2C_GetState  stm32l1xx_hal_i2c.o
    0x08001b86   0x00000002   PAD
    0x08001b88   0x00000174   Code   RO         4637    i.HAL_I2C_Init      stm32l1xx_hal_i2c.o
    0x08001cfc   0x00000002   Code   RO         4639    i.HAL_I2C_ListenCpltCallback  stm32l1xx_hal_i2c.o
    0x08001cfe   0x00000002   Code   RO        10619    i.HAL_I2C_MasterRxCpltCallback  unicast-sender.o
    0x08001d00   0x00000002   Code   RO         4641    i.HAL_I2C_MasterTxCpltCallback  stm32l1xx_hal_i2c.o
    0x08001d02   0x00000002   PAD
    0x08001d04   0x0000016c   Code   RO         4649    i.HAL_I2C_Master_Transmit_DMA  stm32l1xx_hal_i2c.o
    0x08001e70   0x000000e4   Code   RO         4650    i.HAL_I2C_Master_Transmit_IT  stm32l1xx_hal_i2c.o
    0x08001f54   0x00000002   Code   RO         4651    i.HAL_I2C_MemRxCpltCallback  stm32l1xx_hal_i2c.o
    0x08001f56   0x00000002   Code   RO         4652    i.HAL_I2C_MemTxCpltCallback  stm32l1xx_hal_i2c.o
    0x08001f58   0x0000015c   Code   RO        10848    i.HAL_I2C_MspInit   stm32l1xx_hal_msp.o
    0x080020b4   0x00000110   Code   RO        10620    i.HAL_I2C_SlaveRxCpltCallback  unicast-sender.o
    0x080021c4   0x00000002   Code   RO         4662    i.HAL_I2C_SlaveTxCpltCallback  stm32l1xx_hal_i2c.o
    0x080021c6   0x00000002   PAD
    0x080021c8   0x000000d8   Code   RO         4664    i.HAL_I2C_Slave_Receive_DMA  stm32l1xx_hal_i2c.o
    0x080022a0   0x00000010   Code   RO         3582    i.HAL_IncTick       stm32l1xx_hal.o
    0x080022b0   0x00000034   Code   RO         3583    i.HAL_Init          stm32l1xx_hal.o
    0x080022e4   0x00000028   Code   RO         3584    i.HAL_InitTick      stm32l1xx_hal.o
    0x0800230c   0x00000058   Code   RO        10850    i.HAL_MspInit       stm32l1xx_hal_msp.o
    0x08002364   0x0000001c   Code   RO         3326    i.HAL_NVIC_DisableIRQ  stm32l1xx_hal_cortex.o
    0x08002380   0x0000001a   Code   RO         3327    i.HAL_NVIC_EnableIRQ  stm32l1xx_hal_cortex.o
    0x0800239a   0x0000007c   Code   RO         3333    i.HAL_NVIC_SetPriority  stm32l1xx_hal_cortex.o
    0x08002416   0x00000002   PAD
    0x08002418   0x00000028   Code   RO         3334    i.HAL_NVIC_SetPriorityGrouping  stm32l1xx_hal_cortex.o
    0x08002440   0x000002e8   Code   RO         3706    i.HAL_RCC_ClockConfig  stm32l1xx_hal_rcc.o
    0x08002728   0x0000000c   Code   RO         3711    i.HAL_RCC_GetHCLKFreq  stm32l1xx_hal_rcc.o
    0x08002734   0x0000002c   Code   RO         3713    i.HAL_RCC_GetPCLK1Freq  stm32l1xx_hal_rcc.o
    0x08002760   0x0000002c   Code   RO         3714    i.HAL_RCC_GetPCLK2Freq  stm32l1xx_hal_rcc.o
    0x0800278c   0x000000b4   Code   RO         3715    i.HAL_RCC_GetSysClockFreq  stm32l1xx_hal_rcc.o
    0x08002840   0x000009c4   Code   RO         3718    i.HAL_RCC_OscConfig  stm32l1xx_hal_rcc.o
    0x08003204   0x00000002   Code   RO         1968    i.HAL_RTCEx_WakeUpTimerEventCallback  stm32l1xx_hal_rtc_ex.o
    0x08003206   0x00000002   PAD
    0x08003208   0x00000038   Code   RO         1969    i.HAL_RTCEx_WakeUpTimerIRQHandler  stm32l1xx_hal_rtc_ex.o
    0x08003240   0x00000030   Code   RO         2620    i.HAL_SPI_DeInit    stm32l1xx_hal_spi.o
    0x08003270   0x00000008   Code   RO         2623    i.HAL_SPI_GetState  stm32l1xx_hal_spi.o
    0x08003278   0x00000088   Code   RO         2209    i.HAL_SPI_Init      stm32l1xx_hal_spi_ex.o
    0x08003300   0x00000002   Code   RO         2626    i.HAL_SPI_MspDeInit  stm32l1xx_hal_spi.o
    0x08003302   0x00000002   PAD
    0x08003304   0x00000108   Code   RO         9595    i.HAL_SPI_MspInit   radio_spi.o
    0x0800340c   0x000001c0   Code   RO         2633    i.HAL_SPI_Transmit  stm32l1xx_hal_spi.o
    0x080035cc   0x0000034c   Code   RO         2634    i.HAL_SPI_TransmitReceive  stm32l1xx_hal_spi.o
    0x08003918   0x00000028   Code   RO         3336    i.HAL_SYSTICK_CLKSourceConfig  stm32l1xx_hal_cortex.o
    0x08003940   0x00000034   Code   RO         3338    i.HAL_SYSTICK_Config  stm32l1xx_hal_cortex.o
    0x08003974   0x00000062   Code   RO         1717    i.HAL_TIMEx_MasterConfigSynchronization  stm32l1xx_hal_tim_ex.o
    0x080039d6   0x00000034   Code   RO         3814    i.HAL_TIM_Base_Init  stm32l1xx_hal_tim.o
    0x08003a0a   0x00000002   PAD
    0x08003a0c   0x00000040   Code   RO        10853    i.HAL_TIM_Base_MspInit  stm32l1xx_hal_msp.o
    0x08003a4c   0x0000001e   Code   RO         3819    i.HAL_TIM_Base_Start_IT  stm32l1xx_hal_tim.o
    0x08003a6a   0x00000132   Code   RO         3823    i.HAL_TIM_ConfigClockSource  stm32l1xx_hal_tim.o
    0x08003b9c   0x00000074   Code   RO         3857    i.HAL_TIM_OC_ConfigChannel  stm32l1xx_hal_tim.o
    0x08003c10   0x00000034   Code   RO         3861    i.HAL_TIM_OC_Init   stm32l1xx_hal_tim.o
    0x08003c44   0x00000002   Code   RO         3863    i.HAL_TIM_OC_MspInit  stm32l1xx_hal_tim.o
    0x08003c46   0x00000108   Code   RO         3880    i.HAL_TIM_PWM_ConfigChannel  stm32l1xx_hal_tim.o
    0x08003d4e   0x00000034   Code   RO         3883    i.HAL_TIM_PWM_Init  stm32l1xx_hal_tim.o
    0x08003d82   0x00000002   Code   RO         3885    i.HAL_TIM_PWM_MspInit  stm32l1xx_hal_tim.o
    0x08003d84   0x00000020   Code   RO         3887    i.HAL_TIM_PWM_Start  stm32l1xx_hal_tim.o
    0x08003da4   0x00000036   Code   RO         3890    i.HAL_TIM_PWM_Stop  stm32l1xx_hal_tim.o
    0x08003dda   0x0000006e   Code   RO         3036    i.HAL_UART_Init     stm32l1xx_hal_uart.o
    0x08003e48   0x000000a4   Code   RO        10855    i.HAL_UART_MspInit  stm32l1xx_hal_msp.o
    0x08003eec   0x00000086   Code   RO         3041    i.HAL_UART_Receive_IT  stm32l1xx_hal_uart.o
    0x08003f72   0x000000f0   Code   RO         3044    i.HAL_UART_Transmit  stm32l1xx_hal_uart.o
    0x08004062   0x00000004   Code   RO        10976    i.HardFault_Handler  stm32l1xx_it.o
    0x08004066   0x00000002   PAD
    0x08004068   0x00000010   Code   RO        10977    i.I2C1_ER_IRQHandler  stm32l1xx_it.o
    0x08004078   0x00000010   Code   RO        10978    i.I2C1_EV_IRQHandler  stm32l1xx_it.o
    0x08004088   0x00000068   Code   RO         4671    i.I2C_DMAAbort      stm32l1xx_hal_i2c.o
    0x080040f0   0x00000032   Code   RO         4672    i.I2C_DMAError      stm32l1xx_hal_i2c.o
    0x08004122   0x000000a6   Code   RO         4673    i.I2C_DMAXferCplt   stm32l1xx_hal_i2c.o
    0x080041c8   0x00000170   Code   RO         4674    i.I2C_ITError       stm32l1xx_hal_i2c.o
    0x08004338   0x00000104   Code   RO         4676    i.I2C_MasterReceive_BTF  stm32l1xx_hal_i2c.o
    0x0800443c   0x000000e0   Code   RO         4677    i.I2C_MasterReceive_RXNE  stm32l1xx_hal_i2c.o
    0x0800451c   0x000000a4   Code   RO         4680    i.I2C_MasterTransmit_BTF  stm32l1xx_hal_i2c.o
    0x080045c0   0x000000d0   Code   RO         4681    i.I2C_MasterTransmit_TXE  stm32l1xx_hal_i2c.o
    0x08004690   0x0000000e   Code   RO         4682    i.I2C_Master_ADD10  stm32l1xx_hal_i2c.o
    0x0800469e   0x00000234   Code   RO         4683    i.I2C_Master_ADDR   stm32l1xx_hal_i2c.o
    0x080048d2   0x00000082   Code   RO         4684    i.I2C_Master_SB     stm32l1xx_hal_i2c.o
    0x08004954   0x000000d0   Code   RO        10622    i.I2C_Sensor_Query  unicast-sender.o
    0x08004a24   0x000000b8   Code   RO        10624    i.I2C_Sensor_Write  unicast-sender.o
    0x08004adc   0x0000001e   Code   RO         4687    i.I2C_SlaveReceive_BTF  stm32l1xx_hal_i2c.o
    0x08004afa   0x00000048   Code   RO         4688    i.I2C_SlaveReceive_RXNE  stm32l1xx_hal_i2c.o
    0x08004b42   0x0000001c   Code   RO         4689    i.I2C_SlaveTransmit_BTF  stm32l1xx_hal_i2c.o
    0x08004b5e   0x00000046   Code   RO         4690    i.I2C_SlaveTransmit_TXE  stm32l1xx_hal_i2c.o
    0x08004ba4   0x00000036   Code   RO         4691    i.I2C_Slave_ADDR    stm32l1xx_hal_i2c.o
    0x08004bda   0x00000002   PAD
    0x08004bdc   0x000000a8   Code   RO         4692    i.I2C_Slave_AF      stm32l1xx_hal_i2c.o
    0x08004c84   0x0000011c   Code   RO         4693    i.I2C_Slave_STOPF   stm32l1xx_hal_i2c.o
    0x08004da0   0x00000054   Code   RO        10766    i.MX_ADC_Init       cube_hal_l1.o
    0x08004df4   0x00000338   Code   RO        10768    i.MX_GPIO_Init      cube_hal_l1.o
    0x0800512c   0x00000040   Code   RO        10769    i.MX_I2C_Init       cube_hal_l1.o
    0x0800516c   0x00000054   Code   RO        10770    i.MX_MCU_Init       cube_hal_l1.o
    0x080051c0   0x00000004   Code   RO        10979    i.MemManage_Handler  stm32l1xx_it.o
    0x080051c4   0x00000002   Code   RO        10980    i.NMI_Handler       stm32l1xx_it.o
    0x080051c6   0x00000002   PAD
    0x080051c8   0x00000010   Code   RO         3340    i.NVIC_GetPriorityGrouping  stm32l1xx_hal_cortex.o
    0x080051d8   0x00000028   Code   RO         3341    i.NVIC_SetPriority  stm32l1xx_hal_cortex.o
    0x08005200   0x00000002   Code   RO        10981    i.PendSV_Handler    stm32l1xx_it.o
    0x08005202   0x00000002   PAD
    0x08005204   0x000000ac   Code   RO         3719    i.RCC_SetFlashLatencyFromMSIRange  stm32l1xx_hal_rcc.o
    0x080052b0   0x00000010   Code   RO        10982    i.RTC_WKUP_IRQHandler  stm32l1xx_it.o
    0x080052c0   0x0000000c   Code   RO         9513    i.RadioEnterShutdown  radio_gpio.o
    0x080052cc   0x00000020   Code   RO         9514    i.RadioExitShutdown  radio_gpio.o
    0x080052ec   0x000000d8   Code   RO         9516    i.RadioGpioInit     radio_gpio.o
    0x080053c4   0x0000003c   Code   RO         9517    i.RadioGpioInterruptCmd  radio_gpio.o
    0x08005400   0x00000024   Code   RO         9518    i.RadioGpioSetLevel  radio_gpio.o
    0x08005424   0x00000050   Code   RO         9672    i.RadioShieldLedInit  radio_shield_config.o
    0x08005474   0x000000b4   Code   RO         9596    i.RadioSpiCommandStrobes  radio_spi.o
    0x08005528   0x0000004c   Code   RO         9597    i.RadioSpiInit      radio_spi.o
    0x08005574   0x000000dc   Code   RO         9598    i.RadioSpiReadFifo  radio_spi.o
    0x08005650   0x000000e4   Code   RO         9599    i.RadioSpiReadRegisters  radio_spi.o
    0x08005734   0x000000c8   Code   RO         9600    i.RadioSpiWriteFifo  radio_spi.o
    0x080057fc   0x000000d0   Code   RO         9601    i.RadioSpiWriteRegisters  radio_spi.o
    0x080058cc   0x00000080   Code   RO        13000    i.Radio_channel_clear  radio-driver.o
    0x0800594c   0x0000012c   Code   RO        13001    i.Radio_init        radio-driver.o
    0x08005a78   0x00000178   Code   RO        13002    i.Radio_interrupt_callback  radio-driver.o
    0x08005bf0   0x000000b8   Code   RO        13003    i.Radio_off         radio-driver.o
    0x08005ca8   0x000000bc   Code   RO        13004    i.Radio_on          radio-driver.o
    0x08005d64   0x00000014   Code   RO        13005    i.Radio_pending_packet  radio-driver.o
    0x08005d78   0x000000c0   Code   RO        13006    i.Radio_prepare     radio-driver.o
    0x08005e38   0x000000f4   Code   RO        13007    i.Radio_read        radio-driver.o
    0x08005f2c   0x0000000c   Code   RO        13008    i.Radio_receiving_packet  radio-driver.o
    0x08005f38   0x00000050   Code   RO        13009    i.Radio_send        radio-driver.o
    0x08005f88   0x00000124   Code   RO        13010    i.Radio_transmit    radio-driver.o
    0x080060ac   0x00000014   Code   RO         9602    i.SPI_Error         radio_spi.o
    0x080060c0   0x00000114   Code   RO         2655    i.SPI_WaitOnFlagUntilTimeout  stm32l1xx_hal_spi.o
    0x080061d4   0x00000034   Code   RO         9603    i.SPI_Write         radio_spi.o
    0x08006208   0x00000002   Code   RO        10983    i.SVC_Handler       stm32l1xx_it.o
    0x0800620a   0x00000002   PAD
    0x0800620c   0x00000014   Code   RO        10626    i.Sent_Testing_Data  unicast-sender.o
    0x08006220   0x00000084   Code   RO         7178    i.SpiritCalibrationGetVcoCalData  spirit_calibration.o
    0x080062a4   0x00000042   Code   RO         7183    i.SpiritCalibrationSelectVco  spirit_calibration.o
    0x080062e6   0x00000002   PAD
    0x080062e8   0x00000100   Code   RO         7185    i.SpiritCalibrationSetVcoCalDataRx  spirit_calibration.o
    0x080063e8   0x00000100   Code   RO         7186    i.SpiritCalibrationSetVcoCalDataTx  spirit_calibration.o
    0x080064e8   0x00000108   Code   RO         7187    i.SpiritCalibrationVco  spirit_calibration.o
    0x080065f0   0x00000078   Code   RO         7249    i.SpiritCmdStrobeCommand  spirit_commands.o
    0x08006668   0x00000088   Code   RO         6137    i.SpiritGpioInit    spirit_gpio.o
    0x080066f0   0x00000130   Code   RO         6222    i.SpiritIrq         spirit_irq.o
    0x08006820   0x0000007c   Code   RO         6224    i.SpiritIrqClearStatus  spirit_irq.o
    0x0800689c   0x00000088   Code   RO         6225    i.SpiritIrqDeInit   spirit_irq.o
    0x08006924   0x00000098   Code   RO         6227    i.SpiritIrqGetStatus  spirit_irq.o
    0x080069bc   0x00000084   Code   RO         7367    i.SpiritLinearFifoReadNumElementsRxFifo  spirit_linearfifo.o
    0x08006a40   0x00000100   Code   RO         7370    i.SpiritLinearFifoSetAlmostEmptyThresholdTx  spirit_linearfifo.o
    0x08006b40   0x000001f0   Code   RO         6880    i.SpiritManagementSetFrequencyBase  spirit_management.o
    0x08006d30   0x00000064   Code   RO         6882    i.SpiritManagementWaCmdStrobeTx  spirit_management.o
    0x08006d94   0x00000014   Code   RO         6884    i.SpiritManagementWaTRxFcMem  spirit_management.o
    0x08006da8   0x00000154   Code   RO         6885    i.SpiritManagementWaVcoCalibration  spirit_management.o
    0x08006efc   0x0000008c   Code   RO         7293    i.SpiritPktBasicGetAddressField  spirit_pktbasic.o
    0x08006f88   0x0000009c   Code   RO         7297    i.SpiritPktBasicGetReceivedPktLength  spirit_pktbasic.o
    0x08007024   0x00000320   Code   RO         7298    i.SpiritPktBasicInit  spirit_pktbasic.o
    0x08007344   0x000000a0   Code   RO         7300    i.SpiritPktBasicSetPayloadLength  spirit_pktbasic.o
    0x080073e4   0x00000108   Code   RO         7433    i.SpiritPktCommonFilterOnCrc  spirit_pktcommon.o
    0x080074ec   0x00000084   Code   RO         7437    i.SpiritPktCommonGetControlLength  spirit_pktcommon.o
    0x08007570   0x00000080   Code   RO         8000    i.SpiritQiGetLqi    spirit_qi.o
    0x080075f0   0x00000080   Code   RO         8003    i.SpiritQiGetRssi   spirit_qi.o
    0x08007670   0x00000084   Code   RO         8014    i.SpiritQiSetRssiThresholddBm  spirit_qi.o
    0x080076f4   0x00000100   Code   RO         8015    i.SpiritQiSetSqiThreshold  spirit_qi.o
    0x080077f4   0x00000108   Code   RO         8016    i.SpiritQiSqiCheck  spirit_qi.o
    0x080078fc   0x000000a8   Code   RO         6274    i.SpiritRadioAFCFreezeOnSync  spirit_radio.o
    0x080079a4   0x000000ac   Code   RO         6289    i.SpiritRadioGetBand  spirit_radio.o
    0x08007a50   0x00000080   Code   RO         6291    i.SpiritRadioGetChannel  spirit_radio.o
    0x08007ad0   0x0000008c   Code   RO         6293    i.SpiritRadioGetChannelSpace  spirit_radio.o
    0x08007b5c   0x0000008c   Code   RO         6299    i.SpiritRadioGetDigDiv  spirit_radio.o
    0x08007be8   0x00000074   Code   RO         6300    i.SpiritRadioGetFrequencyBase  spirit_radio.o
    0x08007c5c   0x000000b0   Code   RO         6302    i.SpiritRadioGetFrequencyOffset  spirit_radio.o
    0x08007d0c   0x00000088   Code   RO         6314    i.SpiritRadioGetRefDiv  spirit_radio.o
    0x08007d94   0x0000009c   Code   RO         6316    i.SpiritRadioGetSynthWord  spirit_radio.o
    0x08007e30   0x0000000c   Code   RO         6318    i.SpiritRadioGetXtalFrequency  spirit_radio.o
    0x08007e3c   0x00000180   Code   RO         6319    i.SpiritRadioGetdBm2Reg  spirit_radio.o
    0x08007fbc   0x00000464   Code   RO         6320    i.SpiritRadioInit   spirit_radio.o
    0x08008420   0x000000a4   Code   RO         6322    i.SpiritRadioPersistenRx  spirit_radio.o
    0x080084c4   0x00000100   Code   RO         6323    i.SpiritRadioSearchChannelBwME  spirit_radio.o
    0x080085c4   0x000000f0   Code   RO         6324    i.SpiritRadioSearchDatarateME  spirit_radio.o
    0x080086b4   0x00000104   Code   RO         6325    i.SpiritRadioSearchFreqDevME  spirit_radio.o
    0x080087b8   0x000000c8   Code   RO         6326    i.SpiritRadioSearchWCP  spirit_radio.o
    0x08008880   0x000000a4   Code   RO         6345    i.SpiritRadioSetDigDiv  spirit_radio.o
    0x08008924   0x0000021c   Code   RO         6346    i.SpiritRadioSetFrequencyBase  spirit_radio.o
    0x08008b40   0x0000009c   Code   RO         6352    i.SpiritRadioSetPACwc  spirit_radio.o
    0x08008bdc   0x0000009c   Code   RO         6354    i.SpiritRadioSetPALevelMaxIndex  spirit_radio.o
    0x08008c78   0x00000098   Code   RO         6355    i.SpiritRadioSetPALeveldBm  spirit_radio.o
    0x08008d10   0x000000a4   Code   RO         6359    i.SpiritRadioSetRefDiv  spirit_radio.o
    0x08008db4   0x0000010c   Code   RO         6361    i.SpiritRadioSetXtalFlag  spirit_radio.o
    0x08008ec0   0x0000000c   Code   RO         6362    i.SpiritRadioSetXtalFrequency  spirit_radio.o
    0x08008ecc   0x00000098   Code   RO         7975    i.SpiritRefreshStatus  spirit_types.o
    0x08008f64   0x0000007c   Code   RO         7842    i.SpiritTimerSetRxTimeoutCounter  spirit_timer.o
    0x08008fe0   0x00000124   Code   RO         7845    i.SpiritTimerSetRxTimeoutStopCondition  spirit_timer.o
    0x08009104   0x000000bc   Code   RO        12753    i.Stack_6LoWPAN_Init  contiki-st-radio-main.o
    0x080091c0   0x0000000c   Code   RO        10984    i.SysTick_Handler   stm32l1xx_it.o
    0x080091cc   0x000000a4   Code   RO        10773    i.SystemClock_Config  cube_hal_l1.o
    0x08009270   0x00000064   Code   RO         9476    i.SystemInit        system_stm32l1xx.o
    0x080092d4   0x00000028   Code   RO        10985    i.TIM2_IRQHandler   stm32l1xx_it.o
    0x080092fc   0x00000084   Code   RO         3898    i.TIM_Base_SetConfig  stm32l1xx_hal_tim.o
    0x08009380   0x0000001c   Code   RO         3899    i.TIM_CCxChannelCmd  stm32l1xx_hal_tim.o
    0x0800939c   0x00000018   Code   RO         3905    i.TIM_ETR_SetConfig  stm32l1xx_hal_tim.o
    0x080093b4   0x00000014   Code   RO         3906    i.TIM_ITRx_SetConfig  stm32l1xx_hal_tim.o
    0x080093c8   0x00000036   Code   RO         3907    i.TIM_OC1_SetConfig  stm32l1xx_hal_tim.o
    0x080093fe   0x0000003a   Code   RO         3908    i.TIM_OC2_SetConfig  stm32l1xx_hal_tim.o
    0x08009438   0x00000038   Code   RO         3909    i.TIM_OC3_SetConfig  stm32l1xx_hal_tim.o
    0x08009470   0x0000003a   Code   RO         3910    i.TIM_OC4_SetConfig  stm32l1xx_hal_tim.o
    0x080094aa   0x0000002a   Code   RO         3912    i.TIM_TI1_ConfigInputStage  stm32l1xx_hal_tim.o
    0x080094d4   0x0000002c   Code   RO         3914    i.TIM_TI2_ConfigInputStage  stm32l1xx_hal_tim.o
    0x08009500   0x00000358   Code   RO         3056    i.UART_SetConfig    stm32l1xx_hal_uart.o
    0x08009858   0x000000fa   Code   RO         3058    i.UART_WaitOnFlagUntilTimeout  stm32l1xx_hal_uart.o
    0x08009952   0x00000002   PAD
    0x08009954   0x00000088   Code   RO        10986    i.USART2_IRQHandler  stm32l1xx_it.o
    0x080099dc   0x00000100   Code   RO        10856    i.USARTConfig       stm32l1xx_hal_msp.o
    0x08009adc   0x00000004   Code   RO        10987    i.UsageFault_Handler  stm32l1xx_it.o
    0x08009ae0   0x00000004   Code   RO        10988    i.WWDG_IRQHandler   stm32l1xx_it.o
    0x08009ae4   0x00000020   Code   RO        13366    i.__0printf$8       mc_w.l(printf8.o)
    0x08009b04   0x0000000e   Code   RO        13552    i.__scatterload_copy  mc_w.l(handlers.o)
    0x08009b12   0x00000002   Code   RO        13553    i.__scatterload_null  mc_w.l(handlers.o)
    0x08009b14   0x0000000e   Code   RO        13554    i.__scatterload_zeroinit  mc_w.l(handlers.o)
    0x08009b22   0x00000002   PAD
    0x08009b24   0x00000084   Code   RO        10548    i._print_fw_info    main.o
    0x08009ba8   0x00000410   Code   RO        13373    i._printf_core      mc_w.l(printf8.o)
    0x08009fb8   0x00000024   Code   RO        13374    i._printf_post_padding  mc_w.l(printf8.o)
    0x08009fdc   0x0000002e   Code   RO        13375    i._printf_pre_padding  mc_w.l(printf8.o)
    0x0800a00a   0x0000003e   Code   RO         8288    i.acceptable_rank   rpl-dag.o
    0x0800a048   0x00000180   Code   RO          695    i.add_fragment      sicslowpan.o
    0x0800a1c8   0x0000001a   Code   RO         8289    i.add_nbr_from_dio  rpl-dag.o
    0x0800a1e2   0x00000002   PAD
    0x0800a1e4   0x00000048   Code   RO        11889    i.add_timer         etimer.o
    0x0800a22c   0x0000003c   Code   RO          696    i.addr_context_lookup_by_number  sicslowpan.o
    0x0800a268   0x00000048   Code   RO          697    i.addr_context_lookup_by_prefix  sicslowpan.o
    0x0800a2b0   0x00000018   Code   RO        10303    i.addr_len          frame802154.o
    0x0800a2c8   0x0000001e   Code   RO        12114    i.autostart_start   autostart.o
    0x0800a2e6   0x00000002   PAD
    0x0800a2e8   0x00000018   Code   RO         9924    i.backoff_period    csma.o
    0x0800a300   0x0000003e   Code   RO         9044    i.best_dag          rpl-mrhof.o
    0x0800a33e   0x00000002   PAD
    0x0800a340   0x0000007c   Code   RO         8290    i.best_parent       rpl-dag.o
    0x0800a3bc   0x00000092   Code   RO         9045    i.best_parent       rpl-mrhof.o
    0x0800a44e   0x00000002   PAD
    0x0800a450   0x00000050   Code   RO        11793    i.call_process      process.o
    0x0800a4a0   0x00000058   Code   RO          343    i.call_route_callback  uip-ds6-route.o
    0x0800a4f8   0x00000004   Code   RO         9837    i.channel_check_interval  nullrdc.o
    0x0800a4fc   0x00000018   Code   RO         9925    i.channel_check_interval  csma.o
    0x0800a514   0x00000024   Code   RO         5384    i.check_for_tcp_syn  tcpip.o
    0x0800a538   0x00000064   Code   RO         8291    i.check_prefix      rpl-dag.o
    0x0800a59c   0x00000046   Code   RO          497    i.chksum            uip6.o
    0x0800a5e2   0x00000002   PAD
    0x0800a5e4   0x00000060   Code   RO          698    i.clear_fragments   sicslowpan.o
    0x0800a644   0x00000030   Code   RO        12599    i.clock_init        clock.o
    0x0800a674   0x0000000c   Code   RO        12600    i.clock_seconds     clock.o
    0x0800a680   0x0000000c   Code   RO        12602    i.clock_time        clock.o
    0x0800a68c   0x00000018   Code   RO        12603    i.clock_wait        clock.o
    0x0800a6a4   0x0000004c   Code   RO         9926    i.collision         csma.o
    0x0800a6f0   0x000000a4   Code   RO          699    i.compress_addr_64  sicslowpan.o
    0x0800a794   0x000005ec   Code   RO          700    i.compress_hdr_iphc  sicslowpan.o
    0x0800ad80   0x00000050   Code   RO          701    i.compress_hdr_ipv6  sicslowpan.o
    0x0800add0   0x00000098   Code   RO          702    i.copy_frags2uip    sicslowpan.o
    0x0800ae68   0x0000000c   Code   RO        10111    i.create            framer-802154.o
    0x0800ae74   0x0000015c   Code   RO        10112    i.create_frame      framer-802154.o
    0x0800afd0   0x00000024   Code   RO         1276    i.create_llao       uip-nd6.o
    0x0800aff4   0x00000028   Code   RO        11646    i.ctimer_init       ctimer.o
    0x0800b01c   0x0000003c   Code   RO        11647    i.ctimer_reset      ctimer.o
    0x0800b058   0x0000003c   Code   RO        11648    i.ctimer_restart    ctimer.o
    0x0800b094   0x00000024   Code   RO        11649    i.ctimer_set        ctimer.o
    0x0800b0b8   0x0000005c   Code   RO        11650    i.ctimer_set_with_process  ctimer.o
    0x0800b114   0x0000002c   Code   RO        11651    i.ctimer_stop       ctimer.o
    0x0800b140   0x00000014   Code   RO         8908    i.dao_ack_input     rpl-icmp6.o
    0x0800b154   0x00000002   Code   RO         8909    i.dao_ack_output    rpl-icmp6.o
    0x0800b156   0x00000002   PAD
    0x0800b158   0x00000044   Code   RO         8910    i.dao_input         rpl-icmp6.o
    0x0800b19c   0x0000036c   Code   RO         8912    i.dao_input_storing  rpl-icmp6.o
    0x0800b508   0x00000068   Code   RO         8913    i.dao_output        rpl-icmp6.o
    0x0800b570   0x0000001c   Code   RO         8914    i.dao_output_target  rpl-icmp6.o
    0x0800b58c   0x00000164   Code   RO         8915    i.dao_output_target_seq  rpl-icmp6.o
    0x0800b6f0   0x00000298   Code   RO         8916    i.dio_input         rpl-icmp6.o
    0x0800b988   0x00000280   Code   RO         8917    i.dio_output        rpl-icmp6.o
    0x0800bc08   0x00000060   Code   RO         8918    i.dis_input         rpl-icmp6.o
    0x0800bc68   0x0000005c   Code   RO         8919    i.dis_output        rpl-icmp6.o
    0x0800bcc4   0x000000a4   Code   RO        11794    i.do_event          process.o
    0x0800bd68   0x00000034   Code   RO        11795    i.do_poll           process.o
    0x0800bd9c   0x000000d8   Code   RO         1184    i.echo_reply_input  uip-icmp6.o
    0x0800be74   0x00000100   Code   RO         1185    i.echo_request_input  uip-icmp6.o
    0x0800bf74   0x00000002   Code   RO        12057    i.energest_flush    energest.o
    0x0800bf76   0x00000002   Code   RO        12058    i.energest_init     energest.o
    0x0800bf78   0x0000000a   Code   RO        11891    i.etimer_expiration_time  etimer.o
    0x0800bf82   0x0000000e   Code   RO        11892    i.etimer_expired    etimer.o
    0x0800bf90   0x00000014   Code   RO        11894    i.etimer_pending    etimer.o
    0x0800bfa4   0x00000010   Code   RO        11895    i.etimer_request_poll  etimer.o
    0x0800bfb4   0x00000012   Code   RO        11896    i.etimer_reset      etimer.o
    0x0800bfc6   0x00000016   Code   RO        11897    i.etimer_reset_with_new_interval  etimer.o
    0x0800bfdc   0x00000012   Code   RO        11898    i.etimer_restart    etimer.o
    0x0800bfee   0x00000016   Code   RO        11899    i.etimer_set        etimer.o
    0x0800c004   0x00000044   Code   RO        11901    i.etimer_stop       etimer.o
    0x0800c048   0x00000144   Code   RO         5385    i.eventhandler      tcpip.o
    0x0800c18c   0x000000a0   Code   RO        11796    i.exit_process      process.o
    0x0800c22c   0x00000124   Code   RO          498    i.ext_hdr_options_process  uip6.o
    0x0800c350   0x00000024   Code   RO         1277    i.extract_lladdr_from_llao_aligned  uip-nd6.o
    0x0800c374   0x00000076   Code   RO        10304    i.field_len         frame802154.o
    0x0800c3ea   0x00000002   PAD
    0x0800c3ec   0x00000024   Code   RO         8292    i.find_parent_any_dag_any_instance  rpl-dag.o
    0x0800c410   0x00000018   Code   RO         8293    i.find_parent_dag   rpl-dag.o
    0x0800c428   0x00000038   Code   RO         8230    i.find_removable_dao  rpl-nbr-policy.o
    0x0800c460   0x00000048   Code   RO         8231    i.find_removable_dio  rpl-nbr-policy.o
    0x0800c4a8   0x00000024   Code   RO         8232    i.find_removable_dis  rpl-nbr-policy.o
    0x0800c4cc   0x0000000e   Code   RO        12916    i.fputc             console.o
    0x0800c4da   0x000000a4   Code   RO        10306    i.frame802154_create  frame802154.o
    0x0800c57e   0x0000005a   Code   RO        10307    i.frame802154_create_fcf  frame802154.o
    0x0800c5d8   0x0000000c   Code   RO        10309    i.frame802154_get_pan_id  frame802154.o
    0x0800c5e4   0x000000ba   Code   RO        10310    i.frame802154_has_panid  frame802154.o
    0x0800c69e   0x00000032   Code   RO        10311    i.frame802154_hdrlen  frame802154.o
    0x0800c6d0   0x00000026   Code   RO        10312    i.frame802154_is_broadcast_addr  frame802154.o
    0x0800c6f6   0x00000002   PAD
    0x0800c6f8   0x00000134   Code   RO        10313    i.frame802154_parse  frame802154.o
    0x0800c82c   0x00000074   Code   RO        10314    i.frame802154_parse_fcf  frame802154.o
    0x0800c8a0   0x00000070   Code   RO         9927    i.free_packet       csma.o
    0x0800c910   0x0000000e   Code   RO         8920    i.get16             rpl-icmp6.o
    0x0800c91e   0x0000001e   Code   RO         8921    i.get32             rpl-icmp6.o
    0x0800c93c   0x00000042   Code   RO         8294    i.get_dag           rpl-dag.o
    0x0800c97e   0x00000002   PAD
    0x0800c980   0x0000005c   Code   RO         8922    i.get_global_addr   rpl-icmp6.o
    0x0800c9dc   0x00000052   Code   RO           10    i.get_match_length  uip-ds6.o
    0x0800ca2e   0x00000002   PAD
    0x0800ca30   0x0000003c   Code   RO         8727    i.get_probing_delay  rpl-timers.o
    0x0800ca6c   0x000000dc   Code   RO         8728    i.get_probing_target  rpl-timers.o
    0x0800cb48   0x000000ac   Code   RO         8295    i.global_repair     rpl-dag.o
    0x0800cbf4   0x0000005c   Code   RO         8729    i.handle_dao_timer  rpl-timers.o
    0x0800cc50   0x00000094   Code   RO         8730    i.handle_dio_timer  rpl-timers.o
    0x0800cce4   0x000000a0   Code   RO         9715    i.handle_incoming_reg  servreg-hack.o
    0x0800cd84   0x00000014   Code   RO         8233    i.handle_periodic_timer  rpl-nbr-policy.o
    0x0800cd98   0x00000054   Code   RO         8731    i.handle_periodic_timer  rpl-timers.o
    0x0800cdec   0x0000003c   Code   RO         8732    i.handle_probing_timer  rpl-timers.o
    0x0800ce28   0x0000001c   Code   RO         8733    i.handle_unicast_dio_timer  rpl-timers.o
    0x0800ce44   0x0000000c   Code   RO        10113    i.hdr_length        framer-802154.o
    0x0800ce50   0x00000018   Code   RO        11509    i.index_from_item   nbr-table.o
    0x0800ce68   0x0000001c   Code   RO        11510    i.index_from_key    nbr-table.o
    0x0800ce84   0x00000040   Code   RO        11511    i.index_from_lladdr  nbr-table.o
    0x0800cec4   0x00000002   Code   RO         1311    i.init              nullsec.o
    0x0800cec6   0x00000008   Code   RO         9838    i.init              nullrdc.o
    0x0800cece   0x00000002   PAD
    0x0800ced0   0x00000024   Code   RO         9928    i.init              csma.o
    0x0800cef4   0x00000020   Code   RO         5773    i.init_simple_udp   simple-udp.o
    0x0800cf14   0x0000029c   Code   RO          703    i.input             sicslowpan.o
    0x0800d1b0   0x00000010   Code   RO         1312    i.input             nullsec.o
    0x0800d1c0   0x00000040   Code   RO         1186    i.input_handler_lookup  uip-icmp6.o
    0x0800d200   0x00000010   Code   RO         9929    i.input_packet      csma.o
    0x0800d210   0x00000114   Code   RO         9240    i.insert_hbh_header  rpl-ext-header.o
    0x0800d324   0x00000016   Code   RO        11512    i.item_from_index   nbr-table.o
    0x0800d33a   0x00000018   Code   RO        11513    i.item_from_key     nbr-table.o
    0x0800d352   0x00000002   PAD
    0x0800d354   0x0000001c   Code   RO        11514    i.key_from_index    nbr-table.o
    0x0800d370   0x00000016   Code   RO        11515    i.key_from_item     nbr-table.o
    0x0800d386   0x00000002   PAD
    0x0800d388   0x00000014   Code   RO        11277    i.link_stats_from_lladdr  link-stats.o
    0x0800d39c   0x0000002c   Code   RO        11278    i.link_stats_init   link-stats.o
    0x0800d3c8   0x0000005c   Code   RO        11279    i.link_stats_input_callback  link-stats.o
    0x0800d424   0x00000028   Code   RO        11280    i.link_stats_is_fresh  link-stats.o
    0x0800d44c   0x00000094   Code   RO        11281    i.link_stats_packet_sent  link-stats.o
    0x0800d4e0   0x0000001a   Code   RO        11478    i.linkaddr_cmp      linkaddr.o
    0x0800d4fa   0x0000000a   Code   RO        11479    i.linkaddr_copy     linkaddr.o
    0x0800d504   0x00000014   Code   RO        11480    i.linkaddr_set_node_addr  linkaddr.o
    0x0800d518   0x00000024   Code   RO         9310    i.list_add          list.o
    0x0800d53c   0x00000006   Code   RO         9313    i.list_head         list.o
    0x0800d542   0x00000006   Code   RO         9314    i.list_init         list.o
    0x0800d548   0x0000000c   Code   RO         9316    i.list_item_next    list.o
    0x0800d554   0x00000012   Code   RO         9317    i.list_length       list.o
    0x0800d566   0x00000016   Code   RO         9319    i.list_push         list.o
    0x0800d57c   0x00000034   Code   RO         9320    i.list_remove       list.o
    0x0800d5b0   0x0000001a   Code   RO         9321    i.list_tail         list.o
    0x0800d5ca   0x00000038   Code   RO         8296    i.lollipop_greater_than  rpl-dag.o
    0x0800d602   0x00000030   Code   RO        10099    i.mac_call_sent_callback  mac.o
    0x0800d632   0x00000002   PAD
    0x0800d634   0x00000068   Code   RO        10549    i.main              main.o
    0x0800d69c   0x0000002c   Code   RO         9274    i.memb_alloc        memb.o
    0x0800d6c8   0x00000038   Code   RO         9275    i.memb_free         memb.o
    0x0800d700   0x0000001c   Code   RO         9276    i.memb_init         memb.o
    0x0800d71c   0x00000020   Code   RO         9277    i.memb_inmemb       memb.o
    0x0800d73c   0x0000001a   Code   RO         9278    i.memb_numfree      memb.o
    0x0800d756   0x0000000c   Code   RO         8297    i.nbr_callback      rpl-dag.o
    0x0800d762   0x00000034   Code   RO        11516    i.nbr_get_bit       nbr-table.o
    0x0800d796   0x00000046   Code   RO        11517    i.nbr_set_bit       nbr-table.o
    0x0800d7dc   0x00000078   Code   RO        11518    i.nbr_table_add_lladdr  nbr-table.o
    0x0800d854   0x000000d8   Code   RO        11519    i.nbr_table_allocate  nbr-table.o
    0x0800d92c   0x00000034   Code   RO        11520    i.nbr_table_get_from_lladdr  nbr-table.o
    0x0800d960   0x0000001a   Code   RO        11521    i.nbr_table_get_lladdr  nbr-table.o
    0x0800d97a   0x00000002   PAD
    0x0800d97c   0x0000003c   Code   RO        11522    i.nbr_table_head    nbr-table.o
    0x0800d9b8   0x00000018   Code   RO        11523    i.nbr_table_lock    nbr-table.o
    0x0800d9d0   0x0000003c   Code   RO        11524    i.nbr_table_next    nbr-table.o
    0x0800da0c   0x00000034   Code   RO        11525    i.nbr_table_register  nbr-table.o
    0x0800da40   0x0000002c   Code   RO        11526    i.nbr_table_remove  nbr-table.o
    0x0800da6c   0x00000018   Code   RO        11527    i.nbr_table_unlock  nbr-table.o
    0x0800da84   0x0000005a   Code   RO        11528    i.nbr_table_update_lladdr  nbr-table.o
    0x0800dade   0x00000002   PAD
    0x0800dae0   0x00000034   Code   RO         9930    i.neighbor_queue_from_addr  csma.o
    0x0800db14   0x00000038   Code   RO        11330    i.netstack_init     netstack.o
    0x0800db4c   0x00000058   Code   RO         8734    i.new_dio_interval  rpl-timers.o
    0x0800dba4   0x0000003a   Code   RO         9931    i.noack             csma.o
    0x0800dbde   0x00000002   PAD
    0x0800dbe0   0x0000004c   Code   RO        12391    i.node_id_restore   node-id.o
    0x0800dc2c   0x00000324   Code   RO         1278    i.ns_input          uip-nd6.o
    0x0800df50   0x0000003c   Code   RO         8298    i.nullify_parents   rpl-dag.o
    0x0800df8c   0x0000001c   Code   RO         9839    i.off               nullrdc.o
    0x0800dfa8   0x00000014   Code   RO         9932    i.off               csma.o
    0x0800dfbc   0x00000010   Code   RO         9840    i.on                nullrdc.o
    0x0800dfcc   0x00000010   Code   RO         9933    i.on                csma.o
    0x0800dfdc   0x000002bc   Code   RO          704    i.output            sicslowpan.o
    0x0800e298   0x00000028   Code   RO         5386    i.packet_input      tcpip.o
    0x0800e2c0   0x0000003c   Code   RO         9841    i.packet_input      nullrdc.o
    0x0800e2fc   0x00000030   Code   RO          705    i.packet_sent       sicslowpan.o
    0x0800e32c   0x00000092   Code   RO         9934    i.packet_sent       csma.o
    0x0800e3be   0x00000002   PAD
    0x0800e3c0   0x00000014   Code   RO        11342    i.packetbuf_addr    packetbuf.o
    0x0800e3d4   0x00000010   Code   RO        11343    i.packetbuf_attr    packetbuf.o
    0x0800e3e4   0x00000030   Code   RO        11344    i.packetbuf_attr_clear  packetbuf.o
    0x0800e414   0x00000024   Code   RO        11345    i.packetbuf_attr_copyfrom  packetbuf.o
    0x0800e438   0x00000024   Code   RO        11346    i.packetbuf_attr_copyto  packetbuf.o
    0x0800e45c   0x00000024   Code   RO        11347    i.packetbuf_clear   packetbuf.o
    0x0800e480   0x00000034   Code   RO        11349    i.packetbuf_copyfrom  packetbuf.o
    0x0800e4b4   0x00000054   Code   RO        11350    i.packetbuf_copyto  packetbuf.o
    0x0800e508   0x0000000c   Code   RO        11351    i.packetbuf_datalen  packetbuf.o
    0x0800e514   0x00000014   Code   RO        11352    i.packetbuf_dataptr  packetbuf.o
    0x0800e528   0x00000048   Code   RO        11353    i.packetbuf_hdralloc  packetbuf.o
    0x0800e570   0x00000018   Code   RO        11354    i.packetbuf_hdrlen  packetbuf.o
    0x0800e588   0x0000000c   Code   RO        11355    i.packetbuf_hdrptr  packetbuf.o
    0x0800e594   0x00000030   Code   RO        11356    i.packetbuf_hdrreduce  packetbuf.o
    0x0800e5c4   0x00000014   Code   RO        11357    i.packetbuf_holds_broadcast  packetbuf.o
    0x0800e5d8   0x00000020   Code   RO        11359    i.packetbuf_set_addr  packetbuf.o
    0x0800e5f8   0x00000010   Code   RO        11360    i.packetbuf_set_attr  packetbuf.o
    0x0800e608   0x0000000c   Code   RO        11361    i.packetbuf_set_datalen  packetbuf.o
    0x0800e614   0x00000012   Code   RO        11362    i.packetbuf_totlen  packetbuf.o
    0x0800e626   0x0000001a   Code   RO         9046    i.parent_has_usable_link  rpl-mrhof.o
    0x0800e640   0x00000028   Code   RO         9047    i.parent_is_acceptable  rpl-mrhof.o
    0x0800e668   0x00000018   Code   RO         9048    i.parent_link_metric  rpl-mrhof.o
    0x0800e680   0x0000003a   Code   RO         9049    i.parent_path_cost  rpl-mrhof.o
    0x0800e6ba   0x000000a4   Code   RO        10114    i.parse             framer-802154.o
    0x0800e75e   0x0000002a   Code   RO         9716    i.parse_incoming_packet  servreg-hack.o
    0x0800e788   0x00000038   Code   RO        11282    i.periodic          link-stats.o
    0x0800e7c0   0x00000050   Code   RO         8923    i.prepare_for_dao_fwd  rpl-icmp6.o
    0x0800e810   0x000005e0   Code   RO        12754    i.print_parameters  contiki-st-radio-main.o
    0x0800edf0   0x00000014   Code   RO        11797    i.process_alloc_event  process.o
    0x0800ee04   0x00000038   Code   RO        11799    i.process_init      process.o
    0x0800ee3c   0x0000000e   Code   RO        11800    i.process_is_running  process.o
    0x0800ee4a   0x00000002   PAD
    0x0800ee4c   0x0000001c   Code   RO        11802    i.process_poll      process.o
    0x0800ee68   0x0000007c   Code   RO        11803    i.process_post      process.o
    0x0800eee4   0x00000024   Code   RO        11804    i.process_post_synch  process.o
    0x0800ef08   0x00000024   Code   RO        11805    i.process_run       process.o
    0x0800ef2c   0x00000040   Code   RO        11806    i.process_start     process.o
    0x0800ef6c   0x000000b0   Code   RO        10628    i.process_thread_battery_process  unicast-sender.o
    0x0800f01c   0x000000b4   Code   RO        11652    i.process_thread_ctimer_process  ctimer.o
    0x0800f0d0   0x00000180   Code   RO        10629    i.process_thread_data_receiver_process  unicast-sender.o
    0x0800f250   0x000000e4   Code   RO        11902    i.process_thread_etimer_process  etimer.o
    0x0800f334   0x000000f4   Code   RO         9717    i.process_thread_servreg_hack_process  servreg-hack.o
    0x0800f428   0x000000dc   Code   RO         5774    i.process_thread_simple_udp_process  simple-udp.o
    0x0800f504   0x000000d0   Code   RO        13011    i.process_thread_subGHz_radio_process  radio-driver.o
    0x0800f5d4   0x0000008c   Code   RO         5387    i.process_thread_tcpip_process  tcpip.o
    0x0800f660   0x00000294   Code   RO        10630    i.process_thread_unicast_sender_process  unicast-sender.o
    0x0800f8f4   0x00000080   Code   RO         9718    i.purge_registrations  servreg-hack.o
    0x0800f974   0x00000018   Code   RO        11144    i.queuebuf_attr     queuebuf.o
    0x0800f98c   0x00000028   Code   RO        11148    i.queuebuf_free     queuebuf.o
    0x0800f9b4   0x00000018   Code   RO        11149    i.queuebuf_init     queuebuf.o
    0x0800f9cc   0x00000006   Code   RO        11150    i.queuebuf_load_to_ram  queuebuf.o
    0x0800f9d2   0x00000002   PAD
    0x0800f9d4   0x00000048   Code   RO        11151    i.queuebuf_new_from_packetbuf  queuebuf.o
    0x0800fa1c   0x00000010   Code   RO        11152    i.queuebuf_numfree  queuebuf.o
    0x0800fa2c   0x00000034   Code   RO        11153    i.queuebuf_to_packetbuf  queuebuf.o
    0x0800fa60   0x0000001a   Code   RO        11154    i.queuebuf_update_attr_from_packetbuf  queuebuf.o
    0x0800fa7a   0x00000002   PAD
    0x0800fa7c   0x000000a4   Code   RO        12417    i.radio_arch_refresh_status  radio-arch.o
    0x0800fb20   0x00000118   Code   RO        13012    i.radio_printstatus  radio-driver.o
    0x0800fc38   0x00000124   Code   RO        13013    i.radio_set_ready_state  radio-driver.o
    0x0800fd5c   0x0000000c   Code   RO        13014    i.radio_strobe      radio-driver.o
    0x0800fd68   0x0000000c   Code   RO         9451    i.random_init       random.o
    0x0800fd74   0x0000000a   Code   RO         9452    i.random_rand       random.o
    0x0800fd7e   0x0000005e   Code   RO         9050    i.rank_via_parent   rpl-mrhof.o
    0x0800fddc   0x00000198   Code   RO        10632    i.receiver          unicast-sender.o
    0x0800ff74   0x0000007c   Code   RO          499    i.remove_ext_hdr    uip6.o
    0x0800fff0   0x00000074   Code   RO        11529    i.remove_key        nbr-table.o
    0x08010064   0x0000003c   Code   RO         8299    i.remove_parents    rpl-dag.o
    0x080100a0   0x00000002   Code   RO         9051    i.reset             rpl-mrhof.o
    0x080100a2   0x00000014   Code   RO         9935    i.rexmit            csma.o
    0x080100b6   0x00000002   PAD
    0x080100b8   0x00000038   Code   RO          344    i.rm_routelist      uip-ds6-route.o
    0x080100f0   0x0000000c   Code   RO          345    i.rm_routelist_callback  uip-ds6-route.o
    0x080100fc   0x00000094   Code   RO        13117    i.round             m_ws.l(round.o)
    0x08010190   0x0000010e   Code   RO         8300    i.rpl_add_dag       rpl-dag.o
    0x0801029e   0x00000002   PAD
    0x080102a0   0x00000040   Code   RO         8301    i.rpl_add_parent    rpl-dag.o
    0x080102e0   0x00000054   Code   RO         8659    i.rpl_add_route     rpl.o
    0x08010334   0x00000054   Code   RO         8302    i.rpl_alloc_dag     rpl-dag.o
    0x08010388   0x00000044   Code   RO         8303    i.rpl_alloc_instance  rpl-dag.o
    0x080103cc   0x00000018   Code   RO         8304    i.rpl_dag_init      rpl-dag.o
    0x080103e4   0x00000028   Code   RO         8305    i.rpl_find_of       rpl-dag.o
    0x0801040c   0x0000001e   Code   RO         8306    i.rpl_find_parent   rpl-dag.o
    0x0801042a   0x00000024   Code   RO         8307    i.rpl_find_parent_any_dag  rpl-dag.o
    0x0801044e   0x00000042   Code   RO         8308    i.rpl_free_dag      rpl-dag.o
    0x08010490   0x00000048   Code   RO         8310    i.rpl_get_any_dag   rpl-dag.o
    0x080104d8   0x00000098   Code   RO         8311    i.rpl_get_dag       rpl-dag.o
    0x08010570   0x0000004c   Code   RO         8313    i.rpl_get_instance  rpl-dag.o
    0x080105bc   0x0000000c   Code   RO         8660    i.rpl_get_mode      rpl.o
    0x080105c8   0x00000018   Code   RO         8315    i.rpl_get_parent    rpl-dag.o
    0x080105e0   0x00000014   Code   RO         8316    i.rpl_get_parent_ipaddr  rpl-dag.o
    0x080105f4   0x00000014   Code   RO         8318    i.rpl_get_parent_link_stats  rpl-dag.o
    0x08010608   0x00000014   Code   RO         8319    i.rpl_get_parent_lladdr  rpl-dag.o
    0x0801061c   0x0000002c   Code   RO         8924    i.rpl_icmp6_register_handlers  rpl-icmp6.o
    0x08010648   0x00000034   Code   RO         8925    i.rpl_icmp6_update_nbr_table  rpl-icmp6.o
    0x0801067c   0x00000050   Code   RO         8661    i.rpl_init          rpl.o
    0x080106cc   0x00000040   Code   RO         8662    i.rpl_ipv6_neighbor_callback  rpl.o
    0x0801070c   0x00000134   Code   RO         8322    i.rpl_join_instance  rpl-dag.o
    0x08010840   0x00000070   Code   RO         8663    i.rpl_link_neighbor_callback  rpl.o
    0x080108b0   0x0000007a   Code   RO         8323    i.rpl_local_repair  rpl-dag.o
    0x0801092a   0x00000064   Code   RO         8324    i.rpl_move_parent   rpl-dag.o
    0x0801098e   0x00000002   PAD
    0x08010990   0x00000038   Code   RO         8234    i.rpl_nbr_policy_find_removable  rpl-nbr-policy.o
    0x080109c8   0x0000005a   Code   RO         8325    i.rpl_nullify_parent  rpl-dag.o
    0x08010a22   0x00000014   Code   RO         8326    i.rpl_parent_is_fresh  rpl-dag.o
    0x08010a36   0x0000003a   Code   RO         8327    i.rpl_parent_is_reachable  rpl-dag.o
    0x08010a70   0x0000023a   Code   RO         8329    i.rpl_process_dio   rpl-dag.o
    0x08010caa   0x0000007e   Code   RO         8330    i.rpl_process_parent_event  rpl-dag.o
    0x08010d28   0x00000070   Code   RO         8664    i.rpl_purge_dags    rpl.o
    0x08010d98   0x00000080   Code   RO         8665    i.rpl_purge_routes  rpl.o
    0x08010e18   0x0000002c   Code   RO         8331    i.rpl_rank_via_parent  rpl-dag.o
    0x08010e44   0x00000048   Code   RO         8332    i.rpl_recalculate_ranks  rpl-dag.o
    0x08010e8c   0x000000f8   Code   RO         9241    i.rpl_remove_header  rpl-ext-header.o
    0x08010f84   0x0000001c   Code   RO         8333    i.rpl_remove_parent  rpl-dag.o
    0x08010fa0   0x0000002e   Code   RO         8666    i.rpl_remove_routes  rpl.o
    0x08010fce   0x0000003c   Code   RO         8667    i.rpl_remove_routes_by_nexthop  rpl.o
    0x0801100a   0x00000074   Code   RO         8334    i.rpl_repair_root   rpl-dag.o
    0x0801107e   0x00000024   Code   RO         8736    i.rpl_reset_dio_timer  rpl-timers.o
    0x080110a2   0x00000002   PAD
    0x080110a4   0x00000038   Code   RO         8737    i.rpl_reset_periodic_timer  rpl-timers.o
    0x080110dc   0x00000010   Code   RO         8738    i.rpl_schedule_dao  rpl-timers.o
    0x080110ec   0x00000020   Code   RO         8740    i.rpl_schedule_probing  rpl-timers.o
    0x0801110c   0x00000018   Code   RO         8741    i.rpl_schedule_unicast_dio_immediately  rpl-timers.o
    0x08011124   0x0000018e   Code   RO         8335    i.rpl_select_dag    rpl-dag.o
    0x080112b2   0x00000062   Code   RO         8336    i.rpl_select_parent  rpl-dag.o
    0x08011314   0x00000036   Code   RO         8338    i.rpl_set_default_route  rpl-dag.o
    0x0801134a   0x00000002   PAD
    0x0801134c   0x0000002c   Code   RO         8339    i.rpl_set_preferred_parent  rpl-dag.o
    0x08011378   0x00000068   Code   RO         8340    i.rpl_set_prefix    rpl-dag.o
    0x080113e0   0x00000090   Code   RO         9242    i.rpl_update_header  rpl-ext-header.o
    0x08011470   0x00000188   Code   RO         9243    i.rpl_verify_hbh_header  rpl-ext-header.o
    0x080115f8   0x000000b4   Code   RO        12541    i.rtimer_arch_init  rtimer-arch.o
    0x080116ac   0x0000000c   Code   RO        12542    i.rtimer_arch_now   rtimer-arch.o
    0x080116b8   0x00000008   Code   RO        12087    i.rtimer_init       rtimer.o
    0x080116c0   0x00000058   Code   RO         8742    i.schedule_dao      rpl-timers.o
    0x08011718   0x00000048   Code   RO         9936    i.schedule_transmission  csma.o
    0x08011760   0x00000020   Code   RO         1313    i.send              nullsec.o
    0x08011780   0x00000034   Code   RO         9842    i.send_list         nullrdc.o
    0x080117b4   0x00000078   Code   RO         9843    i.send_one_packet   nullrdc.o
    0x0801182c   0x00000024   Code   RO          708    i.send_packet       sicslowpan.o
    0x08011850   0x00000010   Code   RO         9844    i.send_packet       nullrdc.o
    0x08011860   0x00000144   Code   RO         9937    i.send_packet       csma.o
    0x080119a4   0x000000dc   Code   RO         9719    i.send_udp_packet   servreg-hack.o
    0x08011a80   0x00000044   Code   RO         9720    i.servreg_hack_init  servreg-hack.o
    0x08011ac4   0x00000008   Code   RO         9721    i.servreg_hack_item_address  servreg-hack.o
    0x08011acc   0x00000006   Code   RO         9722    i.servreg_hack_item_id  servreg-hack.o
    0x08011ad2   0x00000002   PAD
    0x08011ad4   0x00000014   Code   RO         9723    i.servreg_hack_list_head  servreg-hack.o
    0x08011ae8   0x00000036   Code   RO         9724    i.servreg_hack_lookup  servreg-hack.o
    0x08011b1e   0x00000012   Code   RO         8926    i.set16             rpl-icmp6.o
    0x08011b30   0x00000026   Code   RO         8927    i.set32             rpl-icmp6.o
    0x08011b56   0x00000002   PAD
    0x08011b58   0x00000050   Code   RO         8743    i.set_dao_lifetime_timer  rpl-timers.o
    0x08011ba8   0x0000009c   Code   RO        10633    i.set_global_address  unicast-sender.o
    0x08011c44   0x00000030   Code   RO         8342    i.set_ip_from_prefix  rpl-dag.o
    0x08011c74   0x00000064   Code   RO          709    i.set_packet_attrs  sicslowpan.o
    0x08011cd8   0x00000020   Code   RO        12755    i.set_rime_addr     contiki-st-radio-main.o
    0x08011cf8   0x0000002c   Code   RO         8343    i.should_refresh_routes  rpl-dag.o
    0x08011d24   0x0000003c   Code   RO          711    i.sicslowpan_init   sicslowpan.o
    0x08011d60   0x00000074   Code   RO         5775    i.simple_udp_register  simple-udp.o
    0x08011dd4   0x0000002c   Code   RO         5777    i.simple_udp_sendto  simple-udp.o
    0x08011e00   0x00000018   Code   RO         5388    i.start_periodic_tcp_timer  tcpip.o
    0x08011e18   0x00000020   Code   RO        11703    i.stimer_expired    stimer.o
    0x08011e38   0x00000010   Code   RO        11707    i.stimer_set        stimer.o
    0x08011e48   0x000000b4   Code   RO          712    i.store_fragment    sicslowpan.o
    0x08011efc   0x00000024   Code   RO         5393    i.tcpip_input       tcpip.o
    0x08011f20   0x00000124   Code   RO         5394    i.tcpip_ipv6_output  tcpip.o
    0x08012044   0x00000020   Code   RO         5395    i.tcpip_output      tcpip.o
    0x08012064   0x0000000c   Code   RO         5398    i.tcpip_set_outputfunc  tcpip.o
    0x08012070   0x0000007c   Code   RO         5399    i.tcpip_uipcall     tcpip.o
    0x080120ec   0x00000050   Code   RO          713    i.timeout_fragments  sicslowpan.o
    0x0801213c   0x0000001c   Code   RO        11744    i.timer_expired     timer.o
    0x08012158   0x0000000a   Code   RO        11746    i.timer_reset       timer.o
    0x08012162   0x0000000c   Code   RO        11747    i.timer_restart     timer.o
    0x0801216e   0x00000010   Code   RO        11748    i.timer_set         timer.o
    0x0801217e   0x00000002   PAD
    0x08012180   0x0000002c   Code   RO         9938    i.transmit_packet_list  csma.o
    0x080121ac   0x00000048   Code   RO         9939    i.tx_done           csma.o
    0x080121f4   0x00000022   Code   RO         9940    i.tx_ok             csma.o
    0x08012216   0x00000002   PAD
    0x08012218   0x00000018   Code   RO        12918    i.uart_send_char    console.o
    0x08012230   0x0000004a   Code   RO         5401    i.udp_broadcast_new  tcpip.o
    0x0801227a   0x00000002   PAD
    0x0801227c   0x00000030   Code   RO         5402    i.udp_new           tcpip.o
    0x080122ac   0x00000070   Code   RO          500    i.uip_add32         uip6.o
    0x0801231c   0x00000044   Code   RO          501    i.uip_add_rcv_nxt   uip6.o
    0x08012360   0x000000bc   Code   RO         6098    i.uip_debug_ipaddr_print  uip-debug.o
    0x0801241c   0x000000a4   Code   RO           14    i.uip_ds6_addr_add  uip-ds6.o
    0x080124c0   0x0000002c   Code   RO           15    i.uip_ds6_addr_lookup  uip-ds6.o
    0x080124ec   0x00000050   Code   RO           16    i.uip_ds6_addr_rm   uip-ds6.o
    0x0801253c   0x0000003c   Code   RO           17    i.uip_ds6_compute_reachable_time  uip-ds6.o
    0x08012578   0x00000060   Code   RO          346    i.uip_ds6_defrt_add  uip-ds6-route.o
    0x080125d8   0x00000038   Code   RO          347    i.uip_ds6_defrt_choose  uip-ds6-route.o
    0x08012610   0x00000034   Code   RO          349    i.uip_ds6_defrt_lookup  uip-ds6-route.o
    0x08012644   0x00000040   Code   RO          350    i.uip_ds6_defrt_periodic  uip-ds6-route.o
    0x08012684   0x0000004c   Code   RO          351    i.uip_ds6_defrt_rm  uip-ds6-route.o
    0x080126d0   0x0000005c   Code   RO           19    i.uip_ds6_get_link_local  uip-ds6.o
    0x0801272c   0x000000f4   Code   RO           20    i.uip_ds6_init      uip-ds6.o
    0x08012820   0x00000050   Code   RO           21    i.uip_ds6_is_addr_onlink  uip-ds6.o
    0x08012870   0x00000038   Code   RO         1019    i.uip_ds6_link_neighbor_callback  uip-ds6-nbr.o
    0x080128a8   0x0000004a   Code   RO           22    i.uip_ds6_list_loop  uip-ds6.o
    0x080128f2   0x00000002   PAD
    0x080128f4   0x00000044   Code   RO           23    i.uip_ds6_maddr_add  uip-ds6.o
    0x08012938   0x0000002c   Code   RO           24    i.uip_ds6_maddr_lookup  uip-ds6.o
    0x08012964   0x00000008   Code   RO           25    i.uip_ds6_maddr_rm  uip-ds6.o
    0x0801296c   0x00000044   Code   RO         1020    i.uip_ds6_nbr_add   uip-ds6-nbr.o
    0x080129b0   0x00000014   Code   RO         1022    i.uip_ds6_nbr_get_ll  uip-ds6-nbr.o
    0x080129c4   0x00000016   Code   RO         1023    i.uip_ds6_nbr_ipaddr_from_lladdr  uip-ds6-nbr.o
    0x080129da   0x00000002   PAD
    0x080129dc   0x00000014   Code   RO         1024    i.uip_ds6_nbr_ll_lookup  uip-ds6-nbr.o
    0x080129f0   0x0000001a   Code   RO         1025    i.uip_ds6_nbr_lladdr_from_ipaddr  uip-ds6-nbr.o
    0x08012a0a   0x00000002   PAD
    0x08012a0c   0x0000003c   Code   RO         1026    i.uip_ds6_nbr_lookup  uip-ds6-nbr.o
    0x08012a48   0x00000020   Code   RO         1028    i.uip_ds6_nbr_rm    uip-ds6-nbr.o
    0x08012a68   0x0000001c   Code   RO         1029    i.uip_ds6_neighbors_init  uip-ds6-nbr.o
    0x08012a84   0x0000005c   Code   RO           26    i.uip_ds6_periodic  uip-ds6.o
    0x08012ae0   0x00000070   Code   RO           27    i.uip_ds6_prefix_add  uip-ds6.o
    0x08012b50   0x00000124   Code   RO          354    i.uip_ds6_route_add  uip-ds6-route.o
    0x08012c74   0x00000010   Code   RO          355    i.uip_ds6_route_head  uip-ds6-route.o
    0x08012c84   0x00000050   Code   RO          356    i.uip_ds6_route_init  uip-ds6-route.o
    0x08012cd4   0x0000002c   Code   RO          357    i.uip_ds6_route_is_nexthop  uip-ds6-route.o
    0x08012d00   0x00000074   Code   RO          358    i.uip_ds6_route_lookup  uip-ds6-route.o
    0x08012d74   0x00000016   Code   RO          359    i.uip_ds6_route_next  uip-ds6-route.o
    0x08012d8a   0x00000018   Code   RO          360    i.uip_ds6_route_nexthop  uip-ds6-route.o
    0x08012da2   0x00000002   PAD
    0x08012da4   0x0000001c   Code   RO          361    i.uip_ds6_route_nexthop_lladdr  uip-ds6-route.o
    0x08012dc0   0x0000000c   Code   RO          362    i.uip_ds6_route_num_routes  uip-ds6-route.o
    0x08012dcc   0x000000a4   Code   RO          363    i.uip_ds6_route_rm  uip-ds6-route.o
    0x08012e70   0x000000b8   Code   RO           30    i.uip_ds6_select_src  uip-ds6.o
    0x08012f28   0x00000012   Code   RO           31    i.uip_ds6_set_addr_iid  uip-ds6.o
    0x08012f3a   0x0000001a   Code   RO          504    i.uip_htonl         uip6.o
    0x08012f54   0x0000000c   Code   RO          505    i.uip_htons         uip6.o
    0x08012f60   0x000001c0   Code   RO         1189    i.uip_icmp6_error_output  uip-icmp6.o
    0x08013120   0x00000018   Code   RO         1190    i.uip_icmp6_init    uip-icmp6.o
    0x08013138   0x00000026   Code   RO         1191    i.uip_icmp6_input   uip-icmp6.o
    0x0801315e   0x00000002   PAD
    0x08013160   0x00000014   Code   RO         1192    i.uip_icmp6_register_input_handler  uip-icmp6.o
    0x08013174   0x0000009c   Code   RO         1193    i.uip_icmp6_send    uip-icmp6.o
    0x08013210   0x0000000a   Code   RO          506    i.uip_icmp6chksum   uip6.o
    0x0801321a   0x00000002   PAD
    0x0801321c   0x00000068   Code   RO          507    i.uip_init          uip6.o
    0x08013284   0x00000010   Code   RO         1279    i.uip_nd6_init      uip-nd6.o
    0x08013294   0x00001258   Code   RO          509    i.uip_process       uip6.o
    0x080144ec   0x0000000a   Code   RO          511    i.uip_tcpchksum     uip6.o
    0x080144f6   0x00000002   PAD
    0x080144f8   0x000000ac   Code   RO          512    i.uip_udp_new       uip6.o
    0x080145a4   0x00000044   Code   RO         6079    i.uip_udp_packet_send  uip-udp-packet.o
    0x080145e8   0x0000004a   Code   RO         6080    i.uip_udp_packet_sendto  uip-udp-packet.o
    0x08014632   0x0000000a   Code   RO          513    i.uip_udpchksum     uip6.o
    0x0801463c   0x00000028   Code   RO          514    i.uip_unlisten      uip6.o
    0x08014664   0x00000090   Code   RO          714    i.uncompress_addr   sicslowpan.o
    0x080146f4   0x00000444   Code   RO          715    i.uncompress_hdr_iphc  sicslowpan.o
    0x08014b38   0x0000016c   Code   RO         9244    i.update_hbh_header  rpl-ext-header.o
    0x08014ca4   0x00000006   Code   RO         9052    i.update_metric_container  rpl-mrhof.o
    0x08014caa   0x00000002   PAD
    0x08014cac   0x0000011c   Code   RO         8235    i.update_nbr        rpl-nbr-policy.o
    0x08014dc8   0x00000050   Code   RO        11903    i.update_time       etimer.o
    0x08014e18   0x00000060   Code   RO          515    i.upper_layer_chksum  uip6.o
    0x08014e78   0x00000002   Code   RO        12714    i.watchdog_init     watchdog.o
    0x08014e7a   0x00000002   Code   RO        12715    i.watchdog_periodic  watchdog.o
    0x08014e7c   0x00000002   Code   RO        12717    i.watchdog_start    watchdog.o
    0x08014e7e   0x00000002   PAD
    0x08014e80   0x00000020   Data   RO          717    .constdata          sicslowpan.o
    0x08014ea0   0x00000010   Data   RO         1314    .constdata          nullsec.o
    0x08014eb0   0x00000154   Data   RO         6364    .constdata          spirit_radio.o
    0x08015004   0x00000008   Data   RO         6886    .constdata          spirit_management.o
    0x0801500c   0x00000004   Data   RO         8345    .constdata          rpl-dag.o
    0x08015010   0x00000021   Data   RO         9477    .constdata          system_stm32l1xx.o
    0x08015031   0x00000003   PAD
    0x08015034   0x00000048   Data   RO         9519    .constdata          radio_gpio.o
    0x0801507c   0x00000002   Data   RO         9676    .constdata          radio_shield_config.o
    0x0801507e   0x00000002   PAD
    0x08015080   0x00000020   Data   RO         9845    .constdata          nullrdc.o
    0x080150a0   0x0000001c   Data   RO         9942    .constdata          csma.o
    0x080150bc   0x0000000c   Data   RO        10115    .constdata          framer-802154.o
    0x080150c8   0x00000010   Data   RO        10635    .constdata          unicast-sender.o
    0x080150d8   0x00000008   Data   RO        11481    .constdata          linkaddr.o
    0x080150e0   0x00000007   Data   RO        12167    .constdata          stm32l1xx_nucleo.o
    0x080150e7   0x00000001   PAD
    0x080150e8   0x00000038   Data   RO        13016    .constdata          radio-driver.o
    0x08015120   0x0000000b   Data   RO          718    .conststring        sicslowpan.o
    0x0801512b   0x00000001   PAD
    0x0801512c   0x00000008   Data   RO         1315    .conststring        nullsec.o
    0x08015134   0x0000000d   Data   RO         5404    .conststring        tcpip.o
    0x08015141   0x00000003   PAD
    0x08015144   0x00000013   Data   RO         5780    .conststring        simple-udp.o
    0x08015157   0x00000001   PAD
    0x08015158   0x0000009d   Data   RO         9727    .conststring        servreg-hack.o
    0x080151f5   0x00000003   PAD
    0x080151f8   0x00000008   Data   RO         9846    .conststring        nullrdc.o
    0x08015200   0x00000005   Data   RO         9943    .conststring        csma.o
    0x08015205   0x00000003   PAD
    0x08015208   0x00000055   Data   RO        10636    .conststring        unicast-sender.o
    0x0801525d   0x00000003   PAD
    0x08015260   0x0000000f   Data   RO        11653    .conststring        ctimer.o
    0x0801526f   0x00000001   PAD
    0x08015270   0x0000000c   Data   RO        11904    .conststring        etimer.o
    0x0801527c   0x00000014   Data   RO        13017    .conststring        radio-driver.o
    0x08015290   0x00000020   Data   RO        13550    Region$$Table       anon$$obj.o


    Execution Region RW_IRAM1 (Base: 0x20000000, Size: 0x00004198, Max: 0x00014000, ABSOLUTE, COMPRESSED[0x000001c0])

    Base Addr    Size         Type   Attr      Idx    E Section Name        Object

    0x20000000   0x0000001c   Data   RW           33    .data               uip-ds6.o
    0x2000001c   0x00000058   Data   RW          366    .data               uip-ds6-route.o
    0x20000074   0x00000034   Data   RW          517    .data               uip6.o
    0x200000a8   0x00000028   Data   RW          719    .data               sicslowpan.o
    0x200000d0   0x00000014   Data   RW         1031    .data               uip-ds6-nbr.o
    0x200000e4   0x00000028   Data   RW         1195    .data               uip-icmp6.o
    0x2000010c   0x0000001c   Data   RW         1280    .data               uip-nd6.o
    0x20000128   0x00000004   Data   RW         3589    .data               stm32l1xx_hal.o
    0x2000012c   0x00000018   Data   RW         5405    .data               tcpip.o
    0x20000144   0x00000011   Data   RW         5781    .data               simple-udp.o
    0x20000155   0x00000003   PAD
    0x20000158   0x00000005   Data   RW         6365    .data               spirit_radio.o
    0x2000015d   0x00000003   PAD
    0x20000160   0x00000005   Data   RW         6887    .data               spirit_management.o
    0x20000165   0x00000002   Data   RW         7976    .data               spirit_types.o
    0x20000167   0x00000001   PAD
    0x20000168   0x00000018   Data   RW         8237    .data               rpl-nbr-policy.o
    0x20000180   0x00000018   Data   RW         8346    .data               rpl-dag.o
    0x20000198   0x00000001   Data   RW         8669    .data               rpl.o
    0x20000199   0x00000001   PAD
    0x2000019a   0x00000003   Data   RW         8745    .data               rpl-timers.o
    0x2000019d   0x00000003   PAD
    0x200001a0   0x00000034   Data   RW         8928    .data               rpl-icmp6.o
    0x200001d4   0x00000024   Data   RW         9053    .data               rpl-mrhof.o
    0x200001f8   0x00000004   Data   RW         9478    .data               system_stm32l1xx.o
    0x200001fc   0x00000014   Data   RW         9520    .data               radio_gpio.o
    0x20000210   0x00000004   Data   RW         9605    .data               radio_spi.o
    0x20000214   0x00000004   Data   RW         9677    .data               radio_shield_config.o
    0x20000218   0x00000038   Data   RW         9728    .data               servreg-hack.o
    0x20000250   0x00000034   Data   RW         9944    .data               csma.o
    0x20000284   0x00000002   Data   RW        10116    .data               framer-802154.o
    0x20000286   0x00000002   Data   RW        10316    .data               frame802154.o
    0x20000288   0x00000004   Data   RW        10551    .data               main.o
    0x2000028c   0x00000080   Data   RW        10637    .data               unicast-sender.o
    0x2000030c   0x00000004   Data   RW        10858    .data               stm32l1xx_hal_msp.o
    0x20000310   0x00000018   Data   RW        11157    .data               queuebuf.o
    0x20000328   0x00000014   Data   RW        11284    .data               link-stats.o
    0x2000033c   0x0000000c   Data   RW        11364    .data               packetbuf.o
    0x20000348   0x00000008   Data   RW        11482    .data               linkaddr.o
    0x20000350   0x00000018   Data   RW        11531    .data               nbr-table.o
    0x20000368   0x0000001c   Data   RW        11654    .data               ctimer.o
    0x20000384   0x0000000d   Data   RW        11808    .data               process.o
    0x20000391   0x00000003   PAD
    0x20000394   0x00000018   Data   RW        11905    .data               etimer.o
    0x200003ac   0x00000010   Data   RW        12168    .data               stm32l1xx_nucleo.o
    0x200003bc   0x0000000a   Data   RW        12393    .data               node-id.o
    0x200003c6   0x00000002   PAD
    0x200003c8   0x00000014   Data   RW        12545    .data               rtimer-arch.o
    0x200003dc   0x00000008   Data   RW        12604    .data               clock.o
    0x200003e4   0x00000070   Data   RW        13018    .data               radio-driver.o
    0x20000454   0x00000004   Data   RW        13131    .data               mc_w.l(rand.o)
    0x20000458   0x00000004   Data   RW        13515    .data               mc_w.l(stdout.o)
    0x2000045c   0x00000178   Zero   RW           32    .bss                uip-ds6.o
    0x200005d4   0x000006c0   Zero   RW          365    .bss                uip-ds6-route.o
    0x20000c94   0x00000764   Zero   RW          516    .bss                uip6.o
    0x200013f8   0x000006d0   Zero   RW          716    .bss                sicslowpan.o
    0x20001ac8   0x00000168   Zero   RW         1030    .bss                uip-ds6-nbr.o
    0x20001c30   0x00000010   Zero   RW         1194    .bss                uip-icmp6.o
    0x20001c40   0x00000054   Zero   RW         5403    .bss                tcpip.o
    0x20001c94   0x00000514   Zero   RW         5779    .bss                simple-udp.o
    0x200021a8   0x00000020   Zero   RW         8236    .bss                rpl-nbr-policy.o
    0x200021c8   0x000001f4   Zero   RW         8344    .bss                rpl-dag.o
    0x200023bc   0x00000020   Zero   RW         8744    .bss                rpl-timers.o
    0x200023dc   0x00000058   Zero   RW         9604    .bss                radio_spi.o
    0x20002434   0x00000230   Zero   RW         9726    .bss                servreg-hack.o
    0x20002664   0x00000210   Zero   RW         9941    .bss                csma.o
    0x20002874   0x00000098   Zero   RW        10550    .bss                main.o
    0x2000290c   0x0000011c   Zero   RW        10634    .bss                unicast-sender.o
    0x20002a28   0x00000074   Zero   RW        10774    .bss                cube_hal_l1.o
    0x20002a9c   0x00000388   Zero   RW        10857    .bss                stm32l1xx_hal_msp.o
    0x20002e24   0x00000b60   Zero   RW        11156    .bss                queuebuf.o
    0x20003984   0x00000110   Zero   RW        11283    .bss                link-stats.o
    0x20003a94   0x000000b0   Zero   RW        11363    .bss                packetbuf.o
    0x20003b44   0x0000014c   Zero   RW        11530    .bss                nbr-table.o
    0x20003c90   0x00000060   Zero   RW        11807    .bss                process.o
    0x20003cf0   0x0000000c   Zero   RW        12392    .bss                node-id.o
    0x20003cfc   0x00000038   Zero   RW        12544    .bss                rtimer-arch.o
    0x20003d34   0x00000061   Zero   RW        13015    .bss                radio-driver.o
    0x20003d95   0x00000003   PAD
    0x20003d98   0x00000400   Zero   RW            1    STACK               startup_stm32l152xe.o


==============================================================================

Image component sizes


      Code (inc. data)   RO Data    RW Data    ZI Data      Debug   Object Name

        30          0          0          0          0       1218   autostart.o
        96         22          0          8          0       3647   clock.o
        38          4          0          0          0       1325   console.o
      1724       1068          0          0          0      17775   contiki-st-radio-main.o
      1146        106         33         52        528      15558   csma.o
       512         90         15         28          0       6408   ctimer.o
      1236         70          0          0        116       5103   cube_hal_l1.o
         4          0          0          0          0       1133   energest.o
       588         42         12         24          0       9958   etimer.o
      1106         10          0          2          0       9332   frame802154.o
       536         10         12          2          0       4140   framer-802154.o
       400         48          0         20        272       5971   link-stats.o
        56          6          8          8          0       3639   linkaddr.o
       178          0          0          0          0       6008   list.o
        48          0          0          0          0        837   mac.o
       236         82          0          4        152       6111   main.o
       186          0          0          0          0       4186   memb.o
      1218        104          0         24        332      18118   nbr-table.o
        56         22          0          0          0        608   netstack.o
        76         18          0         10         12       1835   node-id.o
       304         38         40          0          0       6553   nullrdc.o
        50         12         24          0          0       4621   nullsec.o
       614        146          0         12        176      13937   packetbuf.o
       834        110          0         13         96      12328   process.o
       260         34          0         24       2912       6687   queuebuf.o
       164         10          0          0          0       1485   radio-arch.o
      2808        430         76        112         97      14817   radio-driver.o
       356         42         72         20          0       8596   radio_gpio.o
        80         12          2          4          0       1664   radio_shield_config.o
      1448        106          0          4         88       8506   radio_spi.o
        22          0          0          0          0       1272   random.o
      4308         90          4         24        500      49500   rpl-dag.o
      1424         58          0          0          0       6292   rpl-ext-header.o
      3314        126          0         52          0      29244   rpl-icmp6.o
       458          0          0         36          0       7716   rpl-mrhof.o
       524         76          0         24         32      16460   rpl-nbr-policy.o
      1112         72          0          3         32      36403   rpl-timers.o
       698         30          0          1          0       7875   rpl.o
       192         18          0         20         56       5045   rtimer-arch.o
         8          0          0          0          0        582   rtimer.o
         0          0          0          0          0       4040   sensors.o
       950         96        157         56        560      10317   servreg-hack.o
      5632        284         43         40       1744      60450   sicslowpan.o
       412         48         19         17       1300       4535   simple-udp.o
       974         18          0          0          0       3747   spirit_calibration.o
       120          4          0          0          0        709   spirit_commands.o
       136          4          0          0          0       9577   spirit_gpio.o
       716         22          0          0          0       6706   spirit_irq.o
       388         10          0          0          0       1512   spirit_linearfifo.o
       956         86          8          5          0       4879   spirit_management.o
      1256         22          0          0          0       3779   spirit_pktbasic.o
       396         10          0          0          0       1471   spirit_pktcommon.o
       908         22          0          0          0       3514   spirit_qi.o
      5584        324        340          5          0      45107   spirit_radio.o
       416          8          0          0          0       1472   spirit_timer.o
       152          4          0          2          0       2890   spirit_types.o
        36          8        292          0       1024        848   startup_stm32l152xe.o
        48          0          0          0          0       2086   stimer.o
       174         28          0          4          0       5382   stm32l1xx_hal.o
      1252         42          0          0          0       5019   stm32l1xx_hal_adc.o
       366         28          0          0          0      29911   stm32l1xx_hal_cortex.o
       666          8          0          0          0       4586   stm32l1xx_hal_dma.o
         0          0          0          0          0     463424   stm32l1xx_hal_flash_ex.o
       540         46          0          0          0       3828   stm32l1xx_hal_gpio.o
      4754         86          0          0          0      26298   stm32l1xx_hal_i2c.o
      1288        102          0          4        904       7399   stm32l1xx_hal_msp.o
      3696        106          0          0          0       7600   stm32l1xx_hal_rcc.o
        58          6          0          0          0       1863   stm32l1xx_hal_rtc_ex.o
      1626          0          0          0          0       6201   stm32l1xx_hal_spi.o
       136          0          0          0          0       1235   stm32l1xx_hal_spi_ex.o
      1478         24          0          0          0      16346   stm32l1xx_hal_tim.o
        98          0          0          0          0       1296   stm32l1xx_hal_tim_ex.o
      1590          6          0          0          0       4990   stm32l1xx_hal_uart.o
       530         74          0          0          0      14767   stm32l1xx_it.o
       348         60          7         16          0       5031   stm32l1xx_nucleo.o
       100         18         33          4          0       1679   system_stm32l1xx.o
      1182        132         13         24         84      33457   tcpip.o
        66          0          0          0          0       3210   timer.o
         0          0          0          0          0      16390   udp-socket.o
       188         50          0          0          0       1449   uip-debug.o
       332         40          0         20        360      30234   uip-ds6-nbr.o
      1298        148          0         88       1728      21918   uip-ds6-route.o
      1446        132          0         28        376      55358   uip-ds6.o
      1222         94          0         40         16      24074   uip-icmp6.o
       892         46          0         28          0       6647   uip-nd6.o
       142         14          0          0          0       2513   uip-udp-packet.o
      5842        296          0         52       1892      33270   uip6.o
      2470        556        101        128        284      13880   unicast-sender.o
         6          0          0          0          0       1693   watchdog.o

    ----------------------------------------------------------------------
     81426       6224       1364       1108      15676    1381080   Object Totals
         0          0         32          0          0          0   (incl. Generated)
       112          0         21         16          3          0   (incl. Padding)

    ----------------------------------------------------------------------

      Code (inc. data)   RO Data    RW Data    ZI Data      Debug   Library Member Name

       148         12          0          0          0         88   round.o
        86          0          0          0          0          0   __dczerorl2.o
         0          0          0          0          0          0   entry.o
         0          0          0          0          0          0   entry10a.o
         0          0          0          0          0          0   entry11a.o
         8          4          0          0          0          0   entry2.o
         4          0          0          0          0          0   entry5.o
         0          0          0          0          0          0   entry7b.o
         0          0          0          0          0          0   entry8b.o
         8          4          0          0          0          0   entry9a.o
        30          0          0          0          0          0   handlers.o
        36          8          0          0          0         68   init.o
         0          0          0          0          0          0   iusefp.o
        30          0          0          0          0         68   llshl.o
        36          0          0          0          0         68   llsshr.o
        32          0          0          0          0         68   llushr.o
        26          0          0          0          0         80   memcmp.o
        64          0          0          0          0         76   memmovea.o
        36          0          0          0          0        108   memseta.o
      1154         54          0          0          0        352   printf8.o
        36         10          0          4          0        136   rand.o
         0          0          0          4          0          0   stdout.o
        98          0          0          0          0         92   uldiv.o
        48          0          0          0          0         68   cdcmple.o
        48          0          0          0          0         68   cdrcmple.o
        20          0          0          0          0         68   cfcmple.o
        20          0          0          0          0         68   cfrcmple.o
        56          0          0          0          0         88   d2f.o
       334          0          0          0          0        148   dadd.o
       222          0          0          0          0        100   ddiv.o
       186          0          0          0          0        176   depilogue.o
        50          0          0          0          0         76   dfixui.o
        34          0          0          0          0         76   dflti.o
        26          0          0          0          0         76   dfltui.o
       228          0          0          0          0         96   dmul.o
       136          4          0          0          0         92   drnd.o
        38          0          0          0          0         68   f2d.o
       176          0          0          0          0        140   fadd.o
       124          0          0          0          0         88   fdiv.o
       110          0          0          0          0        168   fepilogue.o
        50          0          0          0          0         68   ffixi.o
        40          0          0          0          0         68   ffixui.o
        18          0          0          0          0         68   fflti.o
        10          0          0          0          0         68   ffltui.o
       100          0          0          0          0         76   fmul.o

    ----------------------------------------------------------------------
      3914         96          0          8          0       3216   Library Totals
         8          0          0          0          0          0   (incl. Padding)

    ----------------------------------------------------------------------

      Code (inc. data)   RO Data    RW Data    ZI Data      Debug   Library Name

       148         12          0          0          0         88   m_ws.l
      1684         80          0          8          0       1116   mc_w.l
      2074          4          0          0          0       2012   mf_w.l

    ----------------------------------------------------------------------
      3914         96          0          8          0       3216   Library Totals

    ----------------------------------------------------------------------

==============================================================================


      Code (inc. data)   RO Data    RW Data    ZI Data      Debug   

     85340       6320       1364       1116      15676    1349324   Grand Totals
     85340       6320       1364        448      15676    1349324   ELF Image Totals (compressed)
     85340       6320       1364        448          0          0   ROM Totals

==============================================================================

    Total RO  Size (Code + RO Data)                86704 (  84.67kB)
    Total RW  Size (RW Data + ZI Data)             16792 (  16.40kB)
    Total ROM Size (Code + RO Data + RW Data)      87152 (  85.11kB)

==============================================================================

