<html>
<body>
<pre>
<h1>µVision Build Log</h1>
<h2>Tool Versions:</h2>
IDE-Version: £gVision V5.18.0.0
Copyright (C) 2016 ARM Ltd and ARM Germany GmbH. All rights reserved.
License Information: Keil Keil, Keil, LIC=Y2B45-GCVFF-C2EL6-DC2V6-1CVLI-QEJ5B
 
Tool Versions:
Toolchain:       MDK-ARM Professional  Version: 5.18
Toolchain Path:  C:\Keil_v5\ARM\ARMCC\Bin
C Compiler:      Armcc.exe V5.06 update 1 (build 61)
Assembler:       Armasm.exe V5.06 update 1 (build 61)
Linker/Locator:  ArmLink.exe V5.06 update 1 (build 61)
Library Manager: ArmAr.exe V5.06 update 1 (build 61)
Hex Converter:   FromElf.exe V5.06 update 1 (build 61)
CPU DLL:         SARMCM3.DLL V5.18
Dialog DLL:      DCM.DLL V1.13.6.0
Target DLL:      STLink\ST-LINKIII-KEIL_SWO.dll V2.0.18.0
Dialog DLL:      TCM.DLL V1.14.8.0
 
<h2>Project:</h2>
D:\Project\STM\STM_V3.1.0_Sensor\Projects\Multi\Applications\Contiki\Udp-receiver\MDK-ARM\STM32L152RE-Nucleo\Project.uvprojx
Project File Date:  12/14/2018

<h2>Output:</h2>
*** Using Compiler 'V5.06 update 1 (build 61)', folder: 'C:\Keil_v5\ARM\ARMCC\Bin'
Rebuild target 'S2LP_STM32L152RE_Nucleo'
assembling startup_stm32l152xe.s...
compiling uip-ds6.c...
compiling uip6.c...
compiling uip-ds6-route.c...
compiling uip-icmp6.c...
compiling uip-ds6-nbr.c...
compiling uip-nd6.c...
compiling rpl.c...
compiling rpl-timers.c...
compiling sicslowpan.c...
../../../../../../../Middlewares/Third_Party/Contiki/core/net/ipv6/sicslowpan.c(1329): warning:  #186-D: pointless comparison of unsigned integer with zero
    if(uip_len >= 
OMPRESSION_THRESHOLD) {
../../../../../../../Middlewares/Third_Party/Contiki/core/net/ipv6/sicslowpan.c: 1 warning, 0 errors
compiling rpl-nbr-policy.c...
compiling rpl-ns.c...
compiling rpl-mrhof.c...
compiling rpl-icmp6.c...
../../../../../../../Middlewares/Third_Party/Contiki/core/net/rpl/rpl-icmp6.c(650): warning:  #550-D: variable "nbr" was set but never used
    uip_ds6_nbr_t *nbr;
../../../../../../../Middlewares/Third_Party/Contiki/core/net/rpl/rpl-icmp6.c: 1 warning, 0 errors
compiling rpl-dag.c...
compiling rpl-of0.c...
compiling rpl-dag-root.c...
compiling rpl-ext-header.c...
../../../../../../../Middlewares/Third_Party/Contiki/core/net/rpl/rpl-ext-header.c(602): warning:  #546-D: transfer of control bypasses initialization of:
            variable "fixed_size" (declared at line 619)
      switch(*uip_next_hdr) {
      ^
../../../../../../../Middlewares/Third_Party/Contiki/core/net/rpl/rpl-ext-header.c: 1 warning, 0 errors
compiling timer.c...
compiling ctimer.c...
compiling autostart.c...
compiling compower.c...
compiling etimer.c...
compiling energest.c...
compiling procinit.c...
compiling arg.c...
compiling stimer.c...
compiling process.c...
compiling rtimer.c...
compiling list.c...
compiling memb.c...
../../../../../../../Middlewares/Third_Party/Contiki/core/lib/memb.c(100): warning:  #68-D: integer conversion resulted in a change of sign
    return -1;
../../../../../../../Middlewares/Third_Party/Contiki/core/lib/memb.c: 1 warning, 0 errors
compiling random.c...
compiling ccm-star-packetbuf.c...
compiling anti-replay.c...
compiling nullsec.c...
compiling sensors.c...
compiling stm32l1xx_hal_rtc_ex.c...
compiling stm32l1xx_hal_gpio.c...
compiling stm32l1xx_hal_tim_ex.c...
compiling stm32l1xx_hal.c...
compiling stm32l1xx_hal_uart.c...
compiling stm32l1xx_hal_pwr.c...
compiling stm32l1xx_hal_spi_ex.c...
compiling stm32l1xx_hal_usart.c...
compiling stm32l1xx_hal_flash_ex.c...
compiling stm32l1xx_hal_tim.c...
compiling stm32l1xx_hal_spi.c...
compiling stm32l1xx_hal_dma.c...
compiling stm32l1xx_hal_flash.c...
compiling stm32l1xx_hal_rcc.c...
compiling stm32l1xx_hal_pwr_ex.c...
compiling stm32l1xx_hal_cortex.c...
compiling stm32l1xx_hal_rcc_ex.c...
compiling stm32l1xx_hal_rtc.c...
compiling stm32l1xx_hal_adc.c...
compiling stm32l1xx_hal_adc_ex.c...
compiling servreg-hack.c...
compiling system_stm32l1xx.c...
compiling S2LP_Commands.c...
compiling S2LP_Fifo.c...
compiling S2LP_Timer.c...
compiling S2LP_General.c...
compiling S2LP_PktWMbus.c...
compiling S2LP_Gpio.c...
compiling S2LP_PktBasic.c...
compiling S2LP_Types.c...
compiling S2LP_Csma.c...
compiling S2LP_PktStack.c...
compiling S2LP_PacketHandler.c...
compiling S2LP_Qi.c...
compiling radio_spi.c...
compiling S2LP_Radio.c...
compiling radio_timer.c...
../../../../../../../Drivers/BSP/X-NUCLEO-S2868A1/Src/radio_timer.c(69): warning:  #47-D: incompatible redefinition of macro "ABS" (declared at line 145 of "../../../../../../../Middlewares/Third_Party/Contiki/core/sys/cc.h")
  #define ABS(x)  (x>0?x:-x)
../../../../../../../Drivers/BSP/X-NUCLEO-S2868A1/Src/radio_timer.c: 1 warning, 0 errors
compiling radio_eeprom.c...
compiling radio_gpio.c...
compiling uip-debug.c...
compiling uip-udp-packet.c...
compiling uip-split.c...
compiling ip64-addr.c...
compiling resolv.c...
compiling udp-socket.c...
compiling uip-packetqueue.c...
compiling tcp-socket.c...
compiling tcpip.c...
compiling simple-udp.c...
compiling uiplib.c...
compiling uip-nameserver.c...
compiling psock.c...
compiling radio_shield_config.c...
compiling main.c...
compiling unicast-receiver.c...
compiling cube_hal_l1.c...
compiling stm32l1xx_it.c...
compiling stm32l1xx_hal_msp.c...
compiling low-power.c...
compiling frame802154.c...
compiling contikimac.c...
compiling nullmac.c...
compiling nordc.c...
compiling nullrdc-noframer.c...
compiling framer-802154.c...
compiling csma.c...
compiling nullrdc.c...
compiling phase.c...
compiling frame802154e-ie.c...
compiling mac.c...
compiling framer-nullmac.c...
compiling leds.c...
compiling mac-sequence.c...
compiling queuebuf.c...
compiling net-debug.c...
compiling link-stats.c...
compiling netstack.c...
compiling linkaddr.c...
compiling packetbuf.c...
compiling node-id.c...
compiling nbr-table.c...
../../../../../../../Middlewares/Third_Party/Contiki/core/net/nbr-table.c(160): warning:  #111-D: statement is unreachable
   return 0;
../../../../../../../Middlewares/Third_Party/Contiki/core/net/nbr-table.c(179): warning:  #111-D: statement is unreachable
  return 0; 
../../../../../../../Middlewares/Third_Party/Contiki/core/net/nbr-table.c: 2 warnings, 0 errors
compiling console.c...
compiling radio-sensor.c...
compiling radio-arch.c...
compiling watchdog.c...
compiling rtimer-arch.c...
compiling leds-arch.c...
compiling clock.c...
compiling button-sensor.c...
compiling contiki-st-radio-main.c...
compiling radio-driver.c...
compiling stm32l1xx_nucleo.c...
compiling S2LP_Util.c...
linking...
Program Size: Code=80732 RO-data=1376 RW-data=1144 ZI-data=15968  
After Build - User command #1: C:\Keil_v5\\ARM\ARMCC\bin\fromelf.exe --bin --output=udp-receiver_l152.bin S2LP_STM32L152RE_Nucleo\Exe\udp-receiver_l152.axf
"S2LP_STM32L152RE_Nucleo\Exe\udp-receiver_l152.axf" - 0 Error(s), 7 Warning(s).

<h2>Software Packages used:</h2>

Package Vendor: ARM
                http://www.keil.com/pack/ARM.CMSIS.5.0.1.pack
                ARM::CMSIS:CORE:5.0.1
                CMSIS (Cortex Microcontroller Software Interface Standard)
   * Component: CORE Version: 5.0.1

<h2>Collection of Component include folders:</h2>
  D:\Project\STM\STM_V3.1.0_Sensor\Projects\Multi\Applications\Contiki\Udp-receiver\MDK-ARM\STM32L152RE-Nucleo\RTE
  C:\Keil_v5\ARM\PACK\ARM\CMSIS\5.0.1\CMSIS\Include
  C:\Keil_v5\ARM\PACK\Keil\STM32L1xx_DFP\1.2.0\Device\Include

<h2>Collection of Component Files used:</h2>

   * Component: ARM::CMSIS:CORE:5.0.1
Build Time Elapsed:  00:00:55
</pre>
</body>
</html>
